###############################################################################
#
# IAR ELF Linker V7.80.4.12462/W32 for ARM                31/Oct/2018  19:17:27
# Copyright 2007-2017 IAR Systems AB.
#
#    Output file  =  
#        C:\Users\Sergey\Documents\IAR\DevKit-STM32-AX5043\EWARM\Debug\Exe\DevKit-STM32-AX5043.out
#    Map file     =  
#        C:\Users\Sergey\Documents\IAR\DevKit-STM32-AX5043\EWARM\Debug\List\DevKit-STM32-AX5043.map
#    Command line =  
#        C:\Users\Sergey\Documents\IAR\DevKit-STM32-AX5043\EWARM\Debug\Obj\ax5043.o
#        C:\Users\Sergey\Documents\IAR\DevKit-STM32-AX5043\EWARM\Debug\Obj\chksgnlim16.o
#        C:\Users\Sergey\Documents\IAR\DevKit-STM32-AX5043\EWARM\Debug\Obj\chksgnlim32.o
#        C:\Users\Sergey\Documents\IAR\DevKit-STM32-AX5043\EWARM\Debug\Obj\config_united.o
#        C:\Users\Sergey\Documents\IAR\DevKit-STM32-AX5043\EWARM\Debug\Obj\crc16.o
#        C:\Users\Sergey\Documents\IAR\DevKit-STM32-AX5043\EWARM\Debug\Obj\crc16b.o
#        C:\Users\Sergey\Documents\IAR\DevKit-STM32-AX5043\EWARM\Debug\Obj\crc16dnpmsbtable.o
#        C:\Users\Sergey\Documents\IAR\DevKit-STM32-AX5043\EWARM\Debug\Obj\crc16dnptable.o
#        C:\Users\Sergey\Documents\IAR\DevKit-STM32-AX5043\EWARM\Debug\Obj\crc16msb.o
#        C:\Users\Sergey\Documents\IAR\DevKit-STM32-AX5043\EWARM\Debug\Obj\crc16msbtable.o
#        C:\Users\Sergey\Documents\IAR\DevKit-STM32-AX5043\EWARM\Debug\Obj\crc16table.o
#        C:\Users\Sergey\Documents\IAR\DevKit-STM32-AX5043\EWARM\Debug\Obj\crc32.o
#        C:\Users\Sergey\Documents\IAR\DevKit-STM32-AX5043\EWARM\Debug\Obj\crc32b.o
#        C:\Users\Sergey\Documents\IAR\DevKit-STM32-AX5043\EWARM\Debug\Obj\crc32msb.o
#        C:\Users\Sergey\Documents\IAR\DevKit-STM32-AX5043\EWARM\Debug\Obj\crc32msbtable.o
#        C:\Users\Sergey\Documents\IAR\DevKit-STM32-AX5043\EWARM\Debug\Obj\crc32table.o
#        C:\Users\Sergey\Documents\IAR\DevKit-STM32-AX5043\EWARM\Debug\Obj\crc8.o
#        C:\Users\Sergey\Documents\IAR\DevKit-STM32-AX5043\EWARM\Debug\Obj\crc8b.o
#        C:\Users\Sergey\Documents\IAR\DevKit-STM32-AX5043\EWARM\Debug\Obj\crc8ccitt.o
#        C:\Users\Sergey\Documents\IAR\DevKit-STM32-AX5043\EWARM\Debug\Obj\crc8ccittmsbtable.o
#        C:\Users\Sergey\Documents\IAR\DevKit-STM32-AX5043\EWARM\Debug\Obj\crc8ccitttable.o
#        C:\Users\Sergey\Documents\IAR\DevKit-STM32-AX5043\EWARM\Debug\Obj\crc8msb.o
#        C:\Users\Sergey\Documents\IAR\DevKit-STM32-AX5043\EWARM\Debug\Obj\crc8onewire.o
#        C:\Users\Sergey\Documents\IAR\DevKit-STM32-AX5043\EWARM\Debug\Obj\crc8onewiremsbtable.o
#        C:\Users\Sergey\Documents\IAR\DevKit-STM32-AX5043\EWARM\Debug\Obj\crc8onewiretable.o
#        C:\Users\Sergey\Documents\IAR\DevKit-STM32-AX5043\EWARM\Debug\Obj\crcccittmsbtable.o
#        C:\Users\Sergey\Documents\IAR\DevKit-STM32-AX5043\EWARM\Debug\Obj\crcccitttable.o
#        C:\Users\Sergey\Documents\IAR\DevKit-STM32-AX5043\EWARM\Debug\Obj\easyax5043.o
#        C:\Users\Sergey\Documents\IAR\DevKit-STM32-AX5043\EWARM\Debug\Obj\fmemcpy.o
#        C:\Users\Sergey\Documents\IAR\DevKit-STM32-AX5043\EWARM\Debug\Obj\fmemset.o
#        C:\Users\Sergey\Documents\IAR\DevKit-STM32-AX5043\EWARM\Debug\Obj\fonts.o
#        C:\Users\Sergey\Documents\IAR\DevKit-STM32-AX5043\EWARM\Debug\Obj\glcd.o
#        C:\Users\Sergey\Documents\IAR\DevKit-STM32-AX5043\EWARM\Debug\Obj\graydec8.o
#        C:\Users\Sergey\Documents\IAR\DevKit-STM32-AX5043\EWARM\Debug\Obj\grayenc8.o
#        C:\Users\Sergey\Documents\IAR\DevKit-STM32-AX5043\EWARM\Debug\Obj\gui.o
#        C:\Users\Sergey\Documents\IAR\DevKit-STM32-AX5043\EWARM\Debug\Obj\hweight16.o
#        C:\Users\Sergey\Documents\IAR\DevKit-STM32-AX5043\EWARM\Debug\Obj\hweight32.o
#        C:\Users\Sergey\Documents\IAR\DevKit-STM32-AX5043\EWARM\Debug\Obj\hweight8.o
#        C:\Users\Sergey\Documents\IAR\DevKit-STM32-AX5043\EWARM\Debug\Obj\main.o
#        C:\Users\Sergey\Documents\IAR\DevKit-STM32-AX5043\EWARM\Debug\Obj\nbfi.o
#        C:\Users\Sergey\Documents\IAR\DevKit-STM32-AX5043\EWARM\Debug\Obj\nbfi_config.o
#        C:\Users\Sergey\Documents\IAR\DevKit-STM32-AX5043\EWARM\Debug\Obj\nbfi_misc.o
#        C:\Users\Sergey\Documents\IAR\DevKit-STM32-AX5043\EWARM\Debug\Obj\nbfi_phy.o
#        C:\Users\Sergey\Documents\IAR\DevKit-STM32-AX5043\EWARM\Debug\Obj\pn15adv.o
#        C:\Users\Sergey\Documents\IAR\DevKit-STM32-AX5043\EWARM\Debug\Obj\pn15advtable.o
#        C:\Users\Sergey\Documents\IAR\DevKit-STM32-AX5043\EWARM\Debug\Obj\pn15out.o
#        C:\Users\Sergey\Documents\IAR\DevKit-STM32-AX5043\EWARM\Debug\Obj\pn15outtable.o
#        C:\Users\Sergey\Documents\IAR\DevKit-STM32-AX5043\EWARM\Debug\Obj\pn9.o
#        C:\Users\Sergey\Documents\IAR\DevKit-STM32-AX5043\EWARM\Debug\Obj\pn9bit.o
#        C:\Users\Sergey\Documents\IAR\DevKit-STM32-AX5043\EWARM\Debug\Obj\pn9bits.o
#        C:\Users\Sergey\Documents\IAR\DevKit-STM32-AX5043\EWARM\Debug\Obj\pn9buf.o
#        C:\Users\Sergey\Documents\IAR\DevKit-STM32-AX5043\EWARM\Debug\Obj\pn9byte.o
#        C:\Users\Sergey\Documents\IAR\DevKit-STM32-AX5043\EWARM\Debug\Obj\pn9table.o
#        C:\Users\Sergey\Documents\IAR\DevKit-STM32-AX5043\EWARM\Debug\Obj\radio.o
#        C:\Users\Sergey\Documents\IAR\DevKit-STM32-AX5043\EWARM\Debug\Obj\rev8.o
#        C:\Users\Sergey\Documents\IAR\DevKit-STM32-AX5043\EWARM\Debug\Obj\rf.o
#        C:\Users\Sergey\Documents\IAR\DevKit-STM32-AX5043\EWARM\Debug\Obj\sgnlim16.o
#        C:\Users\Sergey\Documents\IAR\DevKit-STM32-AX5043\EWARM\Debug\Obj\sgnlim32.o
#        C:\Users\Sergey\Documents\IAR\DevKit-STM32-AX5043\EWARM\Debug\Obj\signext12.o
#        C:\Users\Sergey\Documents\IAR\DevKit-STM32-AX5043\EWARM\Debug\Obj\signext16.o
#        C:\Users\Sergey\Documents\IAR\DevKit-STM32-AX5043\EWARM\Debug\Obj\signext20.o
#        C:\Users\Sergey\Documents\IAR\DevKit-STM32-AX5043\EWARM\Debug\Obj\signext24.o
#        C:\Users\Sergey\Documents\IAR\DevKit-STM32-AX5043\EWARM\Debug\Obj\slip.o
#        C:\Users\Sergey\Documents\IAR\DevKit-STM32-AX5043\EWARM\Debug\Obj\spi.o
#        C:\Users\Sergey\Documents\IAR\DevKit-STM32-AX5043\EWARM\Debug\Obj\startup_stm32l071xx.o
#        C:\Users\Sergey\Documents\IAR\DevKit-STM32-AX5043\EWARM\Debug\Obj\stlcd.o
#        C:\Users\Sergey\Documents\IAR\DevKit-STM32-AX5043\EWARM\Debug\Obj\stm32l0xx_hal.o
#        C:\Users\Sergey\Documents\IAR\DevKit-STM32-AX5043\EWARM\Debug\Obj\stm32l0xx_hal_cortex.o
#        C:\Users\Sergey\Documents\IAR\DevKit-STM32-AX5043\EWARM\Debug\Obj\stm32l0xx_hal_dma.o
#        C:\Users\Sergey\Documents\IAR\DevKit-STM32-AX5043\EWARM\Debug\Obj\stm32l0xx_hal_flash.o
#        C:\Users\Sergey\Documents\IAR\DevKit-STM32-AX5043\EWARM\Debug\Obj\stm32l0xx_hal_flash_ex.o
#        C:\Users\Sergey\Documents\IAR\DevKit-STM32-AX5043\EWARM\Debug\Obj\stm32l0xx_hal_flash_ramfunc.o
#        C:\Users\Sergey\Documents\IAR\DevKit-STM32-AX5043\EWARM\Debug\Obj\stm32l0xx_hal_gpio.o
#        C:\Users\Sergey\Documents\IAR\DevKit-STM32-AX5043\EWARM\Debug\Obj\stm32l0xx_hal_i2c.o
#        C:\Users\Sergey\Documents\IAR\DevKit-STM32-AX5043\EWARM\Debug\Obj\stm32l0xx_hal_i2c_ex.o
#        C:\Users\Sergey\Documents\IAR\DevKit-STM32-AX5043\EWARM\Debug\Obj\stm32l0xx_hal_lptim.o
#        C:\Users\Sergey\Documents\IAR\DevKit-STM32-AX5043\EWARM\Debug\Obj\stm32l0xx_hal_msp.o
#        C:\Users\Sergey\Documents\IAR\DevKit-STM32-AX5043\EWARM\Debug\Obj\stm32l0xx_hal_pwr.o
#        C:\Users\Sergey\Documents\IAR\DevKit-STM32-AX5043\EWARM\Debug\Obj\stm32l0xx_hal_pwr_ex.o
#        C:\Users\Sergey\Documents\IAR\DevKit-STM32-AX5043\EWARM\Debug\Obj\stm32l0xx_hal_rcc.o
#        C:\Users\Sergey\Documents\IAR\DevKit-STM32-AX5043\EWARM\Debug\Obj\stm32l0xx_hal_rcc_ex.o
#        C:\Users\Sergey\Documents\IAR\DevKit-STM32-AX5043\EWARM\Debug\Obj\stm32l0xx_hal_rtc.o
#        C:\Users\Sergey\Documents\IAR\DevKit-STM32-AX5043\EWARM\Debug\Obj\stm32l0xx_hal_rtc_ex.o
#        C:\Users\Sergey\Documents\IAR\DevKit-STM32-AX5043\EWARM\Debug\Obj\stm32l0xx_hal_spi.o
#        C:\Users\Sergey\Documents\IAR\DevKit-STM32-AX5043\EWARM\Debug\Obj\stm32l0xx_hal_tim.o
#        C:\Users\Sergey\Documents\IAR\DevKit-STM32-AX5043\EWARM\Debug\Obj\stm32l0xx_hal_tim_ex.o
#        C:\Users\Sergey\Documents\IAR\DevKit-STM32-AX5043\EWARM\Debug\Obj\stm32l0xx_it.o
#        C:\Users\Sergey\Documents\IAR\DevKit-STM32-AX5043\EWARM\Debug\Obj\system_stm32l0xx.o
#        C:\Users\Sergey\Documents\IAR\DevKit-STM32-AX5043\EWARM\Debug\Obj\time.o
#        C:\Users\Sergey\Documents\IAR\DevKit-STM32-AX5043\EWARM\Debug\Obj\vsprintf.o
#        C:\Users\Sergey\Documents\IAR\DevKit-STM32-AX5043\EWARM\Debug\Obj\waviotdvk.o
#        C:\Users\Sergey\Documents\IAR\DevKit-STM32-AX5043\EWARM\Debug\Obj\wt0.o
#        C:\Users\Sergey\Documents\IAR\DevKit-STM32-AX5043\EWARM\Debug\Obj\wt01.o
#        C:\Users\Sergey\Documents\IAR\DevKit-STM32-AX5043\EWARM\Debug\Obj\wtimer.o
#        C:\Users\Sergey\Documents\IAR\DevKit-STM32-AX5043\EWARM\Debug\Obj\XTEA.o
#        C:\Users\Sergey\Documents\IAR\DevKit-STM32-AX5043\EWARM\Debug\Obj\zcode.o
#        C:\Users\Sergey\Documents\IAR\DevKit-STM32-AX5043\EWARM\Debug\Obj\zcode_e.o
#        --redirect _Printf=_PrintfFull --redirect _Scanf=_ScanfFull -o
#        C:\Users\Sergey\Documents\IAR\DevKit-STM32-AX5043\EWARM\Debug\Exe\DevKit-STM32-AX5043.out
#        --map
#        C:\Users\Sergey\Documents\IAR\DevKit-STM32-AX5043\EWARM\Debug\List\DevKit-STM32-AX5043.map
#        --config
#        C:\Users\Sergey\Documents\IAR\DevKit-STM32-AX5043\EWARM/stm32l071xx_flash.icf
#        --semihosting --entry __iar_program_start --vfe
#
###############################################################################

*******************************************************************************
*** RUNTIME MODEL ATTRIBUTES
***

CppFlavor                     = *
__Heap_Handler                = DLMalloc
__SystemLibrary               = DLib
__dlib_dynamic_initialization = normal


*******************************************************************************
*** PLACEMENT SUMMARY
***

"A0":  place at 0x08000000 { ro section .intvec };
"P1":  place in [from 0x08000000 to 0x0802ffff] { ro };
"P2":  place in [from 0x20000000 to 0x20004fff] { rw, block CSTACK, block HEAP };
initialize by copy { rw };

  Section             Kind        Address     Size  Object
  -------             ----        -------     ----  ------
"A0":                                         0xc0
  .intvec             ro code  0x08000000     0xc0  startup_stm32l071xx.o [1]
                             - 0x080000c0     0xc0

"P1":                                      0x121b9
  .text               ro code  0x080000c0   0x3978  config_united.o [1]
  .text               ro code  0x08003a38    0x3f0  ax5043.o [1]
  .text               ro code  0x08003e28     0x2a  crc32b.o [1]
  .rodata             const    0x08003e52      0x2  config_united.o [1]
  .text               ro code  0x08003e54    0x53c  radio.o [1]
  .text               ro code  0x08004390     0x18  crc32.o [1]
  .text               ro code  0x080043a8     0x94  stm32l0xx_hal_spi.o [1]
  .text               ro code  0x0800443c    0x4a0  main.o [1]
  .text               ro code  0x080048dc     0xfc  stm32l0xx_hal_lptim.o [1]
  .text               ro code  0x080049d8    0x264  wtimer.o [1]
  .text               ro code  0x08004c3c    0x154  stm32l0xx_hal_cortex.o [1]
  .text               ro code  0x08004d90    0x262  stm32l0xx_hal_gpio.o [1]
  .rodata             const    0x08004ff2      0x2  config_united.o [1]
  .text               ro code  0x08004ff4     0x5c  ABImemcpy.o [5]
  .text               ro code  0x08005050     0xb8  stm32l0xx_hal_flash_ex.o [1]
  .text               ro code  0x08005108   0x144c  nbfi.o [1]
  .text               ro code  0x08006554    0xc14  nbfi_config.o [1]
  .text               ro code  0x08007168     0xe4  stm32l0xx_hal_msp.o [1]
  .text               ro code  0x0800724c     0x20  stm32l0xx_hal.o [1]
  .text               ro code  0x0800726c    0x5a2  glcd.o [1]
  .rodata             const    0x0800780e      0x2  config_united.o [1]
  .text               ro code  0x08007810    0x172  waviotdvk.o [1]
  .rodata             const    0x08007982      0x2  config_united.o [1]
  .text               ro code  0x08007984    0xd98  gui.o [1]
  .text               ro code  0x0800871c     0x14  stm32l0xx_hal_pwr.o [1]
  .text               ro code  0x08008730    0x8a8  stm32l0xx_hal_rcc.o [1]
  .text               ro code  0x08008fd8    0x208  stm32l0xx_hal_rcc_ex.o [1]
  .text               ro code  0x080091e0     0xe0  I32DivModFast.o [5]
  .text               ro code  0x080092c0    0x720  stm32l0xx_hal_rtc.o [1]
  .text               ro code  0x080099e0     0xac  wt0.o [1]
  .text               ro code  0x08009a8c    0x158  stm32l0xx_hal_flash.o [1]
  .text               ro code  0x08009be4    0xb20  nbfi_misc.o [1]
  .text               ro code  0x0800a704    0x678  nbfi_phy.o [1]
  .text               ro code  0x0800ad7c    0x100  XTEA.o [1]
  .text               ro code  0x0800ae7c     0xcc  rand.o [3]
  .text               ro code  0x0800af48    0x364  rf.o [1]
  .text               ro code  0x0800b2ac     0x54  ABImemset.o [5]
  .text               ro code  0x0800b300     0x20  srand.o [3]
  .text               ro code  0x0800b320     0x28  stm32l0xx_hal.o [1]
  .text               ro code  0x0800b348    0x178  stlcd.o [1]
  .text               ro code  0x0800b4c0     0x1a  stm32l0xx_hal.o [1]
  .rodata             const    0x0800b4da      0x2  config_united.o [1]
  .text               ro code  0x0800b4dc     0x26  vsprintf.o [1]
  .rodata             const    0x0800b502      0x2  config_united.o [1]
  .text               ro code  0x0800b504      0xc  stm32l0xx_hal.o [1]
  .text               ro code  0x0800b510      0x2  IntDivZer.o [5]
  .text               ro code  0x0800b512      0x2  stm32l0xx_hal_rtc_ex.o [1]
  .text               ro code  0x0800b514     0x7c  wt01.o [1]
  .text               ro code  0x0800b590   0x16b8  dlmalloc.o [3]
  .text               ro code  0x0800cc48    0x194  zcode.o [1]
  .text               ro code  0x0800cddc      0x2  xtls.o [3]
  .rodata             const    0x0800cdde      0x2  config_united.o [1]
  .text               ro code  0x0800cde0   0x1f1c  easyax5043.o [1]
  .text               ro code  0x0800ecfc     0x7c  spi.o [1]
  .text               ro code  0x0800ed78     0x3c  vsnprint.o [3]
  .text               ro code  0x0800edb4      0xa  abort.o [3]
  .rodata             const    0x0800edbe      0x2  config_united.o [1]
  .text               ro code  0x0800edc0     0x2c  xgetmemchunk.o [3]
  .text               ro code  0x0800edec     0x14  signext24.o [1]
  .text               ro code  0x0800ee00     0x2e  pn9bits.o [1]
  .text               ro code  0x0800ee2e     0x26  pn9byte.o [1]
  .text               ro code  0x0800ee54     0x2c  chksgnlim16.o [1]
  .text               ro code  0x0800ee80     0x34  sgnlim16.o [1]
  .text               ro code  0x0800eeb4     0x3a  pn9buf.o [1]
  .rodata             const    0x0800eeee      0x2  config_united.o [1]
  .text               ro code  0x0800eef0   0x12ca  xprintffull.o [3]
  .rodata             const    0x080101ba      0x2  config_united.o [1]
  .text               ro code  0x080101bc     0x14  exit.o [6]
  .text               ro code  0x080101d0     0x1c  xmbtowc.o [3]
  .text               ro code  0x080101ec     0x14  strchr.o [5]
  .text               ro code  0x08010200     0x10  strlen.o [5]
  .text               ro code  0x08010210     0x18  memchr.o [5]
  .text               ro code  0x08010228      0xa  xmbcurmax.o [3]
  .text               ro code  0x08010232     0x18  xwctomb.o [3]
  .text               ro code  0x0801024a     0x6a  I64DivMod.o [5]
  .text               ro code  0x080102b4     0x32  DblCmpLe.o [4]
  .text               ro code  0x080102e6     0x32  DblCmpGe.o [4]
  .text               ro code  0x08010318     0x80  xdscale.o [4]
  .text               ro code  0x08010398     0x52  DblToI32.o [4]
  .rodata             const    0x080103ea      0x2  config_united.o [1]
  .text               ro code  0x080103ec     0x34  I32ToDbl.o [4]
  .text               ro code  0x08010420    0x1a8  DblAddSub.o [4]
  .text               ro code  0x080105c8    0x184  DblMul.o [4]
  .text               ro code  0x0801074c     0xc2  DblDiv.o [4]
  .rodata             const    0x0801080e      0x2  config_united.o [1]
  .text               ro code  0x08010810     0x68  localeconv.o [3]
  .text               ro code  0x08010878     0x20  div.o [3]
  .text               ro code  0x08010898     0x14  setlocale.o [3]
  .text               ro code  0x080108ac     0x50  xencoding_sb.o [3]
  .text               ro code  0x080108fc      0x2  I64DivZer.o [5]
  .rodata             const    0x080108fe      0x2  config_united.o [1]
  .rodata             const    0x08010900    0x710  fonts.o [1]
  .rodata             const    0x08011010    0x400  crc32table.o [1]
  .rodata             const    0x08011410    0x200  zcode.o [1]
  .rodata             const    0x08011610    0x178  fonts.o [1]
  .rodata             const    0x08011788    0x100  fonts.o [1]
  .text               ro code  0x08011888     0x80  system_stm32l0xx.o [1]
  .rodata             const    0x08011908     0x40  main.o [1]
  .rodata             const    0x08011948     0x40  radio.o [1]
  .text               ro code  0x08011988     0x3c  zero_init3.o [5]
  .text               ro code  0x080119c4     0x3c  packbits_init_single.o [5]
  .rodata             const    0x08011a00     0x34  radio.o [1]
  .rodata             const    0x08011a34     0x34  rf.o [1]
  .text               ro code  0x08011a68     0x2e  stm32l0xx_it.o [1]
  .rodata             const    0x08011a96      0x2  config_united.o [1]
  .text               ro code  0x08011a98     0x10  stm32l0xx_hal.o [1]
  .rodata             const    0x08011aa8     0x28  nbfi.o [1]
  .rodata             const    0x08011ad0     0x28  xprintffull.o [3]
  .text               ro code  0x08011af8     0x28  data_init.o [5]
  .iar.init_table     const    0x08011b20     0x20  - Linker created -
  .rodata             const    0x08011b40     0x20  stlcd.o [1]
  .text               ro code  0x08011b60     0x1c  xsnprout.o [3]
  .text               ro code  0x08011b7c     0x1a  cmain.o [5]
  .text               ro code  0x08011b96      0x4  low_level_init.o [3]
  .text               ro code  0x08011b9a      0x8  exit.o [3]
  .rodata             const    0x08011ba2      0x2  config_united.o [1]
  .text               ro code  0x08011ba4      0xa  cexit.o [5]
  .rodata             const    0x08011bae      0x2  config_united.o [1]
  .rodata             const    0x08011bb0     0x18  gui.o [1]
  .rodata             const    0x08011bc8     0x18  gui.o [1]
  .rodata             const    0x08011be0     0x18  gui.o [1]
  .rodata             const    0x08011bf8     0x18  gui.o [1]
  .rodata             const    0x08011c10     0x18  gui.o [1]
  .rodata             const    0x08011c28     0x14  gui.o [1]
  .rodata             const    0x08011c3c     0x14  gui.o [1]
  .rodata             const    0x08011c50     0x14  gui.o [1]
  .rodata             const    0x08011c64     0x14  gui.o [1]
  .rodata             const    0x08011c78     0x14  gui.o [1]
  .rodata             const    0x08011c8c     0x14  gui.o [1]
  .rodata             const    0x08011ca0     0x14  radio.o [1]
  .rodata             const    0x08011cb4     0x10  fonts.o [1]
  .rodata             const    0x08011cc4     0x10  fonts.o [1]
  .rodata             const    0x08011cd4     0x10  gui.o [1]
  .rodata             const    0x08011ce4     0x10  gui.o [1]
  .rodata             const    0x08011cf4     0x10  gui.o [1]
  .rodata             const    0x08011d04     0x10  gui.o [1]
  .rodata             const    0x08011d14     0x10  gui.o [1]
  .rodata             const    0x08011d24     0x10  gui.o [1]
  .rodata             const    0x08011d34     0x10  gui.o [1]
  .rodata             const    0x08011d44     0x10  gui.o [1]
  .rodata             const    0x08011d54     0x10  gui.o [1]
  .rodata             const    0x08011d64     0x10  gui.o [1]
  .rodata             const    0x08011d74     0x10  gui.o [1]
  .rodata             const    0x08011d84     0x10  nbfi.o [1]
  .rodata             const    0x08011d94     0x10  nbfi.o [1]
  .rodata             const    0x08011da4     0x10  system_stm32l0xx.o [1]
  .text               ro code  0x08011db4     0x10  startup_stm32l071xx.o [1]
  .rodata             const    0x08011dc4      0xc  config_united.o [1]
  .rodata             const    0x08011dd0      0xc  config_united.o [1]
  .rodata             const    0x08011ddc      0xc  config_united.o [1]
  .rodata             const    0x08011de8      0xc  config_united.o [1]
  .rodata             const    0x08011df4      0xc  config_united.o [1]
  .rodata             const    0x08011e00      0xc  config_united.o [1]
  .rodata             const    0x08011e0c      0xc  config_united.o [1]
  .rodata             const    0x08011e18      0xc  config_united.o [1]
  .rodata             const    0x08011e24      0xc  config_united.o [1]
  .rodata             const    0x08011e30      0xc  config_united.o [1]
  .rodata             const    0x08011e3c      0xc  gui.o [1]
  .rodata             const    0x08011e48      0xc  gui.o [1]
  .rodata             const    0x08011e54      0xc  gui.o [1]
  .rodata             const    0x08011e60      0xc  gui.o [1]
  .rodata             const    0x08011e6c      0xc  gui.o [1]
  .rodata             const    0x08011e78      0xc  gui.o [1]
  .rodata             const    0x08011e84      0xc  gui.o [1]
  .rodata             const    0x08011e90      0xc  gui.o [1]
  .rodata             const    0x08011e9c      0xc  gui.o [1]
  .rodata             const    0x08011ea8      0xc  gui.o [1]
  .rodata             const    0x08011eb4      0xc  gui.o [1]
  .rodata             const    0x08011ec0      0xc  gui.o [1]
  .rodata             const    0x08011ecc      0xc  gui.o [1]
  .rodata             const    0x08011ed8      0xc  gui.o [1]
  .rodata             const    0x08011ee4      0xc  gui.o [1]
  .rodata             const    0x08011ef0      0xc  nbfi_config.o [1]
  .rodata             const    0x08011efc      0xc  system_stm32l0xx.o [1]
  .text               ro code  0x08011f08      0xc  cstartup_M.o [5]
  .rodata             const    0x08011f14      0x8  gui.o [1]
  .rodata             const    0x08011f1c      0x8  gui.o [1]
  .rodata             const    0x08011f24      0x8  gui.o [1]
  .rodata             const    0x08011f2c      0x8  gui.o [1]
  .rodata             const    0x08011f34      0x8  gui.o [1]
  .rodata             const    0x08011f3c      0x8  gui.o [1]
  .rodata             const    0x08011f44      0x8  gui.o [1]
  .rodata             const    0x08011f4c      0x8  gui.o [1]
  .rodata             const    0x08011f54      0x8  gui.o [1]
  .rodata             const    0x08011f5c      0x8  gui.o [1]
  .rodata             const    0x08011f64      0x8  gui.o [1]
  .rodata             const    0x08011f6c      0x8  gui.o [1]
  .rodata             const    0x08011f74      0x8  gui.o [1]
  .rodata             const    0x08011f7c      0x8  gui.o [1]
  .rodata             const    0x08011f84      0x8  gui.o [1]
  .rodata             const    0x08011f8c      0x8  gui.o [1]
  .rodata             const    0x08011f94      0x8  gui.o [1]
  .rodata             const    0x08011f9c      0x8  gui.o [1]
  .rodata             const    0x08011fa4      0x8  gui.o [1]
  .rodata             const    0x08011fac      0x8  gui.o [1]
  .rodata             const    0x08011fb4      0x8  gui.o [1]
  .rodata             const    0x08011fbc      0x8  gui.o [1]
  .rodata             const    0x08011fc4      0x8  rf.o [1]
  .rodata             const    0x08011fcc      0x4  config_united.o [1]
  .rodata             const    0x08011fd0      0x4  config_united.o [1]
  .rodata             const    0x08011fd4      0x4  config_united.o [1]
  .rodata             const    0x08011fd8      0x4  config_united.o [1]
  .rodata             const    0x08011fdc      0x4  config_united.o [1]
  .rodata             const    0x08011fe0      0x4  config_united.o [1]
  .rodata             const    0x08011fe4      0x4  config_united.o [1]
  .rodata             const    0x08011fe8      0x4  config_united.o [1]
  .rodata             const    0x08011fec      0x4  config_united.o [1]
  .rodata             const    0x08011ff0      0x4  config_united.o [1]
  .rodata             const    0x08011ff4      0x4  config_united.o [1]
  .rodata             const    0x08011ff8      0x4  config_united.o [1]
  .rodata             const    0x08011ffc      0x4  config_united.o [1]
  .rodata             const    0x08012000      0x4  config_united.o [1]
  .rodata             const    0x08012004      0x4  config_united.o [1]
  .rodata             const    0x08012008      0x4  config_united.o [1]
  .rodata             const    0x0801200c      0x4  config_united.o [1]
  .rodata             const    0x08012010      0x4  config_united.o [1]
  .rodata             const    0x08012014      0x4  config_united.o [1]
  .rodata             const    0x08012018      0x4  config_united.o [1]
  .rodata             const    0x0801201c      0x4  config_united.o [1]
  .rodata             const    0x08012020      0x4  config_united.o [1]
  .rodata             const    0x08012024      0x4  config_united.o [1]
  .rodata             const    0x08012028      0x4  config_united.o [1]
  .rodata             const    0x0801202c      0x4  config_united.o [1]
  .rodata             const    0x08012030      0x4  config_united.o [1]
  .rodata             const    0x08012034      0x4  config_united.o [1]
  .rodata             const    0x08012038      0x4  config_united.o [1]
  .rodata             const    0x0801203c      0x4  config_united.o [1]
  .rodata             const    0x08012040      0x4  config_united.o [1]
  .rodata             const    0x08012044      0x4  config_united.o [1]
  .rodata             const    0x08012048      0x4  config_united.o [1]
  .rodata             const    0x0801204c      0x4  config_united.o [1]
  .rodata             const    0x08012050      0x4  config_united.o [1]
  .rodata             const    0x08012054      0x4  config_united.o [1]
  .rodata             const    0x08012058      0x4  config_united.o [1]
  .rodata             const    0x0801205c      0x4  config_united.o [1]
  .rodata             const    0x08012060      0x4  config_united.o [1]
  .rodata             const    0x08012064      0x4  config_united.o [1]
  .rodata             const    0x08012068      0x4  config_united.o [1]
  .rodata             const    0x0801206c      0x4  config_united.o [1]
  .rodata             const    0x08012070      0x4  config_united.o [1]
  .rodata             const    0x08012074      0x4  config_united.o [1]
  .rodata             const    0x08012078      0x4  config_united.o [1]
  .rodata             const    0x0801207c      0x4  config_united.o [1]
  .rodata             const    0x08012080      0x4  config_united.o [1]
  .rodata             const    0x08012084      0x4  config_united.o [1]
  .rodata             const    0x08012088      0x4  config_united.o [1]
  .rodata             const    0x0801208c      0x4  config_united.o [1]
  .rodata             const    0x08012090      0x4  config_united.o [1]
  .rodata             const    0x08012094      0x4  config_united.o [1]
  .rodata             const    0x08012098      0x4  config_united.o [1]
  .rodata             const    0x0801209c      0x4  config_united.o [1]
  .rodata             const    0x080120a0      0x4  config_united.o [1]
  .rodata             const    0x080120a4      0x4  config_united.o [1]
  .rodata             const    0x080120a8      0x4  config_united.o [1]
  .rodata             const    0x080120ac      0x4  config_united.o [1]
  .rodata             const    0x080120b0      0x4  config_united.o [1]
  .rodata             const    0x080120b4      0x4  config_united.o [1]
  .rodata             const    0x080120b8      0x4  config_united.o [1]
  .rodata             const    0x080120bc      0x4  nbfi.o [1]
  .rodata             const    0x080120c0      0x4  nbfi_config.o [1]
  .rodata             const    0x080120c4      0x4  nbfi_config.o [1]
  .rodata             const    0x080120c8      0x4  nbfi_phy.o [1]
  .rodata             const    0x080120cc      0x4  XTEA.o [1]
  .rodata             const    0x080120d0      0x2  config_united.o [1]
  .rodata             const    0x080120d2      0x2  config_united.o [1]
  .rodata             const    0x080120d4      0x2  config_united.o [1]
  .rodata             const    0x080120d6      0x2  config_united.o [1]
  .rodata             const    0x080120d8      0x2  config_united.o [1]
  .rodata             const    0x080120da      0x2  config_united.o [1]
  .rodata             const    0x080120dc      0x2  config_united.o [1]
  .rodata             const    0x080120de      0x2  config_united.o [1]
  .rodata             const    0x080120e0      0x2  config_united.o [1]
  .rodata             const    0x080120e2      0x2  config_united.o [1]
  .rodata             const    0x080120e4      0x2  config_united.o [1]
  .rodata             const    0x080120e6      0x2  config_united.o [1]
  .rodata             const    0x080120e8      0x2  config_united.o [1]
  .rodata             const    0x080120ea      0x2  config_united.o [1]
  .rodata             const    0x080120ec      0x2  config_united.o [1]
  .rodata             const    0x080120ee      0x2  config_united.o [1]
  .rodata             const    0x080120f0      0x2  config_united.o [1]
  .rodata             const    0x080120f2      0x2  config_united.o [1]
  .rodata             const    0x080120f4      0x2  config_united.o [1]
  .rodata             const    0x080120f6      0x2  gui.o [1]
  .rodata             const    0x080120f8      0x2  gui.o [1]
  .text               ro code  0x080120fa      0x2  startup_stm32l071xx.o [1]
  .text               ro code  0x080120fc      0x2  startup_stm32l071xx.o [1]
  .text               ro code  0x080120fe      0x2  startup_stm32l071xx.o [1]
  .text               ro code  0x08012100      0x2  startup_stm32l071xx.o [1]
  .text               ro code  0x08012102      0x2  startup_stm32l071xx.o [1]
  .text               ro code  0x08012104      0x2  startup_stm32l071xx.o [1]
  .text               ro code  0x08012106      0x2  startup_stm32l071xx.o [1]
  .text               ro code  0x08012108      0x2  startup_stm32l071xx.o [1]
  .text               ro code  0x0801210a      0x2  startup_stm32l071xx.o [1]
  .text               ro code  0x0801210c      0x2  startup_stm32l071xx.o [1]
  .text               ro code  0x0801210e      0x2  startup_stm32l071xx.o [1]
  .text               ro code  0x08012110      0x2  startup_stm32l071xx.o [1]
  .text               ro code  0x08012112      0x2  startup_stm32l071xx.o [1]
  .text               ro code  0x08012114      0x2  startup_stm32l071xx.o [1]
  .text               ro code  0x08012116      0x2  startup_stm32l071xx.o [1]
  .text               ro code  0x08012118      0x2  startup_stm32l071xx.o [1]
  .text               ro code  0x0801211a      0x2  startup_stm32l071xx.o [1]
  .text               ro code  0x0801211c      0x2  startup_stm32l071xx.o [1]
  .text               ro code  0x0801211e      0x2  startup_stm32l071xx.o [1]
  .text               ro code  0x08012120      0x2  startup_stm32l071xx.o [1]
  .text               ro code  0x08012122      0x2  startup_stm32l071xx.o [1]
  .text               ro code  0x08012124      0x2  startup_stm32l071xx.o [1]
  .text               ro code  0x08012126      0x2  startup_stm32l071xx.o [1]
  .text               ro code  0x08012128      0x2  startup_stm32l071xx.o [1]
  .text               ro code  0x0801212a      0x2  startup_stm32l071xx.o [1]
  .rodata             const    0x0801212c      0x1  config_united.o [1]
  .rodata             const    0x0801212d      0x1  config_united.o [1]
  .rodata             const    0x0801212e      0x1  config_united.o [1]
  .rodata             const    0x0801212f      0x1  config_united.o [1]
  .rodata             const    0x08012130      0x1  config_united.o [1]
  .rodata             const    0x08012131      0x1  config_united.o [1]
  .rodata             const    0x08012132      0x1  config_united.o [1]
  .rodata             const    0x08012133      0x1  config_united.o [1]
  .rodata             const    0x08012134      0x1  config_united.o [1]
  .rodata             const    0x08012135      0x1  config_united.o [1]
  .rodata             const    0x08012136      0x1  config_united.o [1]
  .rodata             const    0x08012137      0x1  config_united.o [1]
  .rodata             const    0x08012138      0x1  config_united.o [1]
  .rodata             const    0x08012139      0x1  config_united.o [1]
  .rodata             const    0x0801213a      0x1  config_united.o [1]
  .rodata             const    0x0801213b      0x1  config_united.o [1]
  .rodata             const    0x0801213c      0x1  config_united.o [1]
  .rodata             const    0x0801213d      0x1  config_united.o [1]
  .rodata             const    0x0801213e      0x1  config_united.o [1]
  .rodata             const    0x0801213f      0x1  config_united.o [1]
  .rodata             const    0x08012140      0x1  config_united.o [1]
  .rodata             const    0x08012141      0x1  config_united.o [1]
  .rodata             const    0x08012142      0x1  config_united.o [1]
  .rodata             const    0x08012143      0x1  config_united.o [1]
  .rodata             const    0x08012144      0x1  config_united.o [1]
  .rodata             const    0x08012145      0x1  config_united.o [1]
  .rodata             const    0x08012146      0x1  config_united.o [1]
  .rodata             const    0x08012147      0x1  config_united.o [1]
  .rodata             const    0x08012148      0x1  config_united.o [1]
  .rodata             const    0x08012149      0x1  config_united.o [1]
  .rodata             const    0x0801214a      0x1  config_united.o [1]
  .rodata             const    0x0801214b      0x1  config_united.o [1]
  .rodata             const    0x0801214c      0x1  config_united.o [1]
  .rodata             const    0x0801214d      0x1  config_united.o [1]
  .rodata             const    0x0801214e      0x1  config_united.o [1]
  .rodata             const    0x0801214f      0x1  config_united.o [1]
  .rodata             const    0x08012150      0x1  config_united.o [1]
  .rodata             const    0x08012151      0x1  config_united.o [1]
  .rodata             const    0x08012152      0x1  config_united.o [1]
  .rodata             const    0x08012153      0x1  config_united.o [1]
  .rodata             const    0x08012154      0x1  config_united.o [1]
  .rodata             const    0x08012155      0x1  config_united.o [1]
  .rodata             const    0x08012156      0x1  config_united.o [1]
  .rodata             const    0x08012157      0x1  config_united.o [1]
  .rodata             const    0x08012158      0x1  config_united.o [1]
  .rodata             const    0x08012159      0x1  config_united.o [1]
  .rodata             const    0x0801215a      0x1  config_united.o [1]
  .rodata             const    0x0801215b      0x1  config_united.o [1]
  .rodata             const    0x0801215c      0x1  config_united.o [1]
  .rodata             const    0x0801215d      0x1  config_united.o [1]
  .rodata             const    0x0801215e      0x1  config_united.o [1]
  .rodata             const    0x0801215f      0x1  config_united.o [1]
  .rodata             const    0x08012160      0x1  config_united.o [1]
  .rodata             const    0x08012161      0x1  config_united.o [1]
  .rodata             const    0x08012162      0x1  config_united.o [1]
  .rodata             const    0x08012163      0x1  config_united.o [1]
  .rodata             const    0x08012164      0x1  config_united.o [1]
  .rodata             const    0x08012165      0x1  config_united.o [1]
  .rodata             const    0x08012166      0x1  config_united.o [1]
  .rodata             const    0x08012167      0x1  config_united.o [1]
  .rodata             const    0x08012168      0x1  config_united.o [1]
  .rodata             const    0x08012169      0x1  config_united.o [1]
  .rodata             const    0x0801216a      0x1  config_united.o [1]
  .rodata             const    0x0801216b      0x1  config_united.o [1]
  .rodata             const    0x0801216c      0x1  config_united.o [1]
  .rodata             const    0x0801216d      0x1  config_united.o [1]
  .rodata             const    0x0801216e      0x1  config_united.o [1]
  .rodata             const    0x0801216f      0x1  config_united.o [1]
  .rodata             const    0x08012170      0x1  config_united.o [1]
  .rodata             const    0x08012171      0x1  config_united.o [1]
  .rodata             const    0x08012172      0x1  config_united.o [1]
  .rodata             const    0x08012173      0x1  config_united.o [1]
  .rodata             const    0x08012174      0x1  config_united.o [1]
  .rodata             const    0x08012175      0x1  config_united.o [1]
  .rodata             const    0x08012176      0x1  config_united.o [1]
  .rodata             const    0x08012177      0x1  config_united.o [1]
  .rodata             const    0x08012178      0x1  config_united.o [1]
  .rodata             const    0x08012179      0x1  config_united.o [1]
  .rodata             const    0x0801217a      0x1  config_united.o [1]
  .rodata             const    0x0801217b      0x1  config_united.o [1]
  .rodata             const    0x0801217c      0x1  config_united.o [1]
  .rodata             const    0x0801217d      0x1  config_united.o [1]
  .rodata             const    0x0801217e      0x1  config_united.o [1]
  .rodata             const    0x0801217f      0x1  config_united.o [1]
  .rodata             const    0x08012180      0x1  config_united.o [1]
  .rodata             const    0x08012181      0x1  config_united.o [1]
  .rodata             const    0x08012182      0x1  config_united.o [1]
  .rodata             const    0x08012183      0x1  config_united.o [1]
  .rodata             const    0x08012184      0x1  config_united.o [1]
  .rodata             const    0x08012185      0x1  config_united.o [1]
  .rodata             const    0x08012186      0x1  config_united.o [1]
  .rodata             const    0x08012187      0x1  config_united.o [1]
  .rodata             const    0x08012188      0x1  config_united.o [1]
  .rodata             const    0x08012189      0x1  config_united.o [1]
  .rodata             const    0x0801218a      0x1  config_united.o [1]
  .rodata             const    0x0801218b      0x1  config_united.o [1]
  .rodata             const    0x0801218c      0x1  config_united.o [1]
  .rodata             const    0x0801218d      0x1  config_united.o [1]
  .rodata             const    0x0801218e      0x1  config_united.o [1]
  .rodata             const    0x0801218f      0x1  config_united.o [1]
  .rodata             const    0x08012190      0x1  config_united.o [1]
  .rodata             const    0x08012191      0x1  config_united.o [1]
  .rodata             const    0x08012192      0x1  config_united.o [1]
  .rodata             const    0x08012193      0x1  config_united.o [1]
  .rodata             const    0x08012194      0x1  config_united.o [1]
  .rodata             const    0x08012195      0x1  config_united.o [1]
  .rodata             const    0x08012196      0x1  config_united.o [1]
  .rodata             const    0x08012197      0x1  config_united.o [1]
  .rodata             const    0x08012198      0x1  config_united.o [1]
  .rodata             const    0x08012199      0x1  config_united.o [1]
  .rodata             const    0x0801219a      0x1  config_united.o [1]
  .rodata             const    0x0801219b      0x1  config_united.o [1]
  .rodata             const    0x0801219c      0x1  config_united.o [1]
  .rodata             const    0x0801219d      0x1  config_united.o [1]
  .rodata             const    0x0801219e      0x1  config_united.o [1]
  .rodata             const    0x0801219f      0x1  config_united.o [1]
  .rodata             const    0x080121a0      0x1  config_united.o [1]
  .rodata             const    0x080121a1      0x1  config_united.o [1]
  .rodata             const    0x080121a2      0x1  config_united.o [1]
  .rodata             const    0x080121a3      0x1  config_united.o [1]
  .rodata             const    0x080121a4      0x1  config_united.o [1]
  .rodata             const    0x080121a5      0x1  config_united.o [1]
  .rodata             const    0x080121a6      0x1  config_united.o [1]
  .rodata             const    0x080121a7      0x1  config_united.o [1]
  .rodata             const    0x080121a8      0x1  config_united.o [1]
  .rodata             const    0x080121a9      0x1  config_united.o [1]
  .rodata             const    0x080121aa      0x1  config_united.o [1]
  .rodata             const    0x080121ab      0x1  config_united.o [1]
  .rodata             const    0x080121ac      0x1  config_united.o [1]
  .rodata             const    0x080121ad      0x1  config_united.o [1]
  .rodata             const    0x080121ae      0x1  config_united.o [1]
  .rodata             const    0x080121af      0x1  config_united.o [1]
  .rodata             const    0x080121b0      0x1  config_united.o [1]
  .rodata             const    0x080121b1      0x1  config_united.o [1]
  .rodata             const    0x080121b2      0x1  config_united.o [1]
  .rodata             const    0x080121b3      0x1  config_united.o [1]
  .rodata             const    0x080121b4      0x1  config_united.o [1]
  .rodata             const    0x080121b5      0x1  config_united.o [1]
  .rodata             const    0x080121b6      0x1  config_united.o [1]
  .rodata             const    0x080121b7      0x1  config_united.o [1]
  .rodata             const    0x080121b8      0x1  config_united.o [1]
  .rodata             const    0x080121b9      0x1  config_united.o [1]
  .rodata             const    0x080121ba      0x1  config_united.o [1]
  .rodata             const    0x080121bb      0x1  config_united.o [1]
  .rodata             const    0x080121bc      0x1  config_united.o [1]
  .rodata             const    0x080121bd      0x1  config_united.o [1]
  .rodata             const    0x080121be      0x1  config_united.o [1]
  .rodata             const    0x080121bf      0x1  config_united.o [1]
  .rodata             const    0x080121c0      0x1  config_united.o [1]
  .rodata             const    0x080121c1      0x1  config_united.o [1]
  .rodata             const    0x080121c2      0x1  config_united.o [1]
  .rodata             const    0x080121c3      0x1  config_united.o [1]
  .rodata             const    0x080121c4      0x1  config_united.o [1]
  .rodata             const    0x080121c5      0x1  config_united.o [1]
  .rodata             const    0x080121c6      0x1  config_united.o [1]
  .rodata             const    0x080121c7      0x1  config_united.o [1]
  .rodata             const    0x080121c8      0x1  config_united.o [1]
  .rodata             const    0x080121c9      0x1  config_united.o [1]
  .rodata             const    0x080121ca      0x1  config_united.o [1]
  .rodata             const    0x080121cb      0x1  config_united.o [1]
  .rodata             const    0x080121cc      0x1  config_united.o [1]
  .rodata             const    0x080121cd      0x1  config_united.o [1]
  .rodata             const    0x080121ce      0x0  zero_init3.o [5]
  .rodata             const    0x080121ce      0x0  packbits_init_single.o [5]
  Initializer bytes   const    0x080121ce     0xab  <for P2-1>
                             - 0x08012279  0x121b9

"P2", part 1 of 3:                           0x240
  P2-1                         0x20000000    0x240  <Init block>
    .data             inited   0x20000000      0x4  easyax5043.o [1]
    .data             inited   0x20000004      0x4  easyax5043.o [1]
    .data             inited   0x20000008      0x8  gui.o [1]
    .data             inited   0x20000010     0x54  gui.o [1]
    .data             inited   0x20000064     0x20  nbfi.o [1]
    .data             inited   0x20000084      0x4  nbfi.o [1]
    .data             inited   0x20000088     0x14  nbfi_config.o [1]
    .data             inited   0x2000009c      0x4  nbfi_config.o [1]
    .data             inited   0x200000a0      0x4  nbfi_config.o [1]
    .data             inited   0x200000a4      0x4  rf.o [1]
    .data             inited   0x200000a8      0x4  system_stm32l0xx.o [1]
    .data             inited   0x200000ac      0x4  XTEA.o [1]
    __DLIB_PERTHREAD  inited   0x200000b0     0x8c  rand.o [3]
    __DLIB_PERTHREAD  inited   0x2000013c     0x88  localeconv.o [3]
    __DLIB_PERTHREAD  inited   0x200001c4     0x74  setlocale.o [3]
    .data             inited   0x20000238      0x2  nbfi.o [1]
    .data             inited   0x2000023a      0x2  nbfi.o [1]
    .data             inited   0x2000023c      0x1  config_united.o [1]
    .data             inited   0x2000023d      0x1  nbfi.o [1]
    .data             inited   0x2000023e      0x1  nbfi.o [1]
    .data             inited   0x2000023f      0x1  XTEA.o [1]
                             - 0x20000240    0x240

"P2", part 2 of 3:                          0x2000
  CSTACK                       0x20000240   0x1000  <Block>
    CSTACK            uninit   0x20000240   0x1000  <Block tail>
  HEAP                         0x20001240   0x1000  <Block>
    HEAP              uninit   0x20001240   0x1000  <Block tail>
                             - 0x20002240   0x2000

"P2", part 3 of 3:                           0xde8
  .bss                zero     0x20002240    0x400  stlcd.o [1]
  .bss                zero     0x20002640    0x1d8  dlmalloc.o [3]
  .bss                zero     0x20002818    0x104  easyax5043.o [1]
  .bss                zero     0x2000291c    0x104  easyax5043.o [1]
  .bss                zero     0x20002a20    0x100  nbfi_misc.o [1]
  .bss                zero     0x20002b20     0x80  nbfi_misc.o [1]
  .bss                zero     0x20002ba0     0x58  main.o [1]
  .bss                zero     0x20002bf8     0x58  radio.o [1]
  .bss                zero     0x20002c50     0x34  nbfi_config.o [1]
  .bss                zero     0x20002c84     0x34  nbfi_config.o [1]
  .bss                zero     0x20002cb8     0x30  easyax5043.o [1]
  .bss                zero     0x20002ce8     0x30  main.o [1]
  .bss                zero     0x20002d18     0x30  radio.o [1]
  .bss                zero     0x20002d48     0x24  main.o [1]
  .bss                zero     0x20002d6c     0x20  gui.o [1]
  .bss                zero     0x20002d8c     0x20  XTEA.o [1]
  .bss                zero     0x20002dac     0x18  stm32l0xx_hal_flash.o [1]
  .bss                zero     0x20002dc4     0x18  wtimer.o [1]
  .bss                zero     0x20002ddc     0x18  dlmalloc.o [3]
  .bss                zero     0x20002df4     0x14  easyax5043.o [1]
  .bss                zero     0x20002e08     0x10  easyax5043.o [1]
  .bss                zero     0x20002e18     0x10  easyax5043.o [1]
  .bss                zero     0x20002e28     0x10  easyax5043.o [1]
  .bss                zero     0x20002e38     0x10  easyax5043.o [1]
  .bss                zero     0x20002e48      0xc  config_united.o [1]
  .bss                zero     0x20002e54      0xc  config_united.o [1]
  .bss                zero     0x20002e60      0xc  easyax5043.o [1]
  .bss                zero     0x20002e6c      0xc  nbfi.o [1]
  .bss                zero     0x20002e78      0xc  nbfi.o [1]
  .bss                zero     0x20002e84      0xc  nbfi.o [1]
  .bss                zero     0x20002e90      0xc  nbfi.o [1]
  .bss                zero     0x20002e9c      0xc  nbfi.o [1]
  .bss                zero     0x20002ea8      0x8  easyax5043.o [1]
  .bss                zero     0x20002eb0      0x8  easyax5043.o [1]
  .bss                zero     0x20002eb8      0x8  nbfi.o [1]
  .bss                zero     0x20002ec0      0x8  rf.o [1]
  .bss                zero     0x20002ec8      0x4  ax5043.o [1]
  .bss                zero     0x20002ecc      0x4  ax5043.o [1]
  .bss                zero     0x20002ed0      0x4  ax5043.o [1]
  .bss                zero     0x20002ed4      0x4  ax5043.o [1]
  .bss                zero     0x20002ed8      0x4  ax5043.o [1]
  .bss                zero     0x20002edc      0x4  ax5043.o [1]
  .bss                zero     0x20002ee0      0x4  ax5043.o [1]
  .bss                zero     0x20002ee4      0x4  ax5043.o [1]
  .bss                zero     0x20002ee8      0x4  ax5043.o [1]
  .bss                zero     0x20002eec      0x4  ax5043.o [1]
  .bss                zero     0x20002ef0      0x4  ax5043.o [1]
  .bss                zero     0x20002ef4      0x4  config_united.o [1]
  .bss                zero     0x20002ef8      0x4  config_united.o [1]
  .bss                zero     0x20002efc      0x4  config_united.o [1]
  .bss                zero     0x20002f00      0x4  config_united.o [1]
  .bss                zero     0x20002f04      0x4  config_united.o [1]
  .bss                zero     0x20002f08      0x4  config_united.o [1]
  .bss                zero     0x20002f0c      0x4  config_united.o [1]
  .bss                zero     0x20002f10      0x4  config_united.o [1]
  .bss                zero     0x20002f14      0x4  config_united.o [1]
  .bss                zero     0x20002f18      0x4  config_united.o [1]
  .bss                zero     0x20002f1c      0x4  config_united.o [1]
  .bss                zero     0x20002f20      0x4  easyax5043.o [1]
  .bss                zero     0x20002f24      0x4  easyax5043.o [1]
  .bss                zero     0x20002f28      0x4  easyax5043.o [1]
  .bss                zero     0x20002f2c      0x4  glcd.o [1]
  .bss                zero     0x20002f30      0x4  gui.o [1]
  .bss                zero     0x20002f34      0x4  gui.o [1]
  .bss                zero     0x20002f38      0x4  nbfi.o [1]
  .bss                zero     0x20002f3c      0x4  nbfi.o [1]
  .bss                zero     0x20002f40      0x4  nbfi.o [1]
  .bss                zero     0x20002f44      0x4  nbfi.o [1]
  .bss                zero     0x20002f48      0x4  nbfi.o [1]
  .bss                zero     0x20002f4c      0x4  nbfi.o [1]
  .bss                zero     0x20002f50      0x4  nbfi.o [1]
  .bss                zero     0x20002f54      0x4  nbfi.o [1]
  .bss                zero     0x20002f58      0x4  nbfi.o [1]
  .bss                zero     0x20002f5c      0x4  nbfi.o [1]
  .bss                zero     0x20002f60      0x4  nbfi.o [1]
  .bss                zero     0x20002f64      0x4  nbfi.o [1]
  .bss                zero     0x20002f68      0x4  nbfi.o [1]
  .bss                zero     0x20002f6c      0x4  nbfi.o [1]
  .bss                zero     0x20002f70      0x4  nbfi.o [1]
  .bss                zero     0x20002f74      0x4  nbfi.o [1]
  .bss                zero     0x20002f78      0x4  nbfi_config.o [1]
  .bss                zero     0x20002f7c      0x4  nbfi_misc.o [1]
  .bss                zero     0x20002f80      0x4  nbfi_phy.o [1]
  .bss                zero     0x20002f84      0x4  nbfi_phy.o [1]
  .bss                zero     0x20002f88      0x4  nbfi_phy.o [1]
  .bss                zero     0x20002f8c      0x4  rf.o [1]
  .bss                zero     0x20002f90      0x4  stm32l0xx_hal.o [1]
  .bss                zero     0x20002f94      0x4  wtimer.o [1]
  .bss                zero     0x20002f98      0x4  wtimer.o [1]
  .bss                zero     0x20002f9c      0x4  wtimer.o [1]
  .bss                zero     0x20002fa0      0x4  wtimer.o [1]
  .bss                zero     0x20002fa4      0x4  wtimer.o [1]
  .bss                zero     0x20002fa8      0x4  wtimer.o [1]
  .bss                zero     0x20002fac      0x4  wtimer.o [1]
  .bss                zero     0x20002fb0      0x4  wtimer.o [1]
  .bss                zero     0x20002fb4      0x4  wtimer.o [1]
  .bss                zero     0x20002fb8      0x4  xgetmemchunk.o [3]
  .bss                zero     0x20002fbc      0x2  config_united.o [1]
  .bss                zero     0x20002fbe      0x2  config_united.o [1]
  .bss                zero     0x20002fc0      0x2  config_united.o [1]
  .bss                zero     0x20002fc2      0x2  config_united.o [1]
  .bss                zero     0x20002fc4      0x2  config_united.o [1]
  .bss                zero     0x20002fc6      0x2  config_united.o [1]
  .bss                zero     0x20002fc8      0x2  config_united.o [1]
  .bss                zero     0x20002fca      0x2  easyax5043.o [1]
  .bss                zero     0x20002fcc      0x2  easyax5043.o [1]
  .bss                zero     0x20002fce      0x2  easyax5043.o [1]
  .bss                zero     0x20002fd0      0x2  gui.o [1]
  .bss                zero     0x20002fd2      0x2  nbfi.o [1]
  .bss                zero     0x20002fd4      0x2  nbfi.o [1]
  .bss                zero     0x20002fd6      0x2  nbfi.o [1]
  .bss                zero     0x20002fd8      0x2  radio.o [1]
  .bss                zero     0x20002fda      0x1  config_united.o [1]
  .bss                zero     0x20002fdb      0x1  config_united.o [1]
  .bss                zero     0x20002fdc      0x1  config_united.o [1]
  .bss                zero     0x20002fdd      0x1  config_united.o [1]
  .bss                zero     0x20002fde      0x1  config_united.o [1]
  .bss                zero     0x20002fdf      0x1  config_united.o [1]
  .bss                zero     0x20002fe0      0x1  config_united.o [1]
  .bss                zero     0x20002fe1      0x1  config_united.o [1]
  .bss                zero     0x20002fe2      0x1  config_united.o [1]
  .bss                zero     0x20002fe3      0x1  config_united.o [1]
  .bss                zero     0x20002fe4      0x1  config_united.o [1]
  .bss                zero     0x20002fe5      0x1  config_united.o [1]
  .bss                zero     0x20002fe6      0x1  config_united.o [1]
  .bss                zero     0x20002fe7      0x1  config_united.o [1]
  .bss                zero     0x20002fe8      0x1  config_united.o [1]
  .bss                zero     0x20002fe9      0x1  config_united.o [1]
  .bss                zero     0x20002fea      0x1  config_united.o [1]
  .bss                zero     0x20002feb      0x1  config_united.o [1]
  .bss                zero     0x20002fec      0x1  config_united.o [1]
  .bss                zero     0x20002fed      0x1  config_united.o [1]
  .bss                zero     0x20002fee      0x1  config_united.o [1]
  .bss                zero     0x20002fef      0x1  config_united.o [1]
  .bss                zero     0x20002ff0      0x1  config_united.o [1]
  .bss                zero     0x20002ff1      0x1  config_united.o [1]
  .bss                zero     0x20002ff2      0x1  config_united.o [1]
  .bss                zero     0x20002ff3      0x1  config_united.o [1]
  .bss                zero     0x20002ff4      0x1  config_united.o [1]
  .bss                zero     0x20002ff5      0x1  config_united.o [1]
  .bss                zero     0x20002ff6      0x1  config_united.o [1]
  .bss                zero     0x20002ff7      0x1  config_united.o [1]
  .bss                zero     0x20002ff8      0x1  config_united.o [1]
  .bss                zero     0x20002ff9      0x1  config_united.o [1]
  .bss                zero     0x20002ffa      0x1  config_united.o [1]
  .bss                zero     0x20002ffb      0x1  easyax5043.o [1]
  .bss                zero     0x20002ffc      0x1  easyax5043.o [1]
  .bss                zero     0x20002ffd      0x1  easyax5043.o [1]
  .bss                zero     0x20002ffe      0x1  easyax5043.o [1]
  .bss                zero     0x20002fff      0x1  easyax5043.o [1]
  .bss                zero     0x20003000      0x1  easyax5043.o [1]
  .bss                zero     0x20003001      0x1  easyax5043.o [1]
  .bss                zero     0x20003002      0x1  gui.o [1]
  .bss                zero     0x20003003      0x1  gui.o [1]
  .bss                zero     0x20003004      0x1  gui.o [1]
  .bss                zero     0x20003005      0x1  gui.o [1]
  .bss                zero     0x20003006      0x1  gui.o [1]
  .bss                zero     0x20003007      0x1  gui.o [1]
  .bss                zero     0x20003008      0x1  gui.o [1]
  .bss                zero     0x20003009      0x1  gui.o [1]
  .bss                zero     0x2000300a      0x1  main.o [1]
  .bss                zero     0x2000300b      0x1  nbfi.o [1]
  .bss                zero     0x2000300c      0x1  nbfi.o [1]
  .bss                zero     0x2000300d      0x1  nbfi.o [1]
  .bss                zero     0x2000300e      0x1  nbfi.o [1]
  .bss                zero     0x2000300f      0x1  nbfi.o [1]
  .bss                zero     0x20003010      0x1  nbfi.o [1]
  .bss                zero     0x20003011      0x1  nbfi.o [1]
  .bss                zero     0x20003012      0x1  nbfi.o [1]
  .bss                zero     0x20003013      0x1  nbfi.o [1]
  .bss                zero     0x20003014      0x1  nbfi_config.o [1]
  .bss                zero     0x20003015      0x1  nbfi_config.o [1]
  .bss                zero     0x20003016      0x1  nbfi_config.o [1]
  .bss                zero     0x20003017      0x1  nbfi_config.o [1]
  .bss                zero     0x20003018      0x1  nbfi_config.o [1]
  .bss                zero     0x20003019      0x1  nbfi_config.o [1]
  .bss                zero     0x2000301a      0x1  nbfi_config.o [1]
  .bss                zero     0x2000301b      0x1  nbfi_misc.o [1]
  .bss                zero     0x2000301c      0x1  nbfi_phy.o [1]
  .bss                zero     0x2000301d      0x1  rf.o [1]
  .bss                zero     0x2000301e      0x1  rf.o [1]
  .bss                zero     0x2000301f      0x1  rf.o [1]
  .bss                zero     0x20003020      0x1  rf.o [1]
  .bss                zero     0x20003021      0x1  rf.o [1]
  .bss                zero     0x20003022      0x1  slip.o [1]
  .bss                zero     0x20003023      0x1  waviotdvk.o [1]
  .bss                zero     0x20003024      0x1  waviotdvk.o [1]
  .bss                zero     0x20003025      0x1  waviotdvk.o [1]
  .bss                zero     0x20003026      0x1  waviotdvk.o [1]
  .bss                zero     0x20003027      0x1  waviotdvk.o [1]
                             - 0x20003028    0xde8


*******************************************************************************
*** INIT TABLE
***

          Address     Size
          -------     ----
Zero (__iar_zero_init3)
    1 destination range, total size 0xde8:
          0x20002240  0xde8

Copy/packbits (__iar_packbits_init_single3)
    1 source range, total size 0xab (29% of destination):
          0x080121ce   0xab
    1 destination range, total size 0x240:
          0x20000000  0x240



*******************************************************************************
*** MODULE SUMMARY
***

    Module                    ro code  ro data  rw data
    ------                    -------  -------  -------
C:\Users\Sergey\Documents\IAR\DevKit-STM32-AX5043\EWARM\Debug\Obj: [1]
    XTEA.o                        256        6       37
    ax5043.o                    1 008                44
    chksgnlim16.o                  44
    config_united.o            14 712      593      116
    crc32.o                        24
    crc32b.o                       42
    crc32table.o                         1 024
    easyax5043.o                7 964        2      713
    fonts.o                              2 472
    glcd.o                      1 442                 4
    gui.o                       3 480      803      142
    main.o                      1 184       64      173
    nbfi.o                      5 196       88      189
    nbfi_config.o               3 092       28      143
    nbfi_misc.o                 2 848               389
    nbfi_phy.o                  1 656        4       13
    pn9bits.o                      46
    pn9buf.o                       58
    pn9byte.o                      38
    radio.o                     1 340      136      138
    rf.o                          868       61       21
    sgnlim16.o                     52
    signext24.o                    20
    slip.o                                            1
    spi.o                         124
    startup_stm32l071xx.o         258
    stlcd.o                       376       32    1 024
    stm32l0xx_hal.o               126                 4
    stm32l0xx_hal_cortex.o        340
    stm32l0xx_hal_flash.o         344                24
    stm32l0xx_hal_flash_ex.o      184
    stm32l0xx_hal_gpio.o          610
    stm32l0xx_hal_lptim.o         252
    stm32l0xx_hal_msp.o           228
    stm32l0xx_hal_pwr.o            20
    stm32l0xx_hal_rcc.o         2 216
    stm32l0xx_hal_rcc_ex.o        520
    stm32l0xx_hal_rtc.o         1 824
    stm32l0xx_hal_rtc_ex.o          2
    stm32l0xx_hal_spi.o           148
    stm32l0xx_it.o                 46
    system_stm32l0xx.o            128       30        4
    vsprintf.o                     38
    waviotdvk.o                   370                 5
    wt0.o                         172
    wt01.o                        124
    wtimer.o                      612                60
    zcode.o                       404      512
    ---------------------------------------------------
    Total:                     54 836    5 855    3 244

command line: [2]
    ---------------------------------------------------
    Total:

dl6M_tlf.a: [3]
    abort.o                        10
    div.o                          32
    dlmalloc.o                  5 816               496
    exit.o                          8
    localeconv.o                  104       41      136
    low_level_init.o                4
    rand.o                        204       41      140
    setlocale.o                    20       34      116
    srand.o                        32
    vsnprint.o                     60
    xencoding_sb.o                 80
    xgetmemchunk.o                 44                 4
    xmbcurmax.o                    10
    xmbtowc.o                      28
    xprintffull.o               4 810       40
    xsnprout.o                     28
    xtls.o                          2
    xwctomb.o                      24
    ---------------------------------------------------
    Total:                     11 316      156      892

m6M_tl.a: [4]
    DblAddSub.o                   424
    DblCmpGe.o                     50
    DblCmpLe.o                     50
    DblDiv.o                      194
    DblMul.o                      388
    DblToI32.o                     82
    I32ToDbl.o                     52
    xdscale.o                     128
    ---------------------------------------------------
    Total:                      1 368

rt6M_tl.a: [5]
    ABImemcpy.o                    92
    ABImemset.o                    84
    I32DivModFast.o               224
    I64DivMod.o                   106
    I64DivZer.o                     2
    IntDivZer.o                     2
    cexit.o                        10
    cmain.o                        26
    cstartup_M.o                   12
    data_init.o                    40
    memchr.o                       24
    packbits_init_single.o         60
    strchr.o                       20
    strlen.o                       16
    zero_init3.o                   60
    ---------------------------------------------------
    Total:                        778

shb_l.a: [6]
    exit.o                         20
    ---------------------------------------------------
    Total:                         20

    Linker created                          32    8 192
-------------------------------------------------------
    Grand Total:               68 318    6 043   12 328


*******************************************************************************
*** ENTRY LIST
***

Entry                      Address    Size  Type      Object
-----                      -------    ----  ----      ------
.iar.init_table$$Base   0x08011b20           --   Gb  - Linker created -
.iar.init_table$$Limit  0x08011b40           --   Gb  - Linker created -
?main                   0x08011b7d          Code  Gb  cmain.o [5]
AHBPrescTable           0x08011da4    0x10  Data  Gb  system_stm32l0xx.o [1]
AX5043_power            0x08011a34    0x34  Data  Gb  rf.o [1]
Backlight               0x0800795d    0x26  Code  Gb  waviotdvk.o [1]
CRC16                   0x0800a46d    0xbc  Code  Gb  nbfi_misc.o [1]
CRC32                   0x0800a61d    0x1e  Code  Gb  nbfi_misc.o [1]
CRC8                    0x0800a587    0x2e  Code  Gb  nbfi_misc.o [1]
CRC8byte                0x0800a52d    0x5a  Code  Lc  nbfi_misc.o [1]
CSTACK$$Base            0x20000240           --   Gb  - Linker created -
CSTACK$$Limit           0x20001240           --   Gb  - Linker created -
CntPressSB1             0x20003023     0x1  Data  Lc  waviotdvk.o [1]
CntPressSB2             0x20003024     0x1  Data  Lc  waviotdvk.o [1]
CntPressSB3             0x20003025     0x1  Data  Lc  waviotdvk.o [1]
CompVersion             0x08006a63    0x28  Code  Gb  nbfi_config.o [1]
DELTA                   0x080120cc     0x4  Data  Gb  XTEA.o [1]
DevInfoHandler          0x080084f9   0x100  Code  Gb  gui.o [1]
EXTI0_1_IRQHandler      0x08011a8d     0xa  Code  Gb  stm32l0xx_it.o [1]
Encode                  0x0800ad7d    0x84  Code  Lc  XTEA.o [1]
FLASH_SetErrorCode      0x08009b11    0xcc  Code  Lc  stm32l0xx_hal_flash.o [1]
FLASH_WaitForLastOperation
                        0x08009a8d    0x7e  Code  Gb  stm32l0xx_hal_flash.o [1]
FNT                     0x20002f2c     0x4  Data  Gb  glcd.o [1]
GUI_DrawButtonL         0x0800867d    0x50  Code  Gb  gui.o [1]
GUI_DrawButtonR         0x080086cd    0x50  Code  Gb  gui.o [1]
GUI_Init                0x0800861d     0x8  Code  Gb  gui.o [1]
GUI_Update              0x080085fd    0x1a  Code  Gb  gui.o [1]
GetButton1              0x08007811    0x12  Code  Gb  waviotdvk.o [1]
GetButton2              0x08007823    0x12  Code  Gb  waviotdvk.o [1]
GetButton3              0x08007835    0x12  Code  Gb  waviotdvk.o [1]
GetButtonStateChange    0x08007847    0xf6  Code  Gb  waviotdvk.o [1]
HAL_Delay               0x0800b4c1    0x1a  Code  Wk  stm32l0xx_hal.o [1]
HAL_FLASHEx_DATAEEPROM_Lock
                        0x08005075    0x10  Code  Gb  stm32l0xx_hal_flash_ex.o [1]
HAL_FLASHEx_DATAEEPROM_Program
                        0x08005085    0x6a  Code  Gb  stm32l0xx_hal_flash_ex.o [1]
HAL_FLASHEx_DATAEEPROM_Unlock
                        0x08005051    0x1e  Code  Gb  stm32l0xx_hal_flash_ex.o [1]
HAL_GPIO_EXTI_Callback  0x08004ff1     0x2  Code  Wk  stm32l0xx_hal_gpio.o [1]
HAL_GPIO_EXTI_IRQHandler
                        0x08004fa1    0x20  Code  Gb  stm32l0xx_hal_gpio.o [1]
HAL_GPIO_Init           0x08004d91   0x1dc  Code  Gb  stm32l0xx_hal_gpio.o [1]
HAL_GPIO_ReadPin        0x08004f71    0x1c  Code  Gb  stm32l0xx_hal_gpio.o [1]
HAL_GPIO_WritePin       0x08004f8d    0x14  Code  Gb  stm32l0xx_hal_gpio.o [1]
HAL_GetTick             0x0800b505     0xc  Code  Wk  stm32l0xx_hal.o [1]
HAL_IncTick             0x08011a99    0x10  Code  Wk  stm32l0xx_hal.o [1]
HAL_Init                0x0800724d    0x1c  Code  Gb  stm32l0xx_hal.o [1]
HAL_InitTick            0x0800b321    0x28  Code  Wk  stm32l0xx_hal.o [1]
HAL_LPTIM_Counter_Start
                        0x08004989    0x4c  Code  Gb  stm32l0xx_hal_lptim.o [1]
HAL_LPTIM_Init          0x080048dd    0xa0  Code  Gb  stm32l0xx_hal_lptim.o [1]
HAL_LPTIM_MspInit       0x080071ab    0x1a  Code  Gb  stm32l0xx_hal_msp.o [1]
HAL_MspInit             0x08007169    0x42  Code  Gb  stm32l0xx_hal_msp.o [1]
HAL_NVIC_DisableIRQ     0x08004d31     0xe  Code  Gb  stm32l0xx_hal_cortex.o [1]
HAL_NVIC_EnableIRQ      0x08004d23     0xe  Code  Gb  stm32l0xx_hal_cortex.o [1]
HAL_NVIC_SetPriority    0x08004d0f    0x14  Code  Gb  stm32l0xx_hal_cortex.o [1]
HAL_PWR_EnableBkUpAccess
                        0x0800871d    0x10  Code  Gb  stm32l0xx_hal_pwr.o [1]
HAL_RCCEx_PeriphCLKConfig
                        0x08008fd9   0x1d4  Code  Gb  stm32l0xx_hal_rcc_ex.o [1]
HAL_RCC_ClockConfig     0x08008c85   0x1aa  Code  Gb  stm32l0xx_hal_rcc.o [1]
HAL_RCC_GetHCLKFreq     0x08008f05     0x6  Code  Gb  stm32l0xx_hal_rcc.o [1]
HAL_RCC_GetSysClockFreq
                        0x08008e49    0xbc  Code  Gb  stm32l0xx_hal_rcc.o [1]
HAL_RCC_OscConfig       0x08008731   0x534  Code  Gb  stm32l0xx_hal_rcc.o [1]
HAL_RTCEx_AlarmBEventCallback
                        0x0800b513     0x2  Code  Wk  stm32l0xx_hal_rtc_ex.o [1]
HAL_RTC_AlarmAEventCallback
                        0x0800443d     0x8  Code  Gb  main.o [1]
HAL_RTC_AlarmIRQHandler
                        0x080098c1    0x60  Code  Gb  stm32l0xx_hal_rtc.o [1]
HAL_RTC_GetDate         0x08009629    0x52  Code  Gb  stm32l0xx_hal_rtc.o [1]
HAL_RTC_GetTime         0x080094a5    0x68  Code  Gb  stm32l0xx_hal_rtc.o [1]
HAL_RTC_Init            0x080092c1    0xb8  Code  Gb  stm32l0xx_hal_rtc.o [1]
HAL_RTC_MspInit         0x080071c5    0x2c  Code  Gb  stm32l0xx_hal_msp.o [1]
HAL_RTC_SetAlarm_IT     0x08009689   0x226  Code  Gb  stm32l0xx_hal_rtc.o [1]
HAL_RTC_SetDate         0x08009515   0x114  Code  Gb  stm32l0xx_hal_rtc.o [1]
HAL_RTC_SetTime         0x08009379   0x12c  Code  Gb  stm32l0xx_hal_rtc.o [1]
HAL_RTC_WaitForSynchro  0x08009925    0x34  Code  Gb  stm32l0xx_hal_rtc.o [1]
HAL_SPI_Init            0x080043a9    0x8e  Code  Gb  stm32l0xx_hal_spi.o [1]
HAL_SPI_MspInit         0x080071f1    0x3e  Code  Gb  stm32l0xx_hal_msp.o [1]
HAL_SYSTICK_CLKSourceConfig
                        0x08004d4b    0x22  Code  Gb  stm32l0xx_hal_cortex.o [1]
HAL_SYSTICK_Callback    0x08004445     0x2  Code  Gb  main.o [1]
HAL_SYSTICK_Config      0x08004d3f     0xc  Code  Gb  stm32l0xx_hal_cortex.o [1]
HAL_SYSTICK_IRQHandler  0x08004d6d     0x8  Code  Gb  stm32l0xx_hal_cortex.o [1]
HEAP$$Base              0x20001240           --   Gb  - Linker created -
HEAP$$Limit             0x20002240           --   Gb  - Linker created -
HardFault_Handler       0x08011a6b     0x4  Code  Gb  stm32l0xx_it.o [1]
InfoHandler             0x080081bd    0xcc  Code  Gb  gui.o [1]
InfoHandler::state_i    0x20003009     0x1  Data  Lc  gui.o [1]
LCD_ClearBuffer         0x080075fd    0x18  Code  Gb  glcd.o [1]
LCD_DrawChar            0x08007273   0x2e0  Code  Gb  glcd.o [1]
LCD_DrawRect            0x0800777d    0x7e  Code  Gb  glcd.o [1]
LCD_DrawString          0x08007559    0xa4  Code  Gb  glcd.o [1]
LCD_FillRect            0x08007739    0x44  Code  Gb  glcd.o [1]
LCD_Init                0x08007803     0xc  Code  Gb  glcd.o [1]
LCD_SetFont             0x0800726d     0x6  Code  Gb  glcd.o [1]
LCD_SetPixel            0x08007615   0x11e  Code  Gb  glcd.o [1]
LCD_WriteBuffer         0x080077fb     0x8  Code  Gb  glcd.o [1]
LPTIM1_IRQHandler       0x08003f09    0x1a  Code  Gb  radio.o [1]
LoadInt                 0x0800f57b    0x68  Code  Lc  xprintffull.o [3]
MX_GPIO_Init            0x08004751   0x152  Code  Lc  main.o [1]
MX_LPTIM1_Init          0x08004593    0x44  Code  Lc  main.o [1]
MX_NVIC_Init            0x0800456f    0x24  Code  Lc  main.o [1]
MX_RTC_Init             0x080045d7    0xfe  Code  Lc  main.o [1]
MX_SPI1_Init            0x080046d5    0x64  Code  Lc  main.o [1]
MainHandler             0x08007985    0xb8  Code  Gb  gui.o [1]
MainHandler::state      0x20003003     0x1  Data  Lc  gui.o [1]
MinVoltage              0x20002f40     0x4  Data  Gb  nbfi.o [1]
NBFI_Config_Check_State
                        0x080065ed   0x158  Code  Gb  nbfi_config.o [1]
NBFI_Config_is_high_SNR_for_UP
                        0x08006555    0x98  Code  Lc  nbfi_config.o [1]
NBFI_DL_ADD_RND_LISTEN_TIME
                        0x08011d94    0x10  Data  Gb  nbfi.o [1]
NBFI_DL_DELAY           0x08011aa8    0x28  Data  Gb  nbfi.o [1]
NBFI_DL_LISTEN_TIME     0x08011d84    0x10  Data  Gb  nbfi.o [1]
NBFI_Init               0x0800645d    0xa4  Code  Gb  nbfi.o [1]
NBFI_NOISE_DINAMIC      0x080120bc     0x4  Data  Gb  nbfi.o [1]
NBFI_reg_func           0x08005109    0x78  Code  Gb  nbfi.o [1]
NBFiQuality             0x08008295   0x110  Code  Gb  gui.o [1]
NBFiRxHandler           0x08007c3d    0xde  Code  Gb  gui.o [1]
NBFiStats               0x080083bd   0x106  Code  Gb  gui.o [1]
NBFiTxHandler           0x08007b15   0x10a  Code  Gb  gui.o [1]
NBFiTxHandler::state_n  0x20003005     0x1  Data  Lc  gui.o [1]
NBFiTxHandler::test_pkt
                        0x20000008     0x8  Data  Lc  gui.o [1]
NBFiTxHandler::test_pkt_long
                        0x20000010    0x54  Data  Lc  gui.o [1]
NBFi_AllocateRxPkt      0x08009ccd    0x9a  Code  Gb  nbfi_misc.o [1]
NBFi_AllocateTxPkt      0x08009be5    0xe8  Code  Gb  nbfi_misc.o [1]
NBFi_Calc_Queued_Sys_Packets_With_Type
                        0x08009fb5    0x84  Code  Gb  nbfi_misc.o [1]
NBFi_Check_RX_Packet_Duplicate
                        0x0800a159    0x3c  Code  Gb  nbfi_misc.o [1]
NBFi_Clear_RX_Buffer    0x0800a2a5    0x1e  Code  Gb  nbfi_misc.o [1]
NBFi_Clear_TX_Buffer    0x0800a2c3    0x3e  Code  Gb  nbfi_misc.o [1]
NBFi_Config_Parser      0x08006abd   0x3f2  Code  Gb  nbfi_config.o [1]
NBFi_Config_Rate_Change
                        0x08006765   0x1e2  Code  Lc  nbfi_config.o [1]
NBFi_Config_Return      0x08006ec9    0x3a  Code  Gb  nbfi_config.o [1]
NBFi_Config_Send_Mode   0x080069dd    0x58  Code  Gb  nbfi_config.o [1]
NBFi_Config_Set_Default
                        0x08006f61    0x84  Code  Gb  nbfi_config.o [1]
NBFi_Config_Set_Device_Info
                        0x08007119    0x20  Code  Gb  nbfi_config.o [1]
NBFi_Config_Set_RX_Chan
                        0x080070c5    0x4e  Code  Gb  nbfi_config.o [1]
NBFi_Config_Set_TX_Chan
                        0x08007069    0x4e  Code  Gb  nbfi_config.o [1]
NBFi_Config_Tx_Idle     0x08006fe9    0x1c  Code  Gb  nbfi_config.o [1]
NBFi_Config_Tx_Power_Change
                        0x0800694d    0x90  Code  Gb  nbfi_config.o [1]
NBFi_Configure_IDs      0x08006f0d    0x44  Code  Gb  nbfi_config.o [1]
NBFi_Force_process      0x080063cf    0x10  Code  Lc  nbfi.o [1]
NBFi_GetQueuedTXPkt     0x08009d67   0x108  Code  Gb  nbfi_misc.o [1]
NBFi_GetSentTXPkt_By_Iter
                        0x0800a039    0xc0  Code  Gb  nbfi_misc.o [1]
NBFi_Get_QueuedRXPkt    0x0800a199   0x10c  Code  Gb  nbfi_misc.o [1]
NBFi_Get_RX_ACK_Mask    0x0800a0fd    0x58  Code  Gb  nbfi_misc.o [1]
NBFi_Go_To_Sleep        0x080063ed    0x50  Code  Gb  nbfi.o [1]
NBFi_Go_To_Sleep::old_state
                        0x2000023e     0x1  Data  Lc  nbfi.o [1]
NBFi_Mark_Lost_All_Unacked
                        0x08009f5d    0x50  Code  Gb  nbfi_misc.o [1]
NBFi_Match_ID           0x0800a9fd    0x58  Code  Gb  nbfi_phy.o [1]
NBFi_Packets_To_Send    0x08009ec1    0x94  Code  Gb  nbfi_misc.o [1]
NBFi_ParseReceivedPacket
                        0x080056cd   0x55a  Code  Gb  nbfi.o [1]
NBFi_Phy_To_Bitrate     0x0800a63b    0x68  Code  Gb  nbfi_misc.o [1]
NBFi_ProcessRxPackets   0x08005439   0x27e  Code  Gb  nbfi.o [1]
NBFi_ProcessTasks       0x08005c6d   0x2ea  Code  Lc  nbfi.o [1]
NBFi_RX                 0x0800ac65    0x68  Code  Gb  nbfi_phy.o [1]
NBFi_RX_Controller      0x0800abdd    0x84  Code  Gb  nbfi_phy.o [1]
NBFi_RX_DL_EndHandler   0x08005fef    0x10  Code  Lc  nbfi.o [1]
NBFi_ReadConfig         0x08007005    0x3a  Code  Gb  nbfi_config.o [1]
NBFi_Receive_Timeout_cb
                        0x08006015    0xdc  Code  Lc  nbfi.o [1]
NBFi_Resend_Pkt         0x0800a361   0x10c  Code  Gb  nbfi_misc.o [1]
NBFi_Send               0x08005181   0x27a  Code  Gb  nbfi.o [1]
NBFi_SendHeartBeats     0x080061f9   0x1d6  Code  Lc  nbfi.o [1]
NBFi_SendHeartBeats::hb_timer
                        0x20002fd4     0x2  Data  Lc  nbfi.o [1]
NBFi_SendHeartBeats::osccal_timer
                        0x20002fd6     0x2  Data  Lc  nbfi.o [1]
NBFi_Send_Clear_Cmd     0x0800a301    0x56  Code  Gb  nbfi_misc.o [1]
NBFi_TX                 0x0800aa71   0x162  Code  Gb  nbfi_phy.o [1]
NBFi_TX_Finished        0x08005f91    0x5e  Code  Gb  nbfi.o [1]
NBFi_TX_ProtocolD       0x0800a705   0x2f0  Code  Gb  nbfi_phy.o [1]
NBFi_TX_ProtocolD::parity
                        0x2000301c     0x1  Data  Lc  nbfi_phy.o [1]
NBFi_TxPacket_Free      0x08009e6f    0x48  Code  Gb  nbfi_misc.o [1]
NBFi_Wait_Extra_Handler
                        0x08006109    0x32  Code  Lc  nbfi.o [1]
NBFi_WriteConfig        0x0800703f    0x14  Code  Gb  nbfi_config.o [1]
NBFi_XTEA_OFB           0x0800acd1    0x82  Code  Gb  nbfi_phy.o [1]
NBFi_get_RTC            0x0800618b     0xc  Code  Gb  nbfi.o [1]
NBFi_set_RTC            0x08006197    0x20  Code  Gb  nbfi.o [1]
NBFi_update_RTC         0x08006145    0x46  Code  Lc  nbfi.o [1]
NBFi_update_RTC::old_time_cur
                        0x20002f74     0x4  Data  Lc  nbfi.o [1]
NMI_Handler             0x08011a69     0x2  Code  Gb  stm32l0xx_it.o [1]
NVIC_DisableIRQ         0x08004c4b     0xe  Code  Lc  stm32l0xx_hal_cortex.o [1]
NVIC_EnableIRQ          0x08004c3d     0xe  Code  Lc  stm32l0xx_hal_cortex.o [1]
NVIC_SetPriority        0x08004c59    0x84  Code  Lc  stm32l0xx_hal_cortex.o [1]
PLLMulTable             0x08011efc     0xc  Data  Gb  system_stm32l0xx.o [1]
PSK_BAND                0x20003021     0x1  Data  Gb  rf.o [1]
PendSV_Handler          0x08011a71     0x2  Code  Gb  stm32l0xx_it.o [1]
RADIO_LPTIM_Init        0x08003ec7    0x42  Code  Gb  radio.o [1]
RADIO_SPI_Init          0x08003e55    0x72  Code  Gb  radio.o [1]
RCC_SetFlashLatencyFromMSIRange
                        0x08008f25    0x88  Code  Lc  stm32l0xx_hal_rcc.o [1]
RF_Deinit               0x0800b157    0x80  Code  Gb  rf.o [1]
RF_Init                 0x0800b01f   0x138  Code  Gb  rf.o [1]
RF_SetDstAddress        0x0800b1d7    0x1a  Code  Gb  rf.o [1]
RF_SetFreq              0x0800af8d    0x2c  Code  Gb  rf.o [1]
RF_SetLocalAddress      0x0800b1f1    0x1c  Code  Gb  rf.o [1]
RF_SetModeAndPower      0x0800afb9    0x66  Code  Gb  rf.o [1]
RF_Transmit             0x0800b219    0x52  Code  Gb  rf.o [1]
RSSiHandler             0x08007d35    0xc6  Code  Gb  gui.o [1]
RSSiHandler::current_rssi
                        0x20002fd0     0x2  Data  Lc  gui.o [1]
RSSiHandler::state      0x20003006     0x1  Data  Lc  gui.o [1]
RTC_Bcd2ToByte          0x080099c5    0x1c  Code  Gb  stm32l0xx_hal_rtc.o [1]
RTC_ByteToBcd2          0x080099ad    0x18  Code  Gb  stm32l0xx_hal_rtc.o [1]
RTC_EnterInitMode       0x08009961    0x38  Code  Gb  stm32l0xx_hal_rtc.o [1]
RTC_IRQHandler          0x08011a7f     0xa  Code  Gb  stm32l0xx_it.o [1]
Region$$Table$$Base     0x08011b20           --   Gb  - Linker created -
Region$$Table$$Limit    0x08011b40           --   Gb  - Linker created -
RxRateTable             0x200000a0     0x4  Data  Gb  nbfi_config.o [1]
RxSNRDegradationTable   0x080120c4     0x4  Data  Gb  nbfi_config.o [1]
SPI_Init                0x0800ecfd     0x2  Code  Gb  spi.o [1]
SPI_RX                  0x08003f23    0x6c  Code  Gb  radio.o [1]
SPI_RX_TX               0x08004005    0x6e  Code  Gb  radio.o [1]
SPI_TX                  0x08003f8f    0x76  Code  Gb  radio.o [1]
SPI_Transfer            0x0800ecff    0x74  Code  Gb  spi.o [1]
ST7565_Init             0x0800b3b3    0x86  Code  Gb  stlcd.o [1]
ST7565_InterfaceInit    0x0800b349    0x12  Code  Lc  stlcd.o [1]
ST7565_SetBrightness    0x0800b439    0x18  Code  Gb  stlcd.o [1]
ST7565_WriteBuffer      0x0800b451    0x5e  Code  Gb  stlcd.o [1]
ST7565_WriteCommand     0x0800b35b    0x2c  Code  Lc  stlcd.o [1]
ST7565_WriteData        0x0800b387    0x2c  Code  Lc  stlcd.o [1]
SVC_Handler             0x08011a6f     0x2  Code  Gb  stm32l0xx_it.o [1]
ScheduleTask            0x08004c05    0x32  Code  Gb  wtimer.o [1]
SettingsHandler         0x08007e69   0x30c  Code  Gb  gui.o [1]
[...]
psk5000_axradio_phy_chanfreq
                        0x08012060     0x4  Data  Gb  config_united.o [1]
psk5000_axradio_phy_channelbusy
                        0x08012198     0x1  Data  Gb  config_united.o [1]
psk5000_axradio_phy_chanpllrnginit
                        0x08012191     0x1  Data  Gb  config_united.o [1]
psk5000_axradio_phy_chanvcoiinit
                        0x08012192     0x1  Data  Gb  config_united.o [1]
psk5000_axradio_phy_cs_enabled
                        0x08012199     0x1  Data  Gb  config_united.o [1]
psk5000_axradio_phy_cs_period
                        0x080120da     0x2  Data  Gb  config_united.o [1]
psk5000_axradio_phy_lbt_forcetx
                        0x0801219b     0x1  Data  Gb  config_united.o [1]
psk5000_axradio_phy_lbt_retries
                        0x0801219a     0x1  Data  Gb  config_united.o [1]
psk5000_axradio_phy_maxfreqoffset
                        0x08012068     0x4  Data  Gb  config_united.o [1]
psk5000_axradio_phy_nrchannels
                        0x08012190     0x1  Data  Gb  config_united.o [1]
psk5000_axradio_phy_pn9
                        0x0801218f     0x1  Data  Gb  config_united.o [1]
psk5000_axradio_phy_preamble_appendbits
                        0x0801219e     0x1  Data  Gb  config_united.o [1]
psk5000_axradio_phy_preamble_appendpattern
                        0x0801219f     0x1  Data  Gb  config_united.o [1]
psk5000_axradio_phy_preamble_byte
                        0x0801219c     0x1  Data  Gb  config_united.o [1]
psk5000_axradio_phy_preamble_flags
                        0x0801219d     0x1  Data  Gb  config_united.o [1]
psk5000_axradio_phy_preamble_len
                        0x080120e2     0x2  Data  Gb  config_united.o [1]
psk5000_axradio_phy_preamble_longlen
                        0x080120e0     0x2  Data  Gb  config_united.o [1]
psk5000_axradio_phy_preamble_wor_len
                        0x080120de     0x2  Data  Gb  config_united.o [1]
psk5000_axradio_phy_preamble_wor_longlen
                        0x080120dc     0x2  Data  Gb  config_united.o [1]
psk5000_axradio_phy_rssioffset
                        0x08012196     0x1  Data  Gb  config_united.o [1]
psk5000_axradio_phy_rssireference
                        0x08012197     0x1  Data  Gb  config_united.o [1]
psk5000_axradio_phy_vcocalib
                        0x08012195     0x1  Data  Gb  config_united.o [1]
psk5000_axradio_sync_period
                        0x0801207c     0x4  Data  Gb  config_united.o [1]
psk5000_axradio_sync_slave_initialsyncwindow
                        0x08012088     0x4  Data  Gb  config_united.o [1]
psk5000_axradio_sync_slave_maxperiod
                        0x080120e6     0x2  Data  Gb  config_united.o [1]
psk5000_axradio_sync_slave_nrrx
                        0x080121b0     0x1  Data  Gb  config_united.o [1]
psk5000_axradio_sync_slave_resyncloss
                        0x080121af     0x1  Data  Gb  config_united.o [1]
psk5000_axradio_sync_slave_rxadvance
                        0x08011e0c     0xc  Data  Gb  config_united.o [1]
psk5000_axradio_sync_slave_rxtimeout
                        0x08012090     0x4  Data  Gb  config_united.o [1]
psk5000_axradio_sync_slave_rxwindow
                        0x08011e18     0xc  Data  Gb  config_united.o [1]
psk5000_axradio_sync_slave_syncpause
                        0x0801208c     0x4  Data  Gb  config_united.o [1]
psk5000_axradio_sync_slave_syncwindow
                        0x08012084     0x4  Data  Gb  config_united.o [1]
psk5000_axradio_sync_xoscstartup
                        0x08012080     0x4  Data  Gb  config_united.o [1]
psk5000_axradio_wor_period
                        0x080120e4     0x2  Data  Gb  config_united.o [1]
psk5000_band1_axradio_framing_ack_timeout
                        0x08012074     0x4  Data  Gb  config_united.o [1]
psk5000_band1_axradio_framing_minpayloadlen
                        0x080121ae     0x1  Data  Gb  config_united.o [1]
psk5000_band1_axradio_phy_chanfreq
                        0x08012064     0x4  Data  Gb  config_united.o [1]
psk5000_band1_axradio_phy_chanpllrnginit
                        0x08012193     0x1  Data  Gb  config_united.o [1]
psk5000_band1_axradio_phy_chanvcoiinit
                        0x08012194     0x1  Data  Gb  config_united.o [1]
psk500_axradio_framing_ack_delay
                        0x08012044     0x4  Data  Gb  config_united.o [1]
psk500_axradio_framing_ack_retransmissions
                        0x08012189     0x1  Data  Gb  config_united.o [1]
psk500_axradio_framing_ack_seqnrpos
                        0x0801218a     0x1  Data  Gb  config_united.o [1]
psk500_axradio_framing_ack_timeout
                        0x0801203c     0x4  Data  Gb  config_united.o [1]
psk500_axradio_framing_addrlen
                        0x0801217f     0x1  Data  Gb  config_united.o [1]
psk500_axradio_framing_destaddrpos
                        0x08012180     0x1  Data  Gb  config_united.o [1]
psk500_axradio_framing_enable_sfdcallback
                        0x08012188     0x1  Data  Gb  config_united.o [1]
psk500_axradio_framing_lenmask
                        0x08012184     0x1  Data  Gb  config_united.o [1]
psk500_axradio_framing_lenoffs
                        0x08012183     0x1  Data  Gb  config_united.o [1]
psk500_axradio_framing_lenpos
                        0x08012182     0x1  Data  Gb  config_united.o [1]
psk500_axradio_framing_maclen
                        0x0801217e     0x1  Data  Gb  config_united.o [1]
psk500_axradio_framing_minpayloadlen
                        0x0801218b     0x1  Data  Gb  config_united.o [1]
psk500_axradio_framing_sourceaddrpos
                        0x08012181     0x1  Data  Gb  config_united.o [1]
psk500_axradio_framing_swcrclen
                        0x08012185     0x1  Data  Gb  config_united.o [1]
psk500_axradio_framing_syncflags
                        0x08012187     0x1  Data  Gb  config_united.o [1]
psk500_axradio_framing_synclen
                        0x08012186     0x1  Data  Gb  config_united.o [1]
psk500_axradio_framing_syncword
                        0x08012038     0x4  Data  Gb  config_united.o [1]
psk500_axradio_phy_chanfreq
                        0x0801202c     0x4  Data  Gb  config_united.o [1]
psk500_axradio_phy_channelbusy
                        0x08012176     0x1  Data  Gb  config_united.o [1]
psk500_axradio_phy_chanpllrnginit
                        0x0801216f     0x1  Data  Gb  config_united.o [1]
psk500_axradio_phy_chanvcoiinit
                        0x08012170     0x1  Data  Gb  config_united.o [1]
psk500_axradio_phy_cs_enabled
                        0x08012177     0x1  Data  Gb  config_united.o [1]
psk500_axradio_phy_cs_period
                        0x08011ba2     0x2  Data  Gb  config_united.o [1]
psk500_axradio_phy_lbt_forcetx
                        0x08012179     0x1  Data  Gb  config_united.o [1]
psk500_axradio_phy_lbt_retries
                        0x08012178     0x1  Data  Gb  config_united.o [1]
psk500_axradio_phy_maxfreqoffset
                        0x08012034     0x4  Data  Gb  config_united.o [1]
psk500_axradio_phy_nrchannels
                        0x0801216e     0x1  Data  Gb  config_united.o [1]
psk500_axradio_phy_pn9  0x0801216d     0x1  Data  Gb  config_united.o [1]
psk500_axradio_phy_preamble_appendbits
                        0x0801217c     0x1  Data  Gb  config_united.o [1]
psk500_axradio_phy_preamble_appendpattern
                        0x0801217d     0x1  Data  Gb  config_united.o [1]
psk500_axradio_phy_preamble_byte
                        0x0801217a     0x1  Data  Gb  config_united.o [1]
psk500_axradio_phy_preamble_flags
                        0x0801217b     0x1  Data  Gb  config_united.o [1]
psk500_axradio_phy_preamble_len
                        0x080120d4     0x2  Data  Gb  config_united.o [1]
psk500_axradio_phy_preamble_longlen
                        0x080120d2     0x2  Data  Gb  config_united.o [1]
psk500_axradio_phy_preamble_wor_len
                        0x080120d0     0x2  Data  Gb  config_united.o [1]
psk500_axradio_phy_preamble_wor_longlen
                        0x08011bae     0x2  Data  Gb  config_united.o [1]
psk500_axradio_phy_rssioffset
                        0x08012174     0x1  Data  Gb  config_united.o [1]
psk500_axradio_phy_rssireference
                        0x08012175     0x1  Data  Gb  config_united.o [1]
psk500_axradio_phy_vcocalib
                        0x08012173     0x1  Data  Gb  config_united.o [1]
psk500_axradio_sync_period
                        0x08012048     0x4  Data  Gb  config_united.o [1]
psk500_axradio_sync_slave_initialsyncwindow
                        0x08012054     0x4  Data  Gb  config_united.o [1]
psk500_axradio_sync_slave_maxperiod
                        0x080120d8     0x2  Data  Gb  config_united.o [1]
psk500_axradio_sync_slave_nrrx
                        0x0801218e     0x1  Data  Gb  config_united.o [1]
psk500_axradio_sync_slave_resyncloss
                        0x0801218d     0x1  Data  Gb  config_united.o [1]
psk500_axradio_sync_slave_rxadvance
                        0x08011df4     0xc  Data  Gb  config_united.o [1]
psk500_axradio_sync_slave_rxtimeout
                        0x0801205c     0x4  Data  Gb  config_united.o [1]
psk500_axradio_sync_slave_rxwindow
                        0x08011e00     0xc  Data  Gb  config_united.o [1]
psk500_axradio_sync_slave_syncpause
                        0x08012058     0x4  Data  Gb  config_united.o [1]
psk500_axradio_sync_slave_syncwindow
                        0x08012050     0x4  Data  Gb  config_united.o [1]
psk500_axradio_sync_xoscstartup
                        0x0801204c     0x4  Data  Gb  config_united.o [1]
psk500_axradio_wor_period
                        0x080120d6     0x2  Data  Gb  config_united.o [1]
psk500_band1_axradio_framing_ack_timeout
                        0x08012040     0x4  Data  Gb  config_united.o [1]
psk500_band1_axradio_framing_minpayloadlen
                        0x0801218c     0x1  Data  Gb  config_united.o [1]
psk500_band1_axradio_phy_chanfreq
                        0x08012030     0x4  Data  Gb  config_united.o [1]
psk500_band1_axradio_phy_chanpllrnginit
                        0x08012171     0x1  Data  Gb  config_united.o [1]
psk500_band1_axradio_phy_chanvcoiinit
                        0x08012172     0x1  Data  Gb  config_united.o [1]
radio_read16            0x20000000     0x4  Data  Gb  easyax5043.o [1]
radio_read24            0x20000004     0x4  Data  Gb  easyax5043.o [1]
rand                    0x0800ae7d    0xcc  Code  Gb  rand.o [3]
rf_busy                 0x2000301d     0x1  Data  Gb  rf.o [1]
rf_destination          0x20002f8c     0x4  Data  Gb  rf.o [1]
rf_state                0x2000301f     0x1  Data  Gb  rf.o [1]
rx_complete             0x20003012     0x1  Data  Gb  nbfi.o [1]
rx_freq                 0x20002f88     0x4  Data  Gb  nbfi_phy.o [1]
rx_handler              0x20002f38     0x4  Data  Gb  nbfi.o [1]
segment_holding         0x0800b591    0x1c  Code  Lc  dlmalloc.o [3]
signedlimit16           0x0800ee81    0x34  Code  Gb  sgnlim16.o [1]
signextend24            0x0800eded    0x14  Code  Gb  signext24.o [1]
srand                   0x0800b301    0x20  Code  Gb  srand.o [3]
strlen                  0x08010201    0x10  Code  Gb  strlen.o [5]
sys_alloc               0x0800b985   0x3e8  Code  Lc  dlmalloc.o [3]
textbuf                 0x20002d6c    0x20  Data  Gb  gui.o [1]
tic_1sec                0x2000300a     0x1  Data  Gb  main.o [1]
tmalloc_large           0x0800bd79   0x3ca  Code  Lc  dlmalloc.o [3]
tmalloc_small           0x0800c149   0x230  Code  Lc  dlmalloc.o [3]
transmit                0x2000301e     0x1  Data  Gb  rf.o [1]
tx_freq                 0x20002f84     0x4  Data  Gb  nbfi_phy.o [1]
uart_mode               0x20003022     0x1  Data  Gb  slip.o [1]
unb_axradio_framing_ack_delay
                        0x08011fdc     0x4  Data  Gb  config_united.o [1]
unb_axradio_framing_ack_retransmissions
                        0x08012146     0x1  Data  Gb  config_united.o [1]
unb_axradio_framing_ack_seqnrpos
                        0x08012147     0x1  Data  Gb  config_united.o [1]
unb_axradio_framing_ack_timeout
                        0x08011fd8     0x4  Data  Gb  config_united.o [1]
unb_axradio_framing_addrlen
                        0x0801213c     0x1  Data  Gb  config_united.o [1]
unb_axradio_framing_destaddrpos
                        0x0801213d     0x1  Data  Gb  config_united.o [1]
unb_axradio_framing_enable_sfdcallback
                        0x08012145     0x1  Data  Gb  config_united.o [1]
unb_axradio_framing_lenmask
                        0x08012141     0x1  Data  Gb  config_united.o [1]
unb_axradio_framing_lenoffs
                        0x08012140     0x1  Data  Gb  config_united.o [1]
unb_axradio_framing_lenpos
                        0x0801213f     0x1  Data  Gb  config_united.o [1]
unb_axradio_framing_maclen
                        0x0801213b     0x1  Data  Gb  config_united.o [1]
unb_axradio_framing_minpayloadlen
                        0x08012148     0x1  Data  Gb  config_united.o [1]
unb_axradio_framing_sourceaddrpos
                        0x0801213e     0x1  Data  Gb  config_united.o [1]
unb_axradio_framing_swcrclen
                        0x08012142     0x1  Data  Gb  config_united.o [1]
unb_axradio_framing_syncflags
                        0x08012144     0x1  Data  Gb  config_united.o [1]
unb_axradio_framing_synclen
                        0x08012143     0x1  Data  Gb  config_united.o [1]
unb_axradio_framing_syncword
                        0x08011fd4     0x4  Data  Gb  config_united.o [1]
unb_axradio_phy_chanfreq
                        0x08011fcc     0x4  Data  Gb  config_united.o [1]
unb_axradio_phy_channelbusy
                        0x08012133     0x1  Data  Gb  config_united.o [1]
unb_axradio_phy_chanpllrnginit
                        0x0801212e     0x1  Data  Gb  config_united.o [1]
unb_axradio_phy_chanvcoiinit
                        0x0801212f     0x1  Data  Gb  config_united.o [1]
unb_axradio_phy_cs_enabled
                        0x08012134     0x1  Data  Gb  config_united.o [1]
unb_axradio_phy_cs_period
                        0x08003e52     0x2  Data  Gb  config_united.o [1]
unb_axradio_phy_lbt_forcetx
                        0x08012136     0x1  Data  Gb  config_united.o [1]
unb_axradio_phy_lbt_retries
                        0x08012135     0x1  Data  Gb  config_united.o [1]
unb_axradio_phy_maxfreqoffset
                        0x08011fd0     0x4  Data  Gb  config_united.o [1]
unb_axradio_phy_nrchannels
                        0x0801212d     0x1  Data  Gb  config_united.o [1]
unb_axradio_phy_pn9     0x0801212c     0x1  Data  Gb  config_united.o [1]
unb_axradio_phy_preamble_appendbits
                        0x08012139     0x1  Data  Gb  config_united.o [1]
unb_axradio_phy_preamble_appendpattern
                        0x0801213a     0x1  Data  Gb  config_united.o [1]
unb_axradio_phy_preamble_byte
                        0x08012137     0x1  Data  Gb  config_united.o [1]
unb_axradio_phy_preamble_flags
                        0x08012138     0x1  Data  Gb  config_united.o [1]
unb_axradio_phy_preamble_len
                        0x0800b4da     0x2  Data  Gb  config_united.o [1]
unb_axradio_phy_preamble_longlen
                        0x08007982     0x2  Data  Gb  config_united.o [1]
unb_axradio_phy_preamble_wor_len
                        0x0800780e     0x2  Data  Gb  config_united.o [1]
unb_axradio_phy_preamble_wor_longlen
                        0x08004ff2     0x2  Data  Gb  config_united.o [1]
unb_axradio_phy_rssioffset
                        0x08012131     0x1  Data  Gb  config_united.o [1]
unb_axradio_phy_rssireference
                        0x08012132     0x1  Data  Gb  config_united.o [1]
unb_axradio_phy_vcocalib
                        0x08012130     0x1  Data  Gb  config_united.o [1]
unb_axradio_sync_period
                        0x08011fe0     0x4  Data  Gb  config_united.o [1]
unb_axradio_sync_slave_initialsyncwindow
                        0x08011fec     0x4  Data  Gb  config_united.o [1]
unb_axradio_sync_slave_maxperiod
                        0x0800cdde     0x2  Data  Gb  config_united.o [1]
unb_axradio_sync_slave_nrrx
                        0x0801214a     0x1  Data  Gb  config_united.o [1]
unb_axradio_sync_slave_resyncloss
                        0x08012149     0x1  Data  Gb  config_united.o [1]
unb_axradio_sync_slave_rxadvance
                        0x08011dc4     0xc  Data  Gb  config_united.o [1]
unb_axradio_sync_slave_rxtimeout
                        0x08011ff4     0x4  Data  Gb  config_united.o [1]
unb_axradio_sync_slave_rxwindow
                        0x08011dd0     0xc  Data  Gb  config_united.o [1]
unb_axradio_sync_slave_syncpause
                        0x08011ff0     0x4  Data  Gb  config_united.o [1]
unb_axradio_sync_slave_syncwindow
                        0x08011fe8     0x4  Data  Gb  config_united.o [1]
unb_axradio_sync_xoscstartup
                        0x08011fe4     0x4  Data  Gb  config_united.o [1]
unb_axradio_wor_period  0x0800b502     0x2  Data  Gb  config_united.o [1]
update_timeanchor       0x0800cde1    0x20  Code  Lc  easyax5043.o [1]
uwTick                  0x20002f90     0x4  Data  Gb  stm32l0xx_hal.o [1]
vsnprintf               0x0800ed79    0x3c  Code  Gb  vsnprint.o [3]
wait_Extra              0x20003010     0x1  Data  Gb  nbfi.o [1]
wait_Receive            0x2000300f     0x1  Data  Gb  nbfi.o [1]
wait_RxEnd              0x20003011     0x1  Data  Gb  nbfi.o [1]
wait_for_extra_desc     0x20002e90     0xc  Data  Gb  nbfi.o [1]
wtimer0_addabsolute     0x08009a07    0x1c  Code  Gb  wt0.o [1]
wtimer0_addcore         0x08004b37    0x22  Code  Gb  wtimer.o [1]
wtimer0_addrelative     0x08009a23    0x26  Code  Gb  wt0.o [1]
wtimer0_curtime         0x08009a49    0x18  Code  Gb  wt0.o [1]
wtimer0_remove          0x08009a69    0x24  Code  Gb  wt0.o [1]
wtimer0_removecb_core   0x080099e1    0x26  Code  Gb  wt0.o [1]
wtimer0_schedq          0x08004aa3    0x6c  Code  Gb  wtimer.o [1]
wtimer0_update          0x08004b0f    0x28  Code  Gb  wtimer.o [1]
wtimer_add_callback     0x0800b539    0x14  Code  Gb  wt01.o [1]
wtimer_addcb_core       0x08004a8b    0x18  Code  Gb  wtimer.o [1]
wtimer_cc0_irq          0x08004a2b    0x12  Code  Gb  wtimer.o [1]
wtimer_cc_get           0x08004127     0xc  Code  Gb  radio.o [1]
wtimer_cc_irq_disable   0x0800410b    0x12  Code  Gb  radio.o [1]
wtimer_cc_irq_enable    0x080040f9    0x12  Code  Gb  radio.o [1]
wtimer_cc_set           0x0800411d     0xa  Code  Gb  radio.o [1]
wtimer_check_cc_irq     0x08004171    0x10  Code  Gb  radio.o [1]
wtimer_checkexpired     0x08004b59    0x34  Code  Lc  wtimer.o [1]
wtimer_cnt_get          0x08004139    0x34  Code  Gb  radio.o [1]
wtimer_cnt_get::prev    0x20002fd8     0x2  Data  Lc  radio.o [1]
wtimer_doinit           0x08004a3d    0x44  Code  Lc  wtimer.o [1]
wtimer_idle             0x08004c37     0x6  Code  Gb  wtimer.o [1]
wtimer_init             0x08004a81     0xa  Code  Gb  wtimer.o [1]
wtimer_pending          0x20002f94     0x4  Data  Gb  wtimer.o [1]
wtimer_reg_func         0x080049d9    0x52  Code  Gb  wtimer.o [1]
wtimer_remove           0x0800b515    0x24  Code  Gb  wt01.o [1]
wtimer_remove_callback  0x0800b54d    0x1a  Code  Gb  wt01.o [1]
wtimer_removecb_core    0x0800b567    0x26  Code  Gb  wt01.o [1]
wtimer_runcallbacks     0x08004b8d    0x46  Code  Gb  wtimer.o [1]
wtimer_state            0x20002dc4    0x18  Data  Gb  wtimer.o [1]
xtea_enabled            0x2000023f     0x1  Data  Lc  XTEA.o [1]
you_should_dl_power_step_down
                        0x2000301a     0x1  Data  Gb  nbfi_config.o [1]
you_should_dl_power_step_up
                        0x20003019     0x1  Data  Gb  nbfi_config.o [1]


[1] = C:\Users\Sergey\Documents\IAR\DevKit-STM32-AX5043\EWARM\Debug\Obj
[2] = command line
[3] = dl6M_tlf.a
[4] = m6M_tl.a
[5] = rt6M_tl.a
[6] = shb_l.a

  68 318 bytes of readonly  code memory
   6 043 bytes of readonly  data memory
  12 328 bytes of readwrite data memory

Errors: none
Warnings: none
