###############################################################################
#
# IAR ELF Linker V7.80.4.12462/W32 for ARM                02/Nov/2018  16:12:16
# Copyright 2007-2017 IAR Systems AB.
#
#    Output file  =  
#        C:\Users\Sergey\Documents\IAR\DevKit\EWARM\DevKit-STM32-AX5043\Exe\DevKit-STM32-AX5043.out
#    Map file     =  
#        C:\Users\Sergey\Documents\IAR\DevKit\EWARM\DevKit-STM32-AX5043\List\DevKit-STM32-AX5043.map
#    Command line =  
#        C:\Users\Sergey\Documents\IAR\DevKit\EWARM\DevKit-STM32-AX5043\Obj\ax5043.o
#        C:\Users\Sergey\Documents\IAR\DevKit\EWARM\DevKit-STM32-AX5043\Obj\chksgnlim16.o
#        C:\Users\Sergey\Documents\IAR\DevKit\EWARM\DevKit-STM32-AX5043\Obj\chksgnlim32.o
#        C:\Users\Sergey\Documents\IAR\DevKit\EWARM\DevKit-STM32-AX5043\Obj\config_united.o
#        C:\Users\Sergey\Documents\IAR\DevKit\EWARM\DevKit-STM32-AX5043\Obj\crc16.o
#        C:\Users\Sergey\Documents\IAR\DevKit\EWARM\DevKit-STM32-AX5043\Obj\crc16b.o
#        C:\Users\Sergey\Documents\IAR\DevKit\EWARM\DevKit-STM32-AX5043\Obj\crc16dnpmsbtable.o
#        C:\Users\Sergey\Documents\IAR\DevKit\EWARM\DevKit-STM32-AX5043\Obj\crc16dnptable.o
#        C:\Users\Sergey\Documents\IAR\DevKit\EWARM\DevKit-STM32-AX5043\Obj\crc16msb.o
#        C:\Users\Sergey\Documents\IAR\DevKit\EWARM\DevKit-STM32-AX5043\Obj\crc16msbtable.o
#        C:\Users\Sergey\Documents\IAR\DevKit\EWARM\DevKit-STM32-AX5043\Obj\crc16table.o
#        C:\Users\Sergey\Documents\IAR\DevKit\EWARM\DevKit-STM32-AX5043\Obj\crc32.o
#        C:\Users\Sergey\Documents\IAR\DevKit\EWARM\DevKit-STM32-AX5043\Obj\crc32b.o
#        C:\Users\Sergey\Documents\IAR\DevKit\EWARM\DevKit-STM32-AX5043\Obj\crc32msb.o
#        C:\Users\Sergey\Documents\IAR\DevKit\EWARM\DevKit-STM32-AX5043\Obj\crc32msbtable.o
#        C:\Users\Sergey\Documents\IAR\DevKit\EWARM\DevKit-STM32-AX5043\Obj\crc32table.o
#        C:\Users\Sergey\Documents\IAR\DevKit\EWARM\DevKit-STM32-AX5043\Obj\crc8.o
#        C:\Users\Sergey\Documents\IAR\DevKit\EWARM\DevKit-STM32-AX5043\Obj\crc8b.o
#        C:\Users\Sergey\Documents\IAR\DevKit\EWARM\DevKit-STM32-AX5043\Obj\crc8ccitt.o
#        C:\Users\Sergey\Documents\IAR\DevKit\EWARM\DevKit-STM32-AX5043\Obj\crc8ccittmsbtable.o
#        C:\Users\Sergey\Documents\IAR\DevKit\EWARM\DevKit-STM32-AX5043\Obj\crc8ccitttable.o
#        C:\Users\Sergey\Documents\IAR\DevKit\EWARM\DevKit-STM32-AX5043\Obj\crc8msb.o
#        C:\Users\Sergey\Documents\IAR\DevKit\EWARM\DevKit-STM32-AX5043\Obj\crc8onewire.o
#        C:\Users\Sergey\Documents\IAR\DevKit\EWARM\DevKit-STM32-AX5043\Obj\crc8onewiremsbtable.o
#        C:\Users\Sergey\Documents\IAR\DevKit\EWARM\DevKit-STM32-AX5043\Obj\crc8onewiretable.o
#        C:\Users\Sergey\Documents\IAR\DevKit\EWARM\DevKit-STM32-AX5043\Obj\crcccittmsbtable.o
#        C:\Users\Sergey\Documents\IAR\DevKit\EWARM\DevKit-STM32-AX5043\Obj\crcccitttable.o
#        C:\Users\Sergey\Documents\IAR\DevKit\EWARM\DevKit-STM32-AX5043\Obj\easyax5043.o
#        C:\Users\Sergey\Documents\IAR\DevKit\EWARM\DevKit-STM32-AX5043\Obj\fmemcpy.o
#        C:\Users\Sergey\Documents\IAR\DevKit\EWARM\DevKit-STM32-AX5043\Obj\fmemset.o
#        C:\Users\Sergey\Documents\IAR\DevKit\EWARM\DevKit-STM32-AX5043\Obj\fonts.o
#        C:\Users\Sergey\Documents\IAR\DevKit\EWARM\DevKit-STM32-AX5043\Obj\glcd.o
#        C:\Users\Sergey\Documents\IAR\DevKit\EWARM\DevKit-STM32-AX5043\Obj\graydec8.o
#        C:\Users\Sergey\Documents\IAR\DevKit\EWARM\DevKit-STM32-AX5043\Obj\grayenc8.o
#        C:\Users\Sergey\Documents\IAR\DevKit\EWARM\DevKit-STM32-AX5043\Obj\gui.o
#        C:\Users\Sergey\Documents\IAR\DevKit\EWARM\DevKit-STM32-AX5043\Obj\hweight16.o
#        C:\Users\Sergey\Documents\IAR\DevKit\EWARM\DevKit-STM32-AX5043\Obj\hweight32.o
#        C:\Users\Sergey\Documents\IAR\DevKit\EWARM\DevKit-STM32-AX5043\Obj\hweight8.o
#        C:\Users\Sergey\Documents\IAR\DevKit\EWARM\DevKit-STM32-AX5043\Obj\main.o
#        C:\Users\Sergey\Documents\IAR\DevKit\EWARM\DevKit-STM32-AX5043\Obj\nbfi.o
#        C:\Users\Sergey\Documents\IAR\DevKit\EWARM\DevKit-STM32-AX5043\Obj\nbfi_config.o
#        C:\Users\Sergey\Documents\IAR\DevKit\EWARM\DevKit-STM32-AX5043\Obj\nbfi_misc.o
#        C:\Users\Sergey\Documents\IAR\DevKit\EWARM\DevKit-STM32-AX5043\Obj\nbfi_phy.o
#        C:\Users\Sergey\Documents\IAR\DevKit\EWARM\DevKit-STM32-AX5043\Obj\pn15adv.o
#        C:\Users\Sergey\Documents\IAR\DevKit\EWARM\DevKit-STM32-AX5043\Obj\pn15advtable.o
#        C:\Users\Sergey\Documents\IAR\DevKit\EWARM\DevKit-STM32-AX5043\Obj\pn15out.o
#        C:\Users\Sergey\Documents\IAR\DevKit\EWARM\DevKit-STM32-AX5043\Obj\pn15outtable.o
#        C:\Users\Sergey\Documents\IAR\DevKit\EWARM\DevKit-STM32-AX5043\Obj\pn9.o
#        C:\Users\Sergey\Documents\IAR\DevKit\EWARM\DevKit-STM32-AX5043\Obj\pn9bit.o
#        C:\Users\Sergey\Documents\IAR\DevKit\EWARM\DevKit-STM32-AX5043\Obj\pn9bits.o
#        C:\Users\Sergey\Documents\IAR\DevKit\EWARM\DevKit-STM32-AX5043\Obj\pn9buf.o
#        C:\Users\Sergey\Documents\IAR\DevKit\EWARM\DevKit-STM32-AX5043\Obj\pn9byte.o
#        C:\Users\Sergey\Documents\IAR\DevKit\EWARM\DevKit-STM32-AX5043\Obj\pn9table.o
#        C:\Users\Sergey\Documents\IAR\DevKit\EWARM\DevKit-STM32-AX5043\Obj\radio.o
#        C:\Users\Sergey\Documents\IAR\DevKit\EWARM\DevKit-STM32-AX5043\Obj\rev8.o
#        C:\Users\Sergey\Documents\IAR\DevKit\EWARM\DevKit-STM32-AX5043\Obj\rf.o
#        C:\Users\Sergey\Documents\IAR\DevKit\EWARM\DevKit-STM32-AX5043\Obj\sgnlim16.o
#        C:\Users\Sergey\Documents\IAR\DevKit\EWARM\DevKit-STM32-AX5043\Obj\sgnlim32.o
#        C:\Users\Sergey\Documents\IAR\DevKit\EWARM\DevKit-STM32-AX5043\Obj\signext12.o
#        C:\Users\Sergey\Documents\IAR\DevKit\EWARM\DevKit-STM32-AX5043\Obj\signext16.o
#        C:\Users\Sergey\Documents\IAR\DevKit\EWARM\DevKit-STM32-AX5043\Obj\signext20.o
#        C:\Users\Sergey\Documents\IAR\DevKit\EWARM\DevKit-STM32-AX5043\Obj\signext24.o
#        C:\Users\Sergey\Documents\IAR\DevKit\EWARM\DevKit-STM32-AX5043\Obj\slip.o
#        C:\Users\Sergey\Documents\IAR\DevKit\EWARM\DevKit-STM32-AX5043\Obj\spi.o
#        C:\Users\Sergey\Documents\IAR\DevKit\EWARM\DevKit-STM32-AX5043\Obj\startup_stm32l071xx.o
#        C:\Users\Sergey\Documents\IAR\DevKit\EWARM\DevKit-STM32-AX5043\Obj\stlcd.o
#        C:\Users\Sergey\Documents\IAR\DevKit\EWARM\DevKit-STM32-AX5043\Obj\stm32l0xx_hal.o
#        C:\Users\Sergey\Documents\IAR\DevKit\EWARM\DevKit-STM32-AX5043\Obj\stm32l0xx_hal_cortex.o
#        C:\Users\Sergey\Documents\IAR\DevKit\EWARM\DevKit-STM32-AX5043\Obj\stm32l0xx_hal_dma.o
#        C:\Users\Sergey\Documents\IAR\DevKit\EWARM\DevKit-STM32-AX5043\Obj\stm32l0xx_hal_flash.o
#        C:\Users\Sergey\Documents\IAR\DevKit\EWARM\DevKit-STM32-AX5043\Obj\stm32l0xx_hal_flash_ex.o
#        C:\Users\Sergey\Documents\IAR\DevKit\EWARM\DevKit-STM32-AX5043\Obj\stm32l0xx_hal_flash_ramfunc.o
#        C:\Users\Sergey\Documents\IAR\DevKit\EWARM\DevKit-STM32-AX5043\Obj\stm32l0xx_hal_gpio.o
#        C:\Users\Sergey\Documents\IAR\DevKit\EWARM\DevKit-STM32-AX5043\Obj\stm32l0xx_hal_i2c.o
#        C:\Users\Sergey\Documents\IAR\DevKit\EWARM\DevKit-STM32-AX5043\Obj\stm32l0xx_hal_i2c_ex.o
#        C:\Users\Sergey\Documents\IAR\DevKit\EWARM\DevKit-STM32-AX5043\Obj\stm32l0xx_hal_lptim.o
#        C:\Users\Sergey\Documents\IAR\DevKit\EWARM\DevKit-STM32-AX5043\Obj\stm32l0xx_hal_msp.o
#        C:\Users\Sergey\Documents\IAR\DevKit\EWARM\DevKit-STM32-AX5043\Obj\stm32l0xx_hal_pwr.o
#        C:\Users\Sergey\Documents\IAR\DevKit\EWARM\DevKit-STM32-AX5043\Obj\stm32l0xx_hal_pwr_ex.o
#        C:\Users\Sergey\Documents\IAR\DevKit\EWARM\DevKit-STM32-AX5043\Obj\stm32l0xx_hal_rcc.o
#        C:\Users\Sergey\Documents\IAR\DevKit\EWARM\DevKit-STM32-AX5043\Obj\stm32l0xx_hal_rcc_ex.o
#        C:\Users\Sergey\Documents\IAR\DevKit\EWARM\DevKit-STM32-AX5043\Obj\stm32l0xx_hal_rtc.o
#        C:\Users\Sergey\Documents\IAR\DevKit\EWARM\DevKit-STM32-AX5043\Obj\stm32l0xx_hal_rtc_ex.o
#        C:\Users\Sergey\Documents\IAR\DevKit\EWARM\DevKit-STM32-AX5043\Obj\stm32l0xx_hal_spi.o
#        C:\Users\Sergey\Documents\IAR\DevKit\EWARM\DevKit-STM32-AX5043\Obj\stm32l0xx_hal_tim.o
#        C:\Users\Sergey\Documents\IAR\DevKit\EWARM\DevKit-STM32-AX5043\Obj\stm32l0xx_hal_tim_ex.o
#        C:\Users\Sergey\Documents\IAR\DevKit\EWARM\DevKit-STM32-AX5043\Obj\stm32l0xx_it.o
#        C:\Users\Sergey\Documents\IAR\DevKit\EWARM\DevKit-STM32-AX5043\Obj\system_stm32l0xx.o
#        C:\Users\Sergey\Documents\IAR\DevKit\EWARM\DevKit-STM32-AX5043\Obj\time.o
#        C:\Users\Sergey\Documents\IAR\DevKit\EWARM\DevKit-STM32-AX5043\Obj\vsprintf.o
#        C:\Users\Sergey\Documents\IAR\DevKit\EWARM\DevKit-STM32-AX5043\Obj\waviotdvk.o
#        C:\Users\Sergey\Documents\IAR\DevKit\EWARM\DevKit-STM32-AX5043\Obj\wt0.o
#        C:\Users\Sergey\Documents\IAR\DevKit\EWARM\DevKit-STM32-AX5043\Obj\wt01.o
#        C:\Users\Sergey\Documents\IAR\DevKit\EWARM\DevKit-STM32-AX5043\Obj\wtimer.o
#        C:\Users\Sergey\Documents\IAR\DevKit\EWARM\DevKit-STM32-AX5043\Obj\XTEA.o
#        C:\Users\Sergey\Documents\IAR\DevKit\EWARM\DevKit-STM32-AX5043\Obj\zcode.o
#        C:\Users\Sergey\Documents\IAR\DevKit\EWARM\DevKit-STM32-AX5043\Obj\zcode_e.o
#        --redirect _Printf=_PrintfFull --redirect _Scanf=_ScanfFull -o
#        C:\Users\Sergey\Documents\IAR\DevKit\EWARM\DevKit-STM32-AX5043\Exe\DevKit-STM32-AX5043.out
#        --map
#        C:\Users\Sergey\Documents\IAR\DevKit\EWARM\DevKit-STM32-AX5043\List\DevKit-STM32-AX5043.map
#        --config
#        C:\Users\Sergey\Documents\IAR\DevKit\EWARM/stm32l071xx_flash.icf
#        --semihosting --entry __iar_program_start --vfe
#
###############################################################################

*******************************************************************************
*** RUNTIME MODEL ATTRIBUTES
***

CppFlavor                     = *
__Heap_Handler                = DLMalloc
__SystemLibrary               = DLib
__dlib_dynamic_initialization = normal


*******************************************************************************
*** PLACEMENT SUMMARY
***

"A0":  place at 0x08000000 { ro section .intvec };
"P1":  place in [from 0x08000000 to 0x0802ffff] { ro };
"P2":  place in [from 0x20000000 to 0x20004fff] { rw, block CSTACK, block HEAP };
initialize by copy { rw };

  Section             Kind        Address    Size  Object
  -------             ----        -------    ----  ------
"A0":                                        0xc0
  .intvec             ro code  0x08000000    0xc0  startup_stm32l071xx.o [1]
                             - 0x080000c0    0xc0

"P1":                                      0xe67b
  .text               ro code  0x080000c0  0x280c  config_united.o [1]
  .text               ro code  0x080028cc   0x348  ax5043.o [1]
  .text               ro code  0x08002c14    0x1c  crc32b.o [1]
  .text               ro code  0x08002c30   0x4c8  radio.o [1]
  .text               ro code  0x080030f8    0x14  crc32.o [1]
  .text               ro code  0x0800310c    0x84  stm32l0xx_hal_spi.o [1]
  .text               ro code  0x08003190   0x34e  main.o [1]
  .text               ro code  0x080034de     0x2  startup_stm32l071xx.o [1]
  .text               ro code  0x080034e0    0xd0  stm32l0xx_hal_lptim.o [1]
  .text               ro code  0x080035b0   0x1b8  wtimer.o [1]
  .text               ro code  0x08003768    0xb4  stm32l0xx_hal_cortex.o [1]
  .text               ro code  0x0800381c   0x1e6  stm32l0xx_hal_gpio.o [1]
  .text               ro code  0x08003a02     0x2  startup_stm32l071xx.o [1]
  .text               ro code  0x08003a04    0x5c  ABImemcpy.o [5]
  .text               ro code  0x08003a60    0x84  stm32l0xx_hal_flash_ex.o [1]
  .text               ro code  0x08003ae4   0xecc  nbfi.o [1]
  .text               ro code  0x080049b0   0x838  nbfi_config.o [1]
  .text               ro code  0x080051e8    0xd0  stm32l0xx_hal_msp.o [1]
  .text               ro code  0x080052b8    0x20  stm32l0xx_hal.o [1]
  .text               ro code  0x080052d8   0x2de  glcd.o [1]
  .text               ro code  0x080055b6     0x2  startup_stm32l071xx.o [1]
  .text               ro code  0x080055b8    0xfe  waviotdvk.o [1]
  .text               ro code  0x080056b6     0x2  startup_stm32l071xx.o [1]
  .text               ro code  0x080056b8   0xdec  gui.o [1]
  .text               ro code  0x080064a4    0x18  stm32l0xx_hal_pwr.o [1]
  .text               ro code  0x080064bc   0x658  stm32l0xx_hal_rcc.o [1]
  .text               ro code  0x08006b14   0x1a4  stm32l0xx_hal_rcc_ex.o [1]
  .text               ro code  0x08006cb8    0xe0  I32DivModFast.o [5]
  .text               ro code  0x08006d98   0x5b2  stm32l0xx_hal_rtc.o [1]
  .text               ro code  0x0800734a     0x2  startup_stm32l071xx.o [1]
  .text               ro code  0x0800734c    0x96  wt0.o [1]
  .text               ro code  0x080073e2     0x2  startup_stm32l071xx.o [1]
  .text               ro code  0x080073e4   0x11c  stm32l0xx_hal_flash.o [1]
  .text               ro code  0x08007500   0x70c  nbfi_misc.o [1]
  .text               ro code  0x08007c0c   0x458  nbfi_phy.o [1]
  .text               ro code  0x08008064    0xd0  XTEA.o [1]
  .text               ro code  0x08008134    0xcc  rand.o [3]
  .text               ro code  0x08008200   0x2b8  rf.o [1]
  .text               ro code  0x080084b8    0x54  ABImemset.o [5]
  .text               ro code  0x0800850c    0x20  srand.o [3]
  .text               ro code  0x0800852c    0x28  stm32l0xx_hal.o [1]
  .text               ro code  0x08008554   0x170  stlcd.o [1]
  .text               ro code  0x080086c4    0x18  stm32l0xx_hal.o [1]
  .text               ro code  0x080086dc    0x14  vsprintf.o [1]
  .text               ro code  0x080086f0     0xc  stm32l0xx_hal.o [1]
  .text               ro code  0x080086fc     0x2  IntDivZer.o [5]
  .text               ro code  0x080086fe     0x2  stm32l0xx_hal_rtc_ex.o [1]
  .text               ro code  0x08008700    0x74  wt01.o [1]
  .text               ro code  0x08008774  0x16b8  dlmalloc.o [3]
  .text               ro code  0x08009e2c   0x2e4  zcode.o [1]
  .text               ro code  0x0800a110     0x2  xtls.o [3]
  .text               ro code  0x0800a112     0x2  startup_stm32l071xx.o [1]
  .text               ro code  0x0800a114  0x18c0  easyax5043.o [1]
  .text               ro code  0x0800b9d4    0x6c  spi.o [1]
  .text               ro code  0x0800ba40    0x3c  vsnprint.o [3]
  .text               ro code  0x0800ba7c     0xa  abort.o [3]
  .text               ro code  0x0800ba86     0x2  startup_stm32l071xx.o [1]
  .text               ro code  0x0800ba88    0x2c  xgetmemchunk.o [3]
  .text               ro code  0x0800bab4    0x12  signext24.o [1]
  .text               ro code  0x0800bac6    0x1e  pn9bits.o [1]
  .text               ro code  0x0800bae4    0x1a  pn9byte.o [1]
  .text               ro code  0x0800bafe    0x1e  chksgnlim16.o [1]
  .text               ro code  0x0800bb1c    0x26  pn9buf.o [1]
  .text               ro code  0x0800bb42    0x20  sgnlim16.o [1]
  .text               ro code  0x0800bb62     0x2  startup_stm32l071xx.o [1]
  .text               ro code  0x0800bb64  0x12ca  xprintffull.o [3]
  .text               ro code  0x0800ce2e     0x2  startup_stm32l071xx.o [1]
  .text               ro code  0x0800ce30    0x14  exit.o [6]
  .text               ro code  0x0800ce44    0x1c  xmbtowc.o [3]
  .text               ro code  0x0800ce60    0x14  strchr.o [5]
  .text               ro code  0x0800ce74    0x10  strlen.o [5]
  .text               ro code  0x0800ce84    0x18  memchr.o [5]
  .text               ro code  0x0800ce9c     0xa  xmbcurmax.o [3]
  .text               ro code  0x0800cea6    0x18  xwctomb.o [3]
  .text               ro code  0x0800cebe    0x6a  I64DivMod.o [5]
  .text               ro code  0x0800cf28    0x32  DblCmpLe.o [4]
  .text               ro code  0x0800cf5a    0x32  DblCmpGe.o [4]
  .text               ro code  0x0800cf8c    0x80  xdscale.o [4]
  .text               ro code  0x0800d00c    0x52  DblToI32.o [4]
  .text               ro code  0x0800d05e     0x2  startup_stm32l071xx.o [1]
  .text               ro code  0x0800d060    0x34  I32ToDbl.o [4]
  .text               ro code  0x0800d094   0x1a8  DblAddSub.o [4]
  .text               ro code  0x0800d23c   0x184  DblMul.o [4]
  .text               ro code  0x0800d3c0    0xc2  DblDiv.o [4]
  .text               ro code  0x0800d482     0x2  startup_stm32l071xx.o [1]
  .text               ro code  0x0800d484    0x68  localeconv.o [3]
  .text               ro code  0x0800d4ec    0x20  div.o [3]
  .text               ro code  0x0800d50c    0x14  setlocale.o [3]
  .text               ro code  0x0800d520    0x50  xencoding_sb.o [3]
  .text               ro code  0x0800d570     0x2  I64DivZer.o [5]
  .text               ro code  0x0800d572     0x2  startup_stm32l071xx.o [1]
  .rodata             const    0x0800d574   0x9a8  fonts.o [1]
  .rodata             const    0x0800df1c   0x400  crc32table.o [1]
  .rodata             const    0x0800e31c    0xa8  gui.o [1]
  .rodata             const    0x0800e3c4    0x8c  config_united.o [1]
  .text               ro code  0x0800e450    0x74  system_stm32l0xx.o [1]
  .text               ro code  0x0800e4c4    0x3c  zero_init3.o [5]
  .text               ro code  0x0800e500    0x3c  packbits_init_single.o [5]
  .text               ro code  0x0800e53c    0x2e  stm32l0xx_it.o [1]
  .text               ro code  0x0800e56a     0x2  startup_stm32l071xx.o [1]
  .text               ro code  0x0800e56c    0x10  stm32l0xx_hal.o [1]
  .rodata             const    0x0800e57c    0x28  xprintffull.o [3]
  .text               ro code  0x0800e5a4    0x28  data_init.o [5]
  .iar.init_table     const    0x0800e5cc    0x20  - Linker created -
  .text               ro code  0x0800e5ec    0x1c  xsnprout.o [3]
  .text               ro code  0x0800e608    0x1a  cmain.o [5]
  .text               ro code  0x0800e622     0x4  low_level_init.o [3]
  .text               ro code  0x0800e626     0x8  exit.o [3]
  .text               ro code  0x0800e62e     0x2  startup_stm32l071xx.o [1]
  .text               ro code  0x0800e630     0xa  cexit.o [5]
  .text               ro code  0x0800e63a     0x2  startup_stm32l071xx.o [1]
  .text               ro code  0x0800e63c    0x10  startup_stm32l071xx.o [1]
  .text               ro code  0x0800e64c     0xc  cstartup_M.o [5]
  .text               ro code  0x0800e658     0x2  startup_stm32l071xx.o [1]
  .text               ro code  0x0800e65a     0x2  startup_stm32l071xx.o [1]
  .text               ro code  0x0800e65c     0x2  startup_stm32l071xx.o [1]
  .text               ro code  0x0800e65e     0x2  startup_stm32l071xx.o [1]
  .text               ro code  0x0800e660     0x2  startup_stm32l071xx.o [1]
  .text               ro code  0x0800e662     0x2  startup_stm32l071xx.o [1]
  .text               ro code  0x0800e664     0x2  startup_stm32l071xx.o [1]
  .text               ro code  0x0800e666     0x2  startup_stm32l071xx.o [1]
  .text               ro code  0x0800e668     0x2  startup_stm32l071xx.o [1]
  .rodata             const    0x0800e66a     0x0  zero_init3.o [5]
  .rodata             const    0x0800e66a     0x0  packbits_init_single.o [5]
  Initializer bytes   const    0x0800e66a    0xd1  <for P2-1>
                             - 0x0800e73b  0xe67b

"P2", part 1 of 3:                          0x43c
  P2-1                         0x20000000   0x43c  <Init block>
    .data             inited   0x20000000    0x74  config_united.o [1]
    .data             inited   0x20000074    0x58  easyax5043.o [1]
    .data             inited   0x200000cc    0x11  easyax5043.o [1]
    .data             inited   0x200000e0    0x8c  gui.o [1]
    .data             inited   0x2000016c    0x9c  nbfi.o [1]
    .data             inited   0x20000208    0x14  nbfi.o [1]
    .data             inited   0x2000021c    0x14  nbfi_config.o [1]
    .data             inited   0x20000230    0x48  nbfi_config.o [1]
    .data             inited   0x20000278    0x10  rf.o [1]
    .data             inited   0x20000288     0x4  system_stm32l0xx.o [1]
    .data             inited   0x2000028c    0x24  XTEA.o [1]
    __DLIB_PERTHREAD  inited   0x200002b0    0x8c  rand.o [3]
    __DLIB_PERTHREAD  inited   0x2000033c    0x88  localeconv.o [3]
    __DLIB_PERTHREAD  inited   0x200003c4    0x74  setlocale.o [3]
    .data             inited   0x20000438     0x2  nbfi.o [1]
    .data             inited   0x2000043a     0x1  nbfi.o [1]
    .data             inited   0x2000043b     0x1  XTEA.o [1]
                             - 0x2000043c   0x43c

"P2", part 2 of 3:                         0x2000
  CSTACK                       0x20000440  0x1000  <Block>
    CSTACK            uninit   0x20000440  0x1000  <Block tail>
  HEAP                         0x20001440  0x1000  <Block>
    HEAP              uninit   0x20001440  0x1000  <Block tail>
                             - 0x20002440  0x2000

"P2", part 3 of 3:                          0xc04
  .bss                zero     0x20002440   0x400  stlcd.o [1]
  .bss                zero     0x20002840   0x1d8  dlmalloc.o [3]
  .bss                zero     0x20002a18   0x104  easyax5043.o [1]
  .bss                zero     0x20002b1c   0x104  easyax5043.o [1]
  .bss                zero     0x20002c20   0x100  nbfi_misc.o [1]
  .bss                zero     0x20002d20    0x88  main.o [1]
  .bss                zero     0x20002da8    0x80  nbfi_misc.o [1]
  .bss                zero     0x20002e28    0x58  radio.o [1]
  .bss                zero     0x20002e80    0x34  nbfi_config.o [1]
  .bss                zero     0x20002eb4    0x34  radio.o [1]
  .bss                zero     0x20002ee8    0x30  easyax5043.o [1]
  .bss                zero     0x20002f18    0x2c  ax5043.o [1]
  .bss                zero     0x20002f44    0x24  main.o [1]
  .bss                zero     0x20002f68    0x20  wtimer.o [1]
  .bss                zero     0x20002f88    0x1c  wtimer.o [1]
  .bss                zero     0x20002fa4    0x18  stm32l0xx_hal_flash.o [1]
  .bss                zero     0x20002fbc    0x18  dlmalloc.o [3]
  .bss                zero     0x20002fd4    0x14  easyax5043.o [1]
  .bss                zero     0x20002fe8    0x10  easyax5043.o [1]
  .bss                zero     0x20002ff8    0x10  easyax5043.o [1]
  .bss                zero     0x20003008     0xc  nbfi.o [1]
  .bss                zero     0x20003014     0xc  nbfi_phy.o [1]
  .bss                zero     0x20003020     0x8  rf.o [1]
  .bss                zero     0x20003028     0x5  waviotdvk.o [1]
  .bss                zero     0x2000302d     0x1  config_united.o [1]
  .bss                zero     0x2000302e     0x1  config_united.o [1]
  .bss                zero     0x2000302f     0x1  easyax5043.o [1]
  .bss                zero     0x20003030     0x4  glcd.o [1]
  .bss                zero     0x20003034     0x4  nbfi_phy.o [1]
  .bss                zero     0x20003038     0x4  stm32l0xx_hal.o [1]
  .bss                zero     0x2000303c     0x4  xgetmemchunk.o [3]
  .bss                zero     0x20003040     0x1  main.o [1]
  .bss                zero     0x20003041     0x1  nbfi.o [1]
  .bss                zero     0x20003042     0x1  nbfi_misc.o [1]
  .bss                zero     0x20003043     0x1  slip.o [1]
                             - 0x20003044   0xc04


*******************************************************************************
*** INIT TABLE
***

          Address     Size
          -------     ----
Zero (__iar_zero_init3)
    1 destination range, total size 0xc04:
          0x20002440  0xc04

Copy/packbits (__iar_packbits_init_single3)
    1 source range, total size 0xd1 (19% of destination):
          0x0800e66a   0xd1
    1 destination range, total size 0x43c:
          0x20000000  0x43c



*******************************************************************************
*** MODULE SUMMARY
***

    Module                    ro code  ro data  rw data
    ------                    -------  -------  -------
C:\Users\Sergey\Documents\IAR\DevKit\EWARM\DevKit-STM32-AX5043\Obj: [1]
    XTEA.o                        208        8       37
    ax5043.o                      840                44
    chksgnlim16.o                  30
    config_united.o            10 252      162      118
    crc32.o                        20
    crc32b.o                       28
    crc32table.o                         1 024
    easyax5043.o                6 336       20      726
    fonts.o                              2 472
    glcd.o                        734                 4
    gui.o                       3 564      196      140
    main.o                        846               173
    nbfi.o                      3 788       34      192
    nbfi_config.o               2 104       17      144
    nbfi_misc.o                 1 804               385
    nbfi_phy.o                  1 112                16
    pn9bits.o                      30
    pn9buf.o                       38
    pn9byte.o                      26
    radio.o                     1 224               140
    rf.o                          696        3       24
    sgnlim16.o                     32
    signext24.o                    18
    slip.o                                            1
    spi.o                         108
    startup_stm32l071xx.o         258
    stlcd.o                       368             1 024
    stm32l0xx_hal.o               124                 4
    stm32l0xx_hal_cortex.o        180
    stm32l0xx_hal_flash.o         284                24
    stm32l0xx_hal_flash_ex.o      132
    stm32l0xx_hal_gpio.o          486
    stm32l0xx_hal_lptim.o         208
    stm32l0xx_hal_msp.o           208
    stm32l0xx_hal_pwr.o            24
    stm32l0xx_hal_rcc.o         1 624
    stm32l0xx_hal_rcc_ex.o        420
    stm32l0xx_hal_rtc.o         1 458
    stm32l0xx_hal_rtc_ex.o          2
    stm32l0xx_hal_spi.o           132
    stm32l0xx_it.o                 46
    system_stm32l0xx.o            116        1        4
    vsprintf.o                     20
    waviotdvk.o                   254                 5
    wt0.o                         150
    wt01.o                        116
    wtimer.o                      440                60
    zcode.o                       740
    ---------------------------------------------------
    Total:                     41 628    3 937    3 265

command line: [2]
    ---------------------------------------------------
    Total:

dl6M_tlf.a: [3]
    abort.o                        10
    div.o                          32
    dlmalloc.o                  5 816               496
    exit.o                          8
    localeconv.o                  104       26      136
    low_level_init.o                4
    rand.o                        204       27      140
    setlocale.o                    20       23      116
    srand.o                        32
    vsnprint.o                     60
    xencoding_sb.o                 80
    xgetmemchunk.o                 44                 4
    xmbcurmax.o                    10
    xmbtowc.o                      28
    xprintffull.o               4 810       40
    xsnprout.o                     28
    xtls.o                          2
    xwctomb.o                      24
    ---------------------------------------------------
    Total:                     11 316      116      892

m6M_tl.a: [4]
    DblAddSub.o                   424
    DblCmpGe.o                     50
    DblCmpLe.o                     50
    DblDiv.o                      194
    DblMul.o                      388
    DblToI32.o                     82
    I32ToDbl.o                     52
    xdscale.o                     128
    ---------------------------------------------------
    Total:                      1 368

rt6M_tl.a: [5]
    ABImemcpy.o                    92
    ABImemset.o                    84
    I32DivModFast.o               224
    I64DivMod.o                   106
    I64DivZer.o                     2
    IntDivZer.o                     2
    cexit.o                        10
    cmain.o                        26
    cstartup_M.o                   12
    data_init.o                    40
    memchr.o                       24
    packbits_init_single.o         60
    strchr.o                       20
    strlen.o                       16
    zero_init3.o                   60
    ---------------------------------------------------
    Total:                        778

shb_l.a: [6]
    exit.o                         20
    ---------------------------------------------------
    Total:                         20

    Gaps                                              3
    Linker created                          32    8 192
-------------------------------------------------------
    Grand Total:               55 110    4 085   12 352


*******************************************************************************
*** ENTRY LIST
***

Entry                      Address    Size  Type      Object
-----                      -------    ----  ----      ------
.iar.init_table$$Base   0x0800e5cc           --   Gb  - Linker created -
.iar.init_table$$Limit  0x0800e5ec           --   Gb  - Linker created -
?main                   0x0800e609          Code  Gb  cmain.o [5]
AHBPrescTable           0x0800e4a8    0x10  Data  Gb  system_stm32l0xx.o [1]
AX5043_power            0x08008484    0x34  Data  Gb  rf.o [1]
Backlight               0x0800569d    0x1a  Code  Gb  waviotdvk.o [1]
CRC16                   0x08007a59    0x5c  Code  Gb  nbfi_misc.o [1]
CRC32                   0x08007b61    0x16  Code  Gb  nbfi_misc.o [1]
CRC8                    0x08007ab5    0x6a  Code  Gb  nbfi_misc.o [1]
CSTACK$$Base            0x20000440           --   Gb  - Linker created -
CSTACK$$Limit           0x20001440           --   Gb  - Linker created -
CntPressSB1             0x20003028     0x1  Data  Lc  waviotdvk.o [1]
CntPressSB2             0x20003029     0x1  Data  Lc  waviotdvk.o [1]
CntPressSB3             0x2000302a     0x1  Data  Lc  waviotdvk.o [1]
CompVersion             0x08004d25    0x20  Code  Gb  nbfi_config.o [1]
DevInfoHandler          0x08006279   0x106  Code  Gb  gui.o [1]
EXTI0_1_IRQHandler      0x0800e561     0xa  Code  Gb  stm32l0xx_it.o [1]
Encode                  0x08008065    0x6e  Code  Lc  XTEA.o [1]
FLASH_SetErrorCode      0x08007453    0xa4  Code  Lc  stm32l0xx_hal_flash.o [1]
FLASH_WaitForLastOperation
                        0x080073e5    0x6c  Code  Gb  stm32l0xx_hal_flash.o [1]
FNT                     0x20003030     0x4  Data  Gb  glcd.o [1]
GUI_DrawButtonL         0x0800641d    0x44  Code  Gb  gui.o [1]
GUI_DrawButtonR         0x08006461    0x44  Code  Gb  gui.o [1]
GUI_Init                0x080063f5     0x8  Code  Gb  gui.o [1]
GUI_Update              0x080063d5    0x1a  Code  Gb  gui.o [1]
GetButton1              0x080055b9     0xa  Code  Gb  waviotdvk.o [1]
GetButton2              0x080055c3     0x8  Code  Gb  waviotdvk.o [1]
GetButton3              0x080055cb     0x6  Code  Gb  waviotdvk.o [1]
GetButtonStateChange    0x080055db    0xb6  Code  Gb  waviotdvk.o [1]
HAL_Delay               0x080086c5    0x18  Code  Wk  stm32l0xx_hal.o [1]
HAL_FLASHEx_DATAEEPROM_Lock
                        0x08003a79     0xe  Code  Gb  stm32l0xx_hal_flash_ex.o [1]
HAL_FLASHEx_DATAEEPROM_Program
                        0x08003a87    0x48  Code  Gb  stm32l0xx_hal_flash_ex.o [1]
HAL_FLASHEx_DATAEEPROM_Unlock
                        0x08003a61    0x18  Code  Gb  stm32l0xx_hal_flash_ex.o [1]
HAL_GPIO_EXTI_Callback  0x08003a01     0x2  Code  Wk  stm32l0xx_hal_gpio.o [1]
HAL_GPIO_EXTI_IRQHandler
                        0x080039c9    0x14  Code  Gb  stm32l0xx_hal_gpio.o [1]
HAL_GPIO_Init           0x0800381d   0x190  Code  Gb  stm32l0xx_hal_gpio.o [1]
HAL_GPIO_ReadPin        0x080039b1     0xc  Code  Gb  stm32l0xx_hal_gpio.o [1]
HAL_GPIO_WritePin       0x080039bd     0xc  Code  Gb  stm32l0xx_hal_gpio.o [1]
HAL_GetTick             0x080086f1     0xc  Code  Wk  stm32l0xx_hal.o [1]
HAL_IncTick             0x0800e56d    0x10  Code  Wk  stm32l0xx_hal.o [1]
HAL_Init                0x080052b9    0x1a  Code  Gb  stm32l0xx_hal.o [1]
HAL_InitTick            0x0800852d    0x28  Code  Wk  stm32l0xx_hal.o [1]
HAL_LPTIM_Counter_Start
                        0x08003589    0x24  Code  Gb  stm32l0xx_hal_lptim.o [1]
HAL_LPTIM_Init          0x080034e1    0x7a  Code  Gb  stm32l0xx_hal_lptim.o [1]
HAL_LPTIM_MspInit       0x08005225    0x16  Code  Gb  stm32l0xx_hal_msp.o [1]
HAL_MspInit             0x080051e9    0x3c  Code  Gb  stm32l0xx_hal_msp.o [1]
HAL_NVIC_DisableIRQ     0x080037b3     0xe  Code  Gb  stm32l0xx_hal_cortex.o [1]
HAL_NVIC_EnableIRQ      0x080037a5     0xe  Code  Gb  stm32l0xx_hal_cortex.o [1]
HAL_NVIC_SetPriority    0x0800379d     0x8  Code  Gb  stm32l0xx_hal_cortex.o [1]
HAL_PWR_EnableBkUpAccess
                        0x080064a5     0x8  Code  Gb  stm32l0xx_hal_pwr.o [1]
HAL_RCCEx_PeriphCLKConfig
                        0x08006b15   0x17a  Code  Gb  stm32l0xx_hal_rcc_ex.o [1]
HAL_RCC_ClockConfig     0x0800689d   0x15e  Code  Gb  stm32l0xx_hal_rcc.o [1]
HAL_RCC_GetHCLKFreq     0x08006a79     0x6  Code  Gb  stm32l0xx_hal_rcc.o [1]
HAL_RCC_GetSysClockFreq
                        0x08006a0d    0x6c  Code  Gb  stm32l0xx_hal_rcc.o [1]
HAL_RCC_OscConfig       0x080064bd   0x3ca  Code  Gb  stm32l0xx_hal_rcc.o [1]
HAL_RTCEx_AlarmBEventCallback
                        0x080086ff     0x2  Code  Wk  stm32l0xx_hal_rtc_ex.o [1]
HAL_RTC_AlarmAEventCallback
                        0x08003191     0x8  Code  Gb  main.o [1]
HAL_RTC_AlarmIRQHandler
                        0x0800724d    0x56  Code  Gb  stm32l0xx_hal_rtc.o [1]
HAL_RTC_GetDate         0x08007045    0x3e  Code  Gb  stm32l0xx_hal_rtc.o [1]
HAL_RTC_GetTime         0x08006f37    0x4c  Code  Gb  stm32l0xx_hal_rtc.o [1]
HAL_RTC_Init            0x08006d99    0xa0  Code  Gb  stm32l0xx_hal_rtc.o [1]
HAL_RTC_MspInit         0x0800523b    0x2a  Code  Gb  stm32l0xx_hal_msp.o [1]
HAL_RTC_SetAlarm_IT     0x08007091   0x174  Code  Gb  stm32l0xx_hal_rtc.o [1]
HAL_RTC_SetDate         0x08006f83    0xbe  Code  Gb  stm32l0xx_hal_rtc.o [1]
HAL_RTC_SetTime         0x08006e39    0xfe  Code  Gb  stm32l0xx_hal_rtc.o [1]
HAL_RTC_WaitForSynchro  0x080072a3    0x30  Code  Gb  stm32l0xx_hal_rtc.o [1]
HAL_SPI_Init            0x0800310d    0x80  Code  Gb  stm32l0xx_hal_spi.o [1]
HAL_SPI_MspInit         0x08005265    0x38  Code  Gb  stm32l0xx_hal_msp.o [1]
HAL_SYSTICK_CLKSourceConfig
                        0x080037e9    0x18  Code  Gb  stm32l0xx_hal_cortex.o [1]
HAL_SYSTICK_Callback    0x08003199     0x2  Code  Gb  main.o [1]
HAL_SYSTICK_Config      0x080037c1    0x28  Code  Gb  stm32l0xx_hal_cortex.o [1]
HAL_SYSTICK_IRQHandler  0x08003801     0x8  Code  Gb  stm32l0xx_hal_cortex.o [1]
HEAP$$Base              0x20001440           --   Gb  - Linker created -
HEAP$$Limit             0x20002440           --   Gb  - Linker created -
HardFault_Handler       0x0800e53f     0x2  Code  Gb  stm32l0xx_it.o [1]
InfoHandler             0x08005e81    0xaa  Code  Gb  gui.o [1]
InfoHandler::state_i    0x200000e7     0x1  Data  Lc  gui.o [1]
LCD_ClearBuffer         0x080054a5    0x10  Code  Gb  glcd.o [1]
LCD_DrawChar            0x080052df   0x144  Code  Gb  glcd.o [1]
LCD_DrawRect            0x0800553d    0x66  Code  Gb  glcd.o [1]
LCD_DrawString          0x08005423    0x82  Code  Gb  glcd.o [1]
LCD_FillRect            0x08005501    0x3c  Code  Gb  glcd.o [1]
LCD_Init                0x080055ab     0xc  Code  Gb  glcd.o [1]
LCD_SetFont             0x080052d9     0x6  Code  Gb  glcd.o [1]
LCD_SetPixel            0x080054b5    0x44  Code  Gb  glcd.o [1]
LCD_WriteBuffer         0x080055a3     0x8  Code  Gb  glcd.o [1]
LPTIM1_IRQHandler       0x08002ce1    0x18  Code  Gb  radio.o [1]
LoadInt                 0x0800c1ef    0x68  Code  Lc  xprintffull.o [3]
MX_GPIO_Init            0x08003393   0x106  Code  Lc  main.o [1]
MX_RTC_Init             0x08003303    0x90  Code  Lc  main.o [1]
MainHandler             0x080056b9    0x9e  Code  Gb  gui.o [1]
MainHandler::state      0x200000e1     0x1  Data  Lc  gui.o [1]
MinVoltage              0x200001a0     0x4  Data  Gb  nbfi.o [1]
NBFI_Config_Check_State
                        0x080049f9   0x112  Code  Gb  nbfi_config.o [1]
NBFI_Config_is_high_SNR_for_UP
                        0x080049b1    0x48  Code  Lc  nbfi_config.o [1]
NBFI_DL_ADD_RND_LISTEN_TIME
                        0x08004540    0x10  Data  Gb  nbfi.o [1]
NBFI_DL_DELAY           0x08004518    0x28  Data  Gb  nbfi.o [1]
NBFI_DL_LISTEN_TIME     0x08004680    0x10  Data  Gb  nbfi.o [1]
NBFI_Init               0x080048ed    0x8a  Code  Gb  nbfi.o [1]
NBFI_NOISE_DINAMIC      0x08004550     0x4  Data  Gb  nbfi.o [1]
NBFI_reg_func           0x08003ae5    0x4c  Code  Gb  nbfi.o [1]
NBFiQuality             0x08005f71   0x106  Code  Gb  gui.o [1]
NBFiRxHandler           0x0800597d    0xde  Code  Gb  gui.o [1]
NBFiStats               0x080060ed    0xf6  Code  Gb  gui.o [1]
NBFiTxHandler           0x0800583d    0xf0  Code  Gb  gui.o [1]
NBFiTxHandler::state_n  0x200000e3     0x1  Data  Lc  gui.o [1]
NBFiTxHandler::test_pkt
                        0x20000110     0x8  Data  Lc  gui.o [1]
NBFiTxHandler::test_pkt_long
                        0x20000118    0x54  Data  Lc  gui.o [1]
NBFi_AllocateRxPkt      0x08007561    0x4c  Code  Gb  nbfi_misc.o [1]
NBFi_AllocateTxPkt      0x08007501    0x60  Code  Gb  nbfi_misc.o [1]
NBFi_Calc_Queued_Sys_Packets_With_Type
                        0x080076e9    0x4a  Code  Gb  nbfi_misc.o [1]
NBFi_Check_RX_Packet_Duplicate
                        0x080077e9    0x2c  Code  Gb  nbfi_misc.o [1]
NBFi_Clear_RX_Buffer    0x080078df    0x14  Code  Gb  nbfi_misc.o [1]
NBFi_Clear_TX_Buffer    0x080078f3    0x26  Code  Gb  nbfi_misc.o [1]
NBFi_Config_Parser      0x08004d51   0x2ea  Code  Gb  nbfi_config.o [1]
NBFi_Config_Rate_Change
                        0x08004b15   0x136  Code  Lc  nbfi_config.o [1]
NBFi_Config_Return      0x08005041    0x2c  Code  Gb  nbfi_config.o [1]
NBFi_Config_Send_Mode   0x08004ca1    0x52  Code  Gb  nbfi_config.o [1]
NBFi_Config_Set_Default
                        0x08005091    0x54  Code  Gb  nbfi_config.o [1]
NBFi_Config_Set_Device_Info
                        0x080051ad    0x1a  Code  Gb  nbfi_config.o [1]
NBFi_Config_Set_RX_Chan
                        0x08005171    0x3c  Code  Gb  nbfi_config.o [1]
NBFi_Config_Set_TX_Chan
                        0x08005135    0x3c  Code  Gb  nbfi_config.o [1]
NBFi_Config_Tx_Power_Change
                        0x08004c55    0x48  Code  Gb  nbfi_config.o [1]
NBFi_Configure_IDs      0x08005071    0x20  Code  Gb  nbfi_config.o [1]
NBFi_Force_process      0x0800488d    0x10  Code  Lc  nbfi.o [1]
NBFi_GetQueuedTXPkt     0x080075ad    0x7c  Code  Gb  nbfi_misc.o [1]
NBFi_GetSentTXPkt_By_Iter
                        0x0800773d    0x5a  Code  Gb  nbfi_misc.o [1]
NBFi_Get_QueuedRXPkt    0x08007815    0xca  Code  Gb  nbfi_misc.o [1]
NBFi_Get_RX_ACK_Mask    0x080077a1    0x40  Code  Gb  nbfi_misc.o [1]
NBFi_Go_To_Sleep        0x080048a1    0x44  Code  Gb  nbfi.o [1]
NBFi_Go_To_Sleep::old_state
                        0x2000043a     0x1  Data  Lc  nbfi.o [1]
NBFi_Mark_Lost_All_Unacked
                        0x080076b9    0x2a  Code  Gb  nbfi_misc.o [1]
NBFi_Match_ID           0x08007e29    0x40  Code  Gb  nbfi_phy.o [1]
NBFi_Packets_To_Send    0x08007659    0x60  Code  Gb  nbfi_misc.o [1]
NBFi_ParseReceivedPacket
                        0x08003e8d   0x41a  Code  Gb  nbfi.o [1]
NBFi_Phy_To_Bitrate     0x08007b77    0x5e  Code  Gb  nbfi_misc.o [1]
NBFi_ProcessRxPackets   0x08003ced   0x18a  Code  Gb  nbfi.o [1]
NBFi_ProcessTasks       0x080042c9   0x23c  Code  Lc  nbfi.o [1]
NBFi_RX                 0x08007fa1    0x48  Code  Gb  nbfi_phy.o [1]
NBFi_RX_Controller      0x08007f4b    0x4e  Code  Gb  nbfi_phy.o [1]
NBFi_RX_DL_EndHandler   0x080045ad     0xe  Code  Lc  nbfi.o [1]
NBFi_ReadConfig         0x080050f1    0x2c  Code  Gb  nbfi_config.o [1]
NBFi_Receive_Timeout_cb
                        0x080045d5    0xac  Code  Lc  nbfi.o [1]
NBFi_Resend_Pkt         0x08007975    0xda  Code  Gb  nbfi_misc.o [1]
NBFi_Send               0x08003b31   0x1b2  Code  Gb  nbfi.o [1]
NBFi_SendHeartBeats     0x0800471d   0x16c  Code  Lc  nbfi.o [1]
NBFi_SendHeartBeats::hb_timer
                        0x2000018e     0x2  Data  Lc  nbfi.o [1]
NBFi_SendHeartBeats::osccal_timer
                        0x20000190     0x2  Data  Lc  nbfi.o [1]
NBFi_Send_Clear_Cmd     0x0800791d    0x54  Code  Gb  nbfi_misc.o [1]
NBFi_TX                 0x08007e6d    0xde  Code  Gb  nbfi_phy.o [1]
NBFi_TX_Finished        0x08004555    0x4e  Code  Gb  nbfi.o [1]
NBFi_TX_ProtocolD       0x08007c0d   0x218  Code  Gb  nbfi_phy.o [1]
NBFi_TX_ProtocolD::parity
                        0x20003014     0x1  Data  Lc  nbfi_phy.o [1]
NBFi_TxPacket_Free      0x08007629    0x30  Code  Gb  nbfi_misc.o [1]
NBFi_Wait_Extra_Handler
                        0x08004691    0x2c  Code  Lc  nbfi.o [1]
NBFi_WriteConfig        0x0800511d    0x12  Code  Gb  nbfi_config.o [1]
NBFi_XTEA_OFB           0x08007ff1    0x4e  Code  Gb  nbfi_phy.o [1]
NBFi_set_RTC            0x080046e9    0x18  Code  Gb  nbfi.o [1]
NBFi_update_RTC         0x080046bd    0x2c  Code  Lc  nbfi.o [1]
NBFi_update_RTC::old_time_cur
                        0x200001d4     0x4  Data  Lc  nbfi.o [1]
NMI_Handler             0x0800e53d     0x2  Code  Gb  stm32l0xx_it.o [1]
NVIC_SetPriority        0x08003769    0x34  Code  Lc  stm32l0xx_hal_cortex.o [1]
PLLMulTable             0x0800e4b8     0xc  Data  Gb  system_stm32l0xx.o [1]
PSK_BAND                0x2000027c     0x1  Data  Gb  rf.o [1]
PendSV_Handler          0x0800e543     0x2  Code  Gb  stm32l0xx_it.o [1]
RADIO_LPTIM_Init        0x08002c7d    0x30  Code  Gb  radio.o [1]
RADIO_SPI_Init          0x08002c31    0x4a  Code  Gb  radio.o [1]
RCC_SetFlashLatencyFromMSIRange
                        0x08006a91    0x5e  Code  Lc  stm32l0xx_hal_rcc.o [1]
RF_Deinit               0x08008387    0x68  Code  Gb  rf.o [1]
RF_Init                 0x080082a3    0xe4  Code  Gb  rf.o [1]
RF_SetDstAddress        0x080083ef    0x10  Code  Gb  rf.o [1]
RF_SetFreq              0x0800823f    0x1c  Code  Gb  rf.o [1]
RF_SetLocalAddress      0x08008401    0x1a  Code  Gb  rf.o [1]
RF_SetModeAndPower      0x0800825d    0x46  Code  Gb  rf.o [1]
RF_Transmit             0x0800841b    0x3a  Code  Gb  rf.o [1]
RSSiHandler             0x08005aa5    0xb6  Code  Gb  gui.o [1]
RSSiHandler::state      0x200000e4     0x1  Data  Lc  gui.o [1]
RTC_Bcd2ToByte          0x0800733b    0x10  Code  Gb  stm32l0xx_hal_rtc.o [1]
RTC_ByteToBcd2          0x08007325    0x16  Code  Gb  stm32l0xx_hal_rtc.o [1]
RTC_EnterInitMode       0x080072dd    0x36  Code  Gb  stm32l0xx_hal_rtc.o [1]
RTC_IRQHandler          0x0800e551     0xa  Code  Gb  stm32l0xx_it.o [1]
Region$$Table$$Base     0x0800e5cc           --   Gb  - Linker created -
Region$$Table$$Limit    0x0800e5ec           --   Gb  - Linker created -
RxRateTable             0x20000240     0x4  Data  Gb  nbfi_config.o [1]
RxSNRDegradationTable   0x08004b10     0x4  Data  Gb  nbfi_config.o [1]
SPI_Init                0x0800b9d5     0x2  Code  Gb  spi.o [1]
SPI_RX                  0x08002cf9    0x5a  Code  Gb  radio.o [1]
SPI_RX_TX               0x08002daf    0x54  Code  Gb  radio.o [1]
SPI_TX                  0x08002d53    0x5c  Code  Gb  radio.o [1]
SPI_Transfer            0x0800b9d7    0x64  Code  Gb  spi.o [1]
ST7565_Init             0x080085a7    0x88  Code  Gb  stlcd.o [1]
ST7565_InterfaceInit    0x08008555    0x12  Code  Lc  stlcd.o [1]
ST7565_SetBrightness    0x0800862f    0x18  Code  Gb  stlcd.o [1]
ST7565_WriteBuffer      0x08008649    0x4e  Code  Gb  stlcd.o [1]
ST7565_WriteCommand     0x08008567    0x14  Code  Lc  stlcd.o [1]
ST7565_WriteData        0x0800857b    0x12  Code  Lc  stlcd.o [1]
SVC_Handler             0x0800e541     0x2  Code  Gb  stm32l0xx_it.o [1]
ScheduleTask            0x08003739    0x2c  Code  Gb  wtimer.o [1]
SettingsHandler         0x08005bc9   0x27e  Code  Gb  gui.o [1]
SettingsHandler::edit   0x200000e6     0x1  Data  Lc  gui.o [1]
SettingsHandler::state_s
                        0x200000e5     0x1  Data  Lc  gui.o [1]
SysTick_Handler         0x0800e545     0xc  Code  Gb  stm32l0xx_it.o [1]
SystemClock_Config      0x0800325b    0xa8  Code  Gb  main.o [1]
SystemCoreClock         0x20000288     0x4  Data  Gb  system_stm32l0xx.o [1]
SystemInit              0x0800e451    0x40  Code  Gb  system_stm32l0xx.o [1]
TestsHandler            0x08005771    0xa8  Code  Gb  gui.o [1]
TestsHandler::state_h   0x200000e2     0x1  Data  Lc  gui.o [1]
TxRateTable             0x2000023c     0x4  Data  Gb  nbfi_config.o [1]
TxSNRDegradationTable   0x08004b0c     0x4  Data  Gb  nbfi_config.o [1]
XTEA_Available          0x080080d3    0x1c  Code  Gb  XTEA.o [1]
XTEA_Enabled            0x080080ef     0x6  Code  Gb  XTEA.o [1]
XTEA_Encode             0x080080f5    0x1c  Code  Gb  XTEA.o [1]
XTEA_KEY_PTR            0x200002ac     0x4  Data  Gb  XTEA.o [1]
XTEA_Set_KEY            0x08008111    0x16  Code  Gb  XTEA.o [1]
ZCODE_Append            0x08009e2d    0xe4  Code  Gb  zcode.o [1]
_EncodingSb_Mbtowc      0x0800d535    0x2c  Code  Gb  xencoding_sb.o [3]
_EncodingSb_Mbtowc::initial
                        0x0800d568     0x8  Data  Lc  xencoding_sb.o [3]
_EncodingSb_Wctomb      0x0800d521    0x14  Code  Gb  xencoding_sb.o [3]
_EncodingSb_Wctomb::initial
                        0x0800d560     0x8  Data  Lc  xencoding_sb.o [3]
_Error_Handler          0x080034dd     0x2  Code  Gb  main.o [1]
_GenldFull              0x0800cb25   0x2d6  Code  Lc  xprintffull.o [3]
_IsdstStr               0x200003c8     0x4  Data  Gb  setlocale.o [3]
_LdtobFull              0x0800c6ad   0x464  Code  Lc  xprintffull.o [3]
_LitobFull              0x0800c57d   0x12a  Code  Lc  xprintffull.o [3]
_LocaleEncoding         0x0800d50d     0xc  Code  Gb  setlocale.o [3]
_LocaleReturnString     0x200003e8    0x50  Data  Lc  setlocale.o [3]
_Locale_Profile         0x200003cc    0x1c  Data  Gb  setlocale.o [3]
_Locale_aeabi_lconv     0x2000038c    0x38  Data  Gb  localeconv.o [3]
_Locale_lconv           0x2000033c    0x50  Data  Gb  localeconv.o [3]
_Mbtowc                 0x0800ce45    0x1c  Code  Gb  xmbtowc.o [3]
_PrintfFull             0x0800bb65   0x68a  Code  Gb  xprintffull.o [3]
_PutcharsFull           0x0800cdff    0x30  Code  Lc  xprintffull.o [3]
_PutstrFull             0x0800c259   0x324  Code  Lc  xprintffull.o [3]
_Rand_idx               0x200002b8     0x4  Data  Lc  rand.o [3]
_Rand_rv                0x200002bc    0x80  Data  Lc  rand.o [3]
_Randinit               0x200002b0     0x1  Data  Gb  rand.o [3]
_Randseed               0x200002b4     0x4  Data  Gb  rand.o [3]
_SNProut                0x0800e5ed    0x1c  Code  Gb  xsnprout.o [3]
_TzoneStr               0x200003c4     0x4  Data  Gb  setlocale.o [3]
_Wctomb                 0x0800cea7    0x18  Code  Gb  xwctomb.o [3]
__aeabi_cdcmple         0x0800cf29          Code  Gb  DblCmpLe.o [4]
__aeabi_cdrcmple        0x0800cf5b          Code  Gb  DblCmpGe.o [4]
__aeabi_d2iz            0x0800d00d          Code  Gb  DblToI32.o [4]
__aeabi_d2uiz           0x0800d031          Code  Gb  DblToI32.o [4]
__aeabi_ddiv            0x0800d3c1          Code  Gb  DblDiv.o [4]
__aeabi_dmul            0x0800d23d          Code  Gb  DblMul.o [4]
__aeabi_dsub            0x0800d14f          Code  Gb  DblAddSub.o [4]
__aeabi_i2d             0x0800d061          Code  Gb  I32ToDbl.o [4]
__aeabi_idiv            0x08006ce5          Code  Gb  I32DivModFast.o [5]
__aeabi_idiv0           0x080086fd          Code  Gb  IntDivZer.o [5]
__aeabi_idivmod         0x08006ce5          Code  Gb  I32DivModFast.o [5]
__aeabi_ldiv0           0x0800d571          Code  Gb  I64DivZer.o [5]
__aeabi_memclr4         0x08008509          Code  Gb  ABImemset.o [5]
__aeabi_memclr8         0x08008509          Code  Gb  ABImemset.o [5]
__aeabi_memcpy          0x08003a05          Code  Gb  ABImemcpy.o [5]
__aeabi_memcpy4         0x08003a2d          Code  Wk  ABImemcpy.o [5]
__aeabi_memset          0x080084b9          Code  Gb  ABImemset.o [5]
__aeabi_ui2d            0x0800d075          Code  Gb  I32ToDbl.o [4]
__aeabi_uidiv           0x08006ceb          Code  Gb  I32DivModFast.o [5]
__aeabi_uidivmod        0x08006ceb          Code  Gb  I32DivModFast.o [5]
__aeabi_uldivmod        0x0800cebf          Code  Gb  I64DivMod.o [5]
__ax5043_disable_global_irq
                        0x20002f1c     0x4  Data  Gb  ax5043.o [1]
__ax5043_disable_pin_irq
                        0x20002f24     0x4  Data  Gb  ax5043.o [1]
__ax5043_enable_global_irq
                        0x20002f18     0x4  Data  Gb  ax5043.o [1]
__ax5043_enable_pin_irq
                        0x20002f20     0x4  Data  Gb  ax5043.o [1]
__ax5043_get_irq_pin_state
                        0x20002f28     0x4  Data  Gb  ax5043.o [1]
__ax5043_on_off_pwr     0x20002f40     0x4  Data  Gb  ax5043.o [1]
__axradio_statuschange  0x20002f3c     0x4  Data  Gb  ax5043.o [1]
__cmain                 0x0800e609          Code  Gb  cmain.o [5]
__data_GetMemChunk      0x0800ba89    0x2c  Code  Gb  xgetmemchunk.o [3]
__data_GetMemChunk::start
                        0x2000303c     0x4  Data  Lc  xgetmemchunk.o [3]
__exit                  0x0800ce31    0x14  Code  Gb  exit.o [6]
__iar_Dscale            0x0800cf8d    0x80  Code  Gb  xdscale.o [4]
__iar_Locale_lconv_init
                        0x0800d485    0x32  Code  Gb  localeconv.o [3]
__iar_Mbcurmax          0x0800ce9d     0xa  Code  Gb  xmbcurmax.o [3]
__iar_Memchr            0x0800ce85    0x18  Code  Gb  memchr.o [5]
__iar_Memset4_word      0x080084d9          Code  Gb  ABImemset.o [5]
__iar_Memset_word       0x080084c5          Code  Gb  ABImemset.o [5]
__iar_Strchr            0x0800ce61    0x14  Code  Gb  strchr.o [5]
__iar_d2uiz             0x0800d035          Code  Gb  DblToI32.o [4]
__iar_data_init3        0x0800e5a5    0x28  Code  Gb  data_init.o [5]
__iar_dlfree            0x08009855   0x5ce  Code  Gb  dlmalloc.o [3]
__iar_dlib_perthread_access
                        0x0800a111     0x2  Code  Gb  xtls.o [3]
__iar_dlmalloc          0x0800955d   0x2f4  Code  Gb  dlmalloc.o [3]
__iar_packbits_init_single3
                        0x0800e501    0x3c  Code  Gb  packbits_init_single.o [5]
__iar_program_start     0x0800e64d          Code  Gb  cstartup_M.o [5]
__iar_ui2d              0x0800d079          Code  Gb  I32ToDbl.o [4]
__iar_zero_init3        0x0800e4c5    0x3c  Code  Gb  zero_init3.o [5]
__low_level_init        0x0800e623     0x4  Code  Gb  low_level_init.o [3]
__nbfi_before_off       0x200001b0     0x4  Data  Gb  nbfi.o [1]
__nbfi_before_rx        0x200001ac     0x4  Data  Gb  nbfi.o [1]
__nbfi_before_tx        0x200001a8     0x4  Data  Gb  nbfi.o [1]
__nbfi_lock_unlock_nbfi_irq
                        0x200001cc     0x4  Data  Gb  nbfi.o [1]
__nbfi_measure_voltage_or_temperature
                        0x200001c0     0x4  Data  Gb  nbfi.o [1]
__nbfi_read_default_settings
                        0x200001b4     0x4  Data  Gb  nbfi.o [1]
__nbfi_read_flash_settings
                        0x200001b8     0x4  Data  Gb  nbfi.o [1]
__nbfi_reset            0x200001d0     0x4  Data  Gb  nbfi.o [1]
__nbfi_rtc_synchronized
                        0x200001c8     0x4  Data  Gb  nbfi.o [1]
__nbfi_update_rtc       0x200001c4     0x4  Data  Gb  nbfi.o [1]
__nbfi_write_flash_settings
                        0x200001bc     0x4  Data  Gb  nbfi.o [1]
__spi_cs_set            0x20002f38     0x4  Data  Gb  ax5043.o [1]
__spi_rx                0x20002f2c     0x4  Data  Gb  ax5043.o [1]
__spi_tx                0x20002f30     0x4  Data  Gb  ax5043.o [1]
__spi_tx_rx             0x20002f34     0x4  Data  Gb  ax5043.o [1]
__vector_table          0x08000000          Data  Gb  startup_stm32l071xx.o [1]
__wtimer_cc_get         0x20002f7c     0x4  Data  Gb  wtimer.o [1]
__wtimer_cc_irq_disable
                        0x20002f74     0x4  Data  Gb  wtimer.o [1]
__wtimer_cc_irq_enable  0x20002f70     0x4  Data  Gb  wtimer.o [1]
__wtimer_cc_set         0x20002f78     0x4  Data  Gb  wtimer.o [1]
__wtimer_check_cc_irq   0x20002f84     0x4  Data  Gb  wtimer.o [1]
__wtimer_cnt_get        0x20002f80     0x4  Data  Gb  wtimer.o [1]
__wtimer_globla_irq_disable
                        0x20002f6c     0x4  Data  Gb  wtimer.o [1]
__wtimer_globla_irq_enable
                        0x20002f68     0x4  Data  Gb  wtimer.o [1]
_call_main              0x0800e615          Code  Gb  cmain.o [5]
_exit                   0x0800e631          Code  Gb  cexit.o [5]
_gm_                    0x20002840   0x1d8  Data  Lc  dlmalloc.o [3]
_main                   0x0800e61f          Code  Gb  cmain.o [5]
abort                   0x0800ba7d     0xa  Code  Gb  abort.o [3]
arial_8ptBitmaps        0x0800d574   0x710  Data  Gb  fonts.o [1]
arial_8ptBlockLookup    0x0800defc    0x10  Data  Gb  fonts.o [1]
arial_8ptDescriptorsBlock0
                        0x0800dc84   0x178  Data  Gb  fonts.o [1]
arial_8ptDescriptorsBlock1
                        0x0800ddfc   0x100  Data  Gb  fonts.o [1]
arial_8ptFontInfo       0x0800df0c    0x10  Data  Gb  fonts.o [1]
ax5043_disable_global_irq
                        0x08002e07     0x4  Code  Gb  radio.o [1]
ax5043_disable_pin_irq  0x08002e15     0xa  Code  Gb  radio.o [1]
ax5043_enable_global_irq
                        0x08002e03     0x4  Code  Gb  radio.o [1]
ax5043_enable_pin_irq   0x08002e0b     0xa  Code  Gb  radio.o [1]
ax5043_enter_deepsleep  0x08002911    0x14  Code  Gb  ax5043.o [1]
ax5043_get_irq_pin_state
                        0x08002e1f     0xc  Code  Gb  radio.o [1]
ax5043_hard_reset       0x08002bf5    0x1a  Code  Gb  ax5043.o [1]
ax5043_init             0x08002f2d   0x10e  Code  Gb  radio.o [1]
ax5043_init_registers   0x0800a3df    0x3e  Code  Lc  easyax5043.o [1]
ax5043_init_registers_common
                        0x0800a147    0x46  Code  Lc  easyax5043.o [1]
ax5043_off              0x0800a253    0x10  Code  Gb  easyax5043.o [1]
ax5043_off_xtal         0x0800a263    0x2c  Code  Gb  easyax5043.o [1]
ax5043_on_off_pwr       0x08002e5b     0x2  Code  Gb  radio.o [1]
ax5043_prepare_tx       0x0800a20b    0x48  Code  Gb  easyax5043.o [1]
ax5043_probeirq         0x0800297d    0x4c  Code  Gb  ax5043.o [1]
ax5043_readfifo         0x200000bc     0x4  Data  Gb  easyax5043.o [1]
ax5043_receiver_on_continuous
                        0x0800a195    0x76  Code  Gb  easyax5043.o [1]
ax5043_reg_func         0x080028cd    0x44  Code  Gb  ax5043.o [1]
ax5043_reset            0x08002929    0x48  Code  Gb  ax5043.o [1]
ax5043_set_constants    0x0800239d   0x4cc  Code  Gb  config_united.o [1]
ax5043_set_registers    0x080000c1  0x1f2c  Code  Gb  config_united.o [1]
ax5043_set_registers_rx
                        0x080020b9    0x92  Code  Gb  config_united.o [1]
ax5043_set_registers_rxcont
                        0x08002159    0x1c  Code  Gb  config_united.o [1]
ax5043_set_registers_rxcont_singleparamset
                        0x08002199    0x6a  Code  Gb  config_united.o [1]
ax5043_set_registers_tx
                        0x08001fed    0xb4  Code  Gb  config_united.o [1]
ax5043_spi_read         0x08002a91    0x66  Code  Gb  ax5043.o [1]
ax5043_spi_read16       0x08002af7    0x72  Code  Gb  ax5043.o [1]
ax5043_spi_read24       0x08002b69    0x80  Code  Gb  ax5043.o [1]
ax5043_spi_read_fifo    0x080029c9    0x34  Code  Gb  ax5043.o [1]
ax5043_spi_rx           0x08002e2b     0x8  Code  Gb  radio.o [1]
ax5043_spi_tx           0x08002e33     0x8  Code  Gb  radio.o [1]
ax5043_spi_tx_rx        0x08002e3b     0x8  Code  Gb  radio.o [1]
ax5043_spi_write        0x08002a3b    0x56  Code  Gb  ax5043.o [1]
ax5043_spi_write_cs     0x08002e43    0x18  Code  Gb  radio.o [1]
ax5043_spi_write_fifo   0x080029fd    0x32  Code  Gb  ax5043.o [1]
ax5043_tcxo_set_reset   0x08002be9     0xc  Code  Gb  ax5043.o [1]
ax5043_wakeup_deepsleep
                        0x08002925     0x4  Code  Gb  ax5043.o [1]
ax5043_writefifo        0x200000b8     0x4  Data  Gb  easyax5043.o [1]
axradio_ack_count       0x20000090     0x1  Data  Gb  easyax5043.o [1]
axradio_ack_seqnr       0x20000091     0x1  Data  Gb  easyax5043.o [1]
axradio_callback_fwd    0x0800a965     0xc  Code  Lc  easyax5043.o [1]
axradio_cb_channelstate
                        0x20002fd4    0x14  Data  Gb  easyax5043.o [1]
axradio_cb_receive      0x20002ee8    0x30  Data  Gb  easyax5043.o [1]
axradio_cb_receivesfd   0x200000cc    0x10  Data  Gb  easyax5043.o [1]
axradio_cb_transmitdata
                        0x20002ff8    0x10  Data  Gb  easyax5043.o [1]
axradio_cb_transmitend  0x20000074    0x10  Data  Gb  easyax5043.o [1]
axradio_cb_transmitstart
                        0x20002fe8    0x10  Data  Gb  easyax5043.o [1]
axradio_conv_freq_fromhz
                        0x0800223d    0xa0  Code  Gb  config_united.o [1]
axradio_conv_time_totimer0
                        0x0800a131    0x16  Code  Gb  easyax5043.o [1]
axradio_conv_timeinterval_totimer0
                        0x080022e1    0x10  Code  Gb  config_united.o [1]
axradio_curchannel      0x2000008f     0x1  Data  Gb  easyax5043.o [1]
axradio_curfreqoffset   0x200000c0     0x4  Data  Gb  easyax5043.o [1]
axradio_default_remoteaddr
                        0x200000c8     0x4  Data  Gb  easyax5043.o [1]
axradio_framing_ack_delay
                        0x20000040     0x4  Data  Gb  config_united.o [1]
axradio_framing_ack_retransmissions
                        0x2000001b     0x1  Data  Gb  config_united.o [1]
axradio_framing_ack_seqnrpos
                        0x2000001c     0x1  Data  Gb  config_united.o [1]
axradio_framing_ack_timeout
                        0x2000003c     0x4  Data  Gb  config_united.o [1]
axradio_framing_addrlen
                        0x20000011     0x1  Data  Gb  config_united.o [1]
axradio_framing_append_crc
                        0x08002331    0x62  Code  Gb  config_united.o [1]
axradio_framing_check_crc
                        0x080022f1    0x40  Code  Gb  config_united.o [1]
axradio_framing_destaddrpos
                        0x20000012     0x1  Data  Gb  config_united.o [1]
axradio_framing_enable_sfdcallback
                        0x2000001a     0x1  Data  Gb  config_united.o [1]
axradio_framing_lenmask
                        0x20000016     0x1  Data  Gb  config_united.o [1]
axradio_framing_lenoffs
                        0x20000015     0x1  Data  Gb  config_united.o [1]
axradio_framing_lenpos  0x20000014     0x1  Data  Gb  config_united.o [1]
axradio_framing_maclen  0x20000010     0x1  Data  Gb  config_united.o [1]
axradio_framing_minpayloadlen
                        0x2000001d     0x1  Data  Gb  config_united.o [1]
axradio_framing_sourceaddrpos
                        0x20000013     0x1  Data  Gb  config_united.o [1]
axradio_framing_swcrclen
                        0x20000017     0x1  Data  Gb  config_united.o [1]
axradio_framing_syncflags
                        0x20000019     0x1  Data  Gb  config_united.o [1]
axradio_framing_synclen
                        0x20000018     0x1  Data  Gb  config_united.o [1]
axradio_framing_syncword
                        0x20000020     0x4  Data  Gb  config_united.o [1]
axradio_get_pllvcoi     0x0800b635    0x4e  Code  Gb  easyax5043.o [1]
axradio_init            0x0800adbd   0x45c  Code  Gb  easyax5043.o [1]
axradio_killallcb       0x0800acd9    0x32  Code  Lc  easyax5043.o [1]
axradio_localaddr       0x20000084     0x8  Data  Gb  easyax5043.o [1]
axradio_mode            0x2000008c     0x1  Data  Gb  easyax5043.o [1]
axradio_phy_chanfreq    0x20000034     0x4  Data  Gb  config_united.o [1]
axradio_phy_channelbusy
                        0x20000008     0x1  Data  Gb  config_united.o [1]
axradio_phy_chanpllrng  0x2000302d     0x1  Data  Gb  config_united.o [1]
axradio_phy_chanpllrnginit
                        0x20000003     0x1  Data  Gb  config_united.o [1]
axradio_phy_chanvcoi    0x2000302e     0x1  Data  Gb  config_united.o [1]
axradio_phy_chanvcoiinit
                        0x20000004     0x1  Data  Gb  config_united.o [1]
axradio_phy_cs_enabled  0x20000009     0x1  Data  Gb  config_united.o [1]
axradio_phy_cs_period   0x20000024     0x2  Data  Gb  config_united.o [1]
axradio_phy_innerfreqloop
                        0x20000000     0x1  Data  Gb  config_united.o [1]
axradio_phy_lbt_forcetx
                        0x2000000b     0x1  Data  Gb  config_united.o [1]
axradio_phy_lbt_retries
                        0x2000000a     0x1  Data  Gb  config_united.o [1]
axradio_phy_maxfreqoffset
                        0x20000038     0x4  Data  Gb  config_united.o [1]
axradio_phy_nrchannels  0x20000002     0x1  Data  Gb  config_united.o [1]
axradio_phy_pn9         0x20000001     0x1  Data  Gb  config_united.o [1]
axradio_phy_preamble_appendbits
                        0x2000000e     0x1  Data  Gb  config_united.o [1]
axradio_phy_preamble_appendpattern
                        0x2000000f     0x1  Data  Gb  config_united.o [1]
axradio_phy_preamble_byte
                        0x2000000c     0x1  Data  Gb  config_united.o [1]
axradio_phy_preamble_flags
                        0x2000000d     0x1  Data  Gb  config_united.o [1]
axradio_phy_preamble_len
                        0x2000002c     0x2  Data  Gb  config_united.o [1]
axradio_phy_preamble_longlen
                        0x2000002a     0x2  Data  Gb  config_united.o [1]
axradio_phy_preamble_wor_len
                        0x20000028     0x2  Data  Gb  config_united.o [1]
axradio_phy_preamble_wor_longlen
                        0x20000026     0x2  Data  Gb  config_united.o [1]
axradio_phy_rssioffset  0x20000006     0x1  Data  Gb  config_united.o [1]
axradio_phy_rssireference
                        0x20000007     0x1  Data  Gb  config_united.o [1]
axradio_phy_vcocalib    0x20000005     0x1  Data  Gb  config_united.o [1]
axradio_receive_callback_fwd
                        0x0800a9a5   0x314  Code  Lc  easyax5043.o [1]
axradio_rxbuffer        0x20002b1c   0x104  Data  Gb  easyax5043.o [1]
axradio_set_channel     0x0800b58d    0xa0  Code  Gb  easyax5043.o [1]
axradio_set_local_address
                        0x0800b689    0x12  Code  Gb  easyax5043.o [1]
axradio_set_mode        0x0800b245   0x348  Code  Gb  easyax5043.o [1]
axradio_setaddrregs     0x0800a2f1    0xee  Code  Lc  easyax5043.o [1]
axradio_statuschange    0x08008201    0x3e  Code  Gb  rf.o [1]
axradio_sync_addtime    0x0800a41d     0xa  Code  Lc  easyax5043.o [1]
axradio_sync_period     0x20000044     0x4  Data  Gb  config_united.o [1]
axradio_sync_periodcorr
                        0x2000009a     0x2  Data  Gb  easyax5043.o [1]
axradio_sync_settimeradv
                        0x0800a429     0xa  Code  Lc  easyax5043.o [1]
axradio_sync_slave_initialsyncwindow
                        0x20000050     0x4  Data  Gb  config_united.o [1]
axradio_sync_slave_maxperiod
                        0x20000030     0x2  Data  Gb  config_united.o [1]
axradio_sync_slave_nextperiod
                        0x0800a43d    0x2a  Code  Lc  easyax5043.o [1]
axradio_sync_slave_nrrx
                        0x2000001f     0x1  Data  Gb  config_united.o [1]
axradio_sync_slave_resyncloss
                        0x2000001e     0x1  Data  Gb  config_united.o [1]
axradio_sync_slave_rxadvance
                        0x20000058     0xc  Data  Gb  config_united.o [1]
axradio_sync_slave_rxtimeout
                        0x20000070     0x4  Data  Gb  config_united.o [1]
axradio_sync_slave_rxwindow
                        0x20000064     0xc  Data  Gb  config_united.o [1]
axradio_sync_slave_syncpause
                        0x20000054     0x4  Data  Gb  config_united.o [1]
axradio_sync_slave_syncwindow
                        0x2000004c     0x4  Data  Gb  config_united.o [1]
axradio_sync_time       0x200000c4     0x4  Data  Gb  easyax5043.o [1]
axradio_sync_xoscstartup
                        0x20000048     0x4  Data  Gb  config_united.o [1]
axradio_syncstate       0x2000008e     0x1  Data  Gb  easyax5043.o [1]
axradio_timeanchor      0x200000a8     0x8  Data  Gb  easyax5043.o [1]
axradio_timer           0x2000009c     0xc  Data  Gb  easyax5043.o [1]
axradio_timer_callback  0x0800a4a9   0x4bc  Code  Lc  easyax5043.o [1]
axradio_transmit        0x0800b6c9   0x2ba  Code  Gb  easyax5043.o [1]
axradio_trxstate        0x2000008d     0x1  Data  Gb  easyax5043.o [1]
axradio_tunevoltage     0x0800ad19    0x60  Code  Lc  easyax5043.o [1]
axradio_txbuffer        0x20002a18   0x104  Data  Gb  easyax5043.o [1]
axradio_txbuffer_cnt    0x20000098     0x2  Data  Gb  easyax5043.o [1]
axradio_txbuffer_len    0x20000096     0x2  Data  Gb  easyax5043.o [1]
axradio_wait_for_xtal   0x0800a291    0x60  Code  Gb  easyax5043.o [1]
axradio_wait_for_xtal::retry
                        0x2000302f     0x1  Data  Lc  easyax5043.o [1]
axradio_wor_period      0x2000002e     0x2  Data  Gb  config_united.o [1]
bigendian_cpy           0x08004d09    0x1a  Code  Gb  nbfi_config.o [1]
button_events           0x2000302b     0x1  Data  Lc  waviotdvk.o [1]
button_state_change     0x2000302c     0x1  Data  Lc  waviotdvk.o [1]
checksignedlimit16      0x0800baff    0x1e  Code  Gb  chksgnlim16.o [1]
crc_crc32               0x08002c15    0x1c  Code  Gb  crc32b.o [1]
crc_crc32_byte          0x080030f9    0x14  Code  Gb  crc32.o [1]
crc_crc32_table         0x0800df1c   0x400  Data  Gb  crc32table.o [1]
crc_table               0x08007b1f    0x18  Code  Gb  nbfi_misc.o [1]
current_handler         0x200000ec     0x4  Data  Gb  gui.o [1]
current_rx_rate         0x20000232     0x1  Data  Gb  nbfi_config.o [1]
current_tx_rate         0x20000231     0x1  Data  Gb  nbfi_config.o [1]
delay_ms                0x08007bf9    0x14  Code  Gb  nbfi_misc.o [1]
dev_info                0x2000021c    0x14  Data  Gb  nbfi_config.o [1]
digital_update_crc32    0x08007b3d    0x24  Code  Gb  nbfi_misc.o [1]
div                     0x0800d4ed    0x20  Code  Gb  div.o [3]
dl_axradio_framing_syncword
                        0x0800e3e0     0x4  Data  Gb  config_united.o [1]
dl_axradio_sync_slave_rxadvance
                        0x0800e3e4     0xc  Data  Gb  config_united.o [1]
dl_axradio_sync_slave_rxwindow
                        0x0800e3f0     0xc  Data  Gb  config_united.o [1]
dl_drx_desc             0x200001e4     0xc  Data  Gb  nbfi.o [1]
dl_receive_desc         0x200001d8     0xc  Data  Gb  nbfi.o [1]
exit                    0x0800e627     0x8  Code  Gb  exit.o [3]
f30_saved               0x20000092     0x1  Data  Gb  easyax5043.o [1]
f31_saved               0x20000093     0x1  Data  Gb  easyax5043.o [1]
f32_saved               0x20000094     0x1  Data  Gb  easyax5043.o [1]
f33_saved               0x200000dc     0x1  Data  Gb  easyax5043.o [1]
fastdl_axradio_framing_syncword
                        0x0800e434     0x4  Data  Gb  config_united.o [1]
fastdl_axradio_sync_slave_rxadvance
                        0x0800e438     0xc  Data  Gb  config_united.o [1]
fastdl_axradio_sync_slave_rxwindow
                        0x0800e444     0xc  Data  Gb  config_united.o [1]
fastdladdress           0x20000284     0x4  Data  Gb  rf.o [1]
hlptim                  0x20002eb8    0x30  Data  Lc  radio.o [1]
hlptim1                 0x20002d78    0x30  Data  Gb  main.o [1]
hrtc                    0x20002f44    0x24  Data  Gb  main.o [1]
hspi                    0x20002e28    0x58  Data  Lc  radio.o [1]
hspi1                   0x20002d20    0x58  Data  Gb  main.o [1]
idle_pkt                0x20000214     0x8  Data  Gb  nbfi.o [1]
info_table              0x08005f48    0x18  Data  Gb  gui.o [1]
info_timer              0x2000019c     0x4  Data  Gb  nbfi.o [1]
init_mparams            0x08008791    0x2a  Code  Lc  dlmalloc.o [3]
init_top                0x080087bb    0x38  Code  Lc  dlmalloc.o [3]
label_cancel            0x08005bc0     0x8  Data  Gb  gui.o [1]
label_dec               0x08005e70     0x2  Data  Gb  gui.o [1]
label_edit              0x08005e78     0x8  Data  Gb  gui.o [1]
label_enter             0x08005f68     0x8  Data  Gb  gui.o [1]
label_inc               0x08005e74     0x2  Data  Gb  gui.o [1]
label_next              0x08005f60     0x8  Data  Gb  gui.o [1]
label_reflash           0x080063cc     0x8  Data  Gb  gui.o [1]
label_start             0x08005bb8     0x8  Data  Gb  gui.o [1]
last_pkt_crc            0x20003018     0x4  Data  Gb  nbfi_phy.o [1]
last_rx_pkt             0x200000e8     0x4  Data  Gb  gui.o [1]
last_rx_pkt_len         0x200000e0     0x1  Data  Gb  gui.o [1]
lcd_buffer              0x20002440   0x400  Data  Gb  stlcd.o [1]
local_key               0x2000028c    0x20  Data  Gb  XTEA.o [1]
localeconv              0x0800d4b7    0x18  Code  Gb  localeconv.o [3]
main                    0x0800319b    0xc0  Code  Gb  main.o [1]
main_table              0x08005758    0x18  Data  Gb  gui.o [1]
mparams                 0x20002fbc    0x18  Data  Lc  dlmalloc.o [3]
my_sprintf              0x080086dd    0x14  Code  Gb  vsprintf.o [1]
n                       0x08009f10   0x200  Data  Gb  zcode.o [1]
nbfi                    0x20002e80    0x34  Data  Gb  nbfi_config.o [1]
nbfi_RX_pktBuf          0x20002da8    0x80  Data  Gb  nbfi_misc.o [1]
nbfi_TX_pktBuf          0x20002c20   0x100  Data  Gb  nbfi_misc.o [1]
nbfi_TXbuf_head         0x20003042     0x1  Data  Gb  nbfi_misc.o [1]
nbfi_active_pkt         0x20000194     0x4  Data  Gb  nbfi.o [1]
nbfi_active_pkt_old_state
                        0x20000208     0x1  Data  Gb  nbfi.o [1]
nbfi_ax5043_pins        0x20003020     0x8  Data  Gb  rf.o [1]
nbfi_before_off         0x08002ec3     0x6  Code  Gb  radio.o [1]
nbfi_before_rx          0x08002ebd     0x6  Code  Gb  radio.o [1]
nbfi_before_tx          0x08002eb7     0x6  Code  Gb  radio.o [1]
nbfi_heartbeat_desc     0x200001fc     0xc  Data  Gb  nbfi.o [1]
nbfi_last_snr           0x20000209     0x1  Data  Gb  nbfi.o [1]
nbfi_phy_channel        0x2000027b     0x1  Data  Gb  rf.o [1]
nbfi_prev               0x20000244    0x34  Data  Gb  nbfi_config.o [1]
nbfi_processTask_desc   0x20003008     0xc  Data  Gb  nbfi.o [1]
nbfi_read_default_settings
                        0x08002ec9    0x12  Code  Gb  radio.o [1]
nbfi_read_flash_settings
                        0x08002edb     0xc  Code  Gb  radio.o [1]
nbfi_receive_complete   0x08002f1d     0x2  Code  Gb  radio.o [1]
nbfi_rtc                0x200001a4     0x4  Data  Gb  nbfi.o [1]
nbfi_set_default        0x080030b0    0x34  Data  Gb  radio.o [1]
nbfi_settings_changed   0x20000230     0x1  Data  Gb  nbfi_config.o [1]
nbfi_state              0x2000016c    0x20  Data  Gb  nbfi.o [1]
nbfi_station_info       0x20000238     0x4  Data  Gb  nbfi_config.o [1]
nbfi_write_flash_settings
                        0x08002eed    0x2c  Code  Gb  radio.o [1]
noise                   0x20000438     0x2  Data  Gb  nbfi.o [1]
noise_cntr              0x2000020a     0x1  Data  Gb  nbfi.o [1]
noise_min               0x20000212     0x2  Data  Gb  nbfi.o [1]
noise_min_cntr          0x2000020b     0x1  Data  Gb  nbfi.o [1]
noise_summ              0x20000210     0x2  Data  Gb  nbfi.o [1]
not_acked               0x20003041     0x1  Data  Gb  nbfi.o [1]
pFlash                  0x20002fa4    0x18  Data  Gb  stm32l0xx_hal_flash.o [1]
packet_tests_table      0x08005824    0x18  Data  Gb  gui.o [1]
pagemap                 0x080086a4    0x20  Data  Gb  stlcd.o [1]
pn9_advance_bits        0x0800bac7    0x1e  Code  Gb  pn9bits.o [1]
pn9_advance_byte        0x0800bae5    0x1a  Code  Gb  pn9byte.o [1]
pn9_buffer              0x0800bb1d    0x26  Code  Gb  pn9buf.o [1]
prepend_alloc           0x08008801   0x35e  Code  Lc  dlmalloc.o [3]
prev_rx_rate            0x20000234     0x1  Data  Gb  nbfi_config.o [1]
prev_tx_rate            0x20000233     0x1  Data  Gb  nbfi_config.o [1]
process_rx_external     0x2000020f     0x1  Data  Gb  nbfi.o [1]
protD_preambula         0x08007e24     0x4  Data  Gb  nbfi_phy.o [1]
psk5000_axradio_framing_syncword
                        0x0800e418     0x4  Data  Gb  config_united.o [1]
psk5000_axradio_sync_slave_rxadvance
                        0x0800e41c     0xc  Data  Gb  config_united.o [1]
psk5000_axradio_sync_slave_rxwindow
                        0x0800e428     0xc  Data  Gb  config_united.o [1]
psk500_axradio_framing_syncword
                        0x0800e3fc     0x4  Data  Gb  config_united.o [1]
psk500_axradio_sync_slave_rxadvance
                        0x0800e400     0xc  Data  Gb  config_united.o [1]
psk500_axradio_sync_slave_rxwindow
                        0x0800e40c     0xc  Data  Gb  config_united.o [1]
radio_read16            0x200000b0     0x4  Data  Gb  easyax5043.o [1]
radio_read24            0x200000b4     0x4  Data  Gb  easyax5043.o [1]
rand                    0x08008135    0xcc  Code  Gb  rand.o [3]
rf_busy                 0x20000278     0x1  Data  Gb  rf.o [1]
rf_destination          0x20000280     0x4  Data  Gb  rf.o [1]
rf_state                0x2000027a     0x1  Data  Gb  rf.o [1]
rx_complete             0x2000020e     0x1  Data  Gb  nbfi.o [1]
rx_freq                 0x20003034     0x4  Data  Gb  nbfi_phy.o [1]
rx_handler              0x20000198     0x4  Data  Gb  nbfi.o [1]
segment_holding         0x08008775    0x1c  Code  Lc  dlmalloc.o [3]
signedlimit16           0x0800bb43    0x20  Code  Gb  sgnlim16.o [1]
signextend24            0x0800bab5    0x12  Code  Gb  signext24.o [1]
srand                   0x0800850d    0x20  Code  Gb  srand.o [3]
strlen                  0x0800ce75    0x10  Code  Gb  strlen.o [5]
sys_alloc               0x08008b69   0x3e8  Code  Lc  dlmalloc.o [3]
textbuf                 0x200000f0    0x20  Data  Gb  gui.o [1]
tic_1sec                0x20003040     0x1  Data  Gb  main.o [1]
tmalloc_large           0x08008f5d   0x3ca  Code  Lc  dlmalloc.o [3]
tmalloc_small           0x0800932d   0x230  Code  Lc  dlmalloc.o [3]
transmit                0x20000279     0x1  Data  Gb  rf.o [1]
tx_freq                 0x2000301c     0x4  Data  Gb  nbfi_phy.o [1]
uart_mode               0x20003043     0x1  Data  Gb  slip.o [1]
unb_axradio_framing_syncword
                        0x0800e3c4     0x4  Data  Gb  config_united.o [1]
unb_axradio_sync_slave_rxadvance
                        0x0800e3c8     0xc  Data  Gb  config_united.o [1]
unb_axradio_sync_slave_rxwindow
                        0x0800e3d4     0xc  Data  Gb  config_united.o [1]
update_timeanchor       0x0800a115    0x1c  Code  Lc  easyax5043.o [1]
uwTick                  0x20003038     0x4  Data  Gb  stm32l0xx_hal.o [1]
vsnprintf               0x0800ba41    0x3c  Code  Gb  vsnprint.o [3]
wait_Extra              0x2000020c     0x1  Data  Gb  nbfi.o [1]
wait_Receive            0x2000018c     0x1  Data  Gb  nbfi.o [1]
wait_RxEnd              0x2000020d     0x1  Data  Gb  nbfi.o [1]
wait_for_extra_desc     0x200001f0     0xc  Data  Gb  nbfi.o [1]
wtimer0_addabsolute     0x0800736d     0xe  Code  Gb  wt0.o [1]
wtimer0_addcore         0x080036a7    0x1c  Code  Gb  wtimer.o [1]
wtimer0_addrelative     0x0800737b    0x16  Code  Gb  wt0.o [1]
wtimer0_curtime         0x080073a1    0x16  Code  Gb  wt0.o [1]
wtimer0_remove          0x080073c1    0x22  Code  Gb  wt0.o [1]
wtimer0_removecb_core   0x0800734d    0x20  Code  Gb  wt0.o [1]
wtimer0_schedq          0x0800364b    0x3e  Code  Gb  wtimer.o [1]
wtimer0_update          0x08003689    0x1e  Code  Gb  wtimer.o [1]
wtimer_add_callback     0x08008723    0x14  Code  Gb  wt01.o [1]
wtimer_addcb_core       0x08003637    0x14  Code  Gb  wtimer.o [1]
wtimer_cc0_irq          0x080035e5    0x12  Code  Gb  wtimer.o [1]
wtimer_cc_get           0x08002e81     0xa  Code  Gb  radio.o [1]
wtimer_cc_irq_disable   0x08002e6b     0xe  Code  Gb  radio.o [1]
wtimer_cc_irq_enable    0x08002e5d     0xe  Code  Gb  radio.o [1]
wtimer_cc_set           0x08002e79     0x8  Code  Gb  radio.o [1]
wtimer_check_cc_irq     0x08002eab     0xc  Code  Gb  radio.o [1]
wtimer_cnt_get          0x08002e8b    0x20  Code  Gb  radio.o [1]
wtimer_cnt_get::prev    0x20002eb4     0x2  Data  Lc  radio.o [1]
wtimer_doinit           0x080035f7    0x34  Code  Lc  wtimer.o [1]
wtimer_idle             0x08003765     0x4  Code  Gb  wtimer.o [1]
wtimer_init             0x0800362b     0x4  Code  Gb  wtimer.o [1]
wtimer_pending          0x20002fa0     0x4  Data  Gb  wtimer.o [1]
wtimer_reg_func         0x080035b1    0x34  Code  Gb  wtimer.o [1]
wtimer_remove           0x08008701    0x22  Code  Gb  wt01.o [1]
wtimer_remove_callback  0x08008737    0x18  Code  Gb  wt01.o [1]
wtimer_removecb_core    0x0800874f    0x20  Code  Gb  wt01.o [1]
wtimer_runcallbacks     0x080036c3    0x60  Code  Gb  wtimer.o [1]
wtimer_state            0x20002f88    0x18  Data  Gb  wtimer.o [1]
xtea_enabled            0x2000043b     0x1  Data  Lc  XTEA.o [1]
you_should_dl_power_step_down
                        0x20000236     0x1  Data  Gb  nbfi_config.o [1]
you_should_dl_power_step_up
                        0x20000235     0x1  Data  Gb  nbfi_config.o [1]


[1] = C:\Users\Sergey\Documents\IAR\DevKit\EWARM\DevKit-STM32-AX5043\Obj
[2] = command line
[3] = dl6M_tlf.a
[4] = m6M_tl.a
[5] = rt6M_tl.a
[6] = shb_l.a

  55 110 bytes of readonly  code memory
   4 085 bytes of readonly  data memory
  12 352 bytes of readwrite data memory

Errors: none
Warnings: none
